HX711.c:15:15:HX711_SCK_GET	8	static
HX711.c:19:6:HX711_SCK_SET	16	static
HX711.c:23:6:HX711_SCK_HIGH	8	static
HX711.c:27:6:HX711_SCK_LOW	8	static
HX711.c:31:15:HX711_DT_GET	8	static
HX711.c:35:6:HX711_WaitUntilDataReady	8	static
HX711.c:39:6:HX711_PerformGainPulse	16	static
HX711.c:59:6:HX711_ReadRawValue	16	static
HX711.c:78:6:HX711_Init	24	static
HX711.c:92:6:HX711_PowerDown	8	static
HX711.c:97:6:HX711_PowerUp	8	static
HX711.c:104:9:HX711_IsPoweredUp	8	static
HX711.c:108:6:HX711_SetGainLevel	16	static
HX711.c:114:6:HX711_Calibrate	24	static
HX711.c:119:8:HX711_ReadValue	8	static
HX711.c:123:8:HX711_ReadAverageValue	40	static
