TM1638.c:144:6:TM1638_STB_SET	16	static
TM1638.c:148:6:TM1638_STB_HIGH	8	static
TM1638.c:152:6:TM1638_STB_LOW	8	static
TM1638.c:156:6:TM1638_CLK_SET	16	static
TM1638.c:160:6:TM1638_CLK_HIGH	8	static
TM1638.c:164:6:TM1638_CLK_LOW	8	static
TM1638.c:168:6:TM1638_DIO_SET	16	static
TM1638.c:172:6:TM1638_DIO_HIGH	8	static
TM1638.c:176:6:TM1638_DIO_LOW	8	static
TM1638.c:180:6:TM1638_SEND_BYTE	24	static
TM1638.c:192:9:TM1638_GetDisplayConfigCommand	16	static
TM1638.c:233:9:TM1638_GetDigitHexAt	24	static
TM1638.c:259:9:TM1638_GetLedHexAt	16	static
TM1638.c:266:6:TM1638_SendDisplayCommand	16	static
TM1638.c:275:6:TM1638_SendDataCommand	16	static
TM1638.c:307:6:TM1638_UpdateDisplay	16	static
TM1638.c:331:6:TM1638_Init	32	static
TM1638.c:370:6:TM1638_SetDisplayBrightness	16	static
TM1638.c:375:6:TM1638_SetDisplayState	16	static
TM1638.c:380:6:TM1638_SetNumberToDisplay	16	static
TM1638.c:385:6:TM1638_SetLedStatus	16	static
TM1638.c:392:6:TM1638_ToggleLedStatus	16	static
