12:41:50 **** Build of configuration Debug for project app ****
make -j4 all 
arm-none-eabi-gcc "../Drivers/STM32F1xx_HAL_Driver/Src/stm32f1xx_hal.c" -mcpu=cortex-m3 -std=gnu11 -g3 -DDEBUG -DUSE_HAL_DRIVER -DSTM32F103xB -c -I../Core/Inc -I../Drivers/STM32F1xx_HAL_Driver/Inc -I../Drivers/STM32F1xx_HAL_Driver/Inc/Legacy -I../Drivers/CMSIS/Device/ST/STM32F1xx/Include -I../Drivers/CMSIS/Include -O0 -ffunction-sections -fdata-sections -Wall -fstack-usage -MMD -MP -MF"Drivers/STM32F1xx_HAL_Driver/Src/stm32f1xx_hal.d" -MT"Drivers/STM32F1xx_HAL_Driver/Src/stm32f1xx_hal.o" --specs=nano.specs -mfloat-abi=soft -mthumb -o "Drivers/STM32F1xx_HAL_Driver/Src/stm32f1xx_hal.o"
arm-none-eabi-gcc "../Drivers/STM32F1xx_HAL_Driver/Src/stm32f1xx_hal_cortex.c" -mcpu=cortex-m3 -std=gnu11 -g3 -DDEBUG -DUSE_HAL_DRIVER -DSTM32F103xB -c -I../Core/Inc -I../Drivers/STM32F1xx_HAL_Driver/Inc -I../Drivers/STM32F1xx_HAL_Driver/Inc/Legacy -I../Drivers/CMSIS/Device/ST/STM32F1xx/Include -I../Drivers/CMSIS/Include -O0 -ffunction-sections -fdata-sections -Wall -fstack-usage -MMD -MP -MF"Drivers/STM32F1xx_HAL_Driver/Src/stm32f1xx_hal_cortex.d" -MT"Drivers/STM32F1xx_HAL_Driver/Src/stm32f1xx_hal_cortex.o" --specs=nano.specs -mfloat-abi=soft -mthumb -o "Drivers/STM32F1xx_HAL_Driver/Src/stm32f1xx_hal_cortex.o"
arm-none-eabi-gcc "../Drivers/STM32F1xx_HAL_Driver/Src/stm32f1xx_hal_dma.c" -mcpu=cortex-m3 -std=gnu11 -g3 -DDEBUG -DUSE_HAL_DRIVER -DSTM32F103xB -c -I../Core/Inc -I../Drivers/STM32F1xx_HAL_Driver/Inc -I../Drivers/STM32F1xx_HAL_Driver/Inc/Legacy -I../Drivers/CMSIS/Device/ST/STM32F1xx/Include -I../Drivers/CMSIS/Include -O0 -ffunction-sections -fdata-sections -Wall -fstack-usage -MMD -MP -MF"Drivers/STM32F1xx_HAL_Driver/Src/stm32f1xx_hal_dma.d" -MT"Drivers/STM32F1xx_HAL_Driver/Src/stm32f1xx_hal_dma.o" --specs=nano.specs -mfloat-abi=soft -mthumb -o "Drivers/STM32F1xx_HAL_Driver/Src/stm32f1xx_hal_dma.o"
arm-none-eabi-gcc "../Drivers/STM32F1xx_HAL_Driver/Src/stm32f1xx_hal_exti.c" -mcpu=cortex-m3 -std=gnu11 -g3 -DDEBUG -DUSE_HAL_DRIVER -DSTM32F103xB -c -I../Core/Inc -I../Drivers/STM32F1xx_HAL_Driver/Inc -I../Drivers/STM32F1xx_HAL_Driver/Inc/Legacy -I../Drivers/CMSIS/Device/ST/STM32F1xx/Include -I../Drivers/CMSIS/Include -O0 -ffunction-sections -fdata-sections -Wall -fstack-usage -MMD -MP -MF"Drivers/STM32F1xx_HAL_Driver/Src/stm32f1xx_hal_exti.d" -MT"Drivers/STM32F1xx_HAL_Driver/Src/stm32f1xx_hal_exti.o" --specs=nano.specs -mfloat-abi=soft -mthumb -o "Drivers/STM32F1xx_HAL_Driver/Src/stm32f1xx_hal_exti.o"
arm-none-eabi-gcc "../Drivers/STM32F1xx_HAL_Driver/Src/stm32f1xx_hal_flash.c" -mcpu=cortex-m3 -std=gnu11 -g3 -DDEBUG -DUSE_HAL_DRIVER -DSTM32F103xB -c -I../Core/Inc -I../Drivers/STM32F1xx_HAL_Driver/Inc -I../Drivers/STM32F1xx_HAL_Driver/Inc/Legacy -I../Drivers/CMSIS/Device/ST/STM32F1xx/Include -I../Drivers/CMSIS/Include -O0 -ffunction-sections -fdata-sections -Wall -fstack-usage -MMD -MP -MF"Drivers/STM32F1xx_HAL_Driver/Src/stm32f1xx_hal_flash.d" -MT"Drivers/STM32F1xx_HAL_Driver/Src/stm32f1xx_hal_flash.o" --specs=nano.specs -mfloat-abi=soft -mthumb -o "Drivers/STM32F1xx_HAL_Driver/Src/stm32f1xx_hal_flash.o"
arm-none-eabi-gcc "../Drivers/STM32F1xx_HAL_Driver/Src/stm32f1xx_hal_flash_ex.c" -mcpu=cortex-m3 -std=gnu11 -g3 -DDEBUG -DUSE_HAL_DRIVER -DSTM32F103xB -c -I../Core/Inc -I../Drivers/STM32F1xx_HAL_Driver/Inc -I../Drivers/STM32F1xx_HAL_Driver/Inc/Legacy -I../Drivers/CMSIS/Device/ST/STM32F1xx/Include -I../Drivers/CMSIS/Include -O0 -ffunction-sections -fdata-sections -Wall -fstack-usage -MMD -MP -MF"Drivers/STM32F1xx_HAL_Driver/Src/stm32f1xx_hal_flash_ex.d" -MT"Drivers/STM32F1xx_HAL_Driver/Src/stm32f1xx_hal_flash_ex.o" --specs=nano.specs -mfloat-abi=soft -mthumb -o "Drivers/STM32F1xx_HAL_Driver/Src/stm32f1xx_hal_flash_ex.o"
arm-none-eabi-gcc "../Drivers/STM32F1xx_HAL_Driver/Src/stm32f1xx_hal_gpio.c" -mcpu=cortex-m3 -std=gnu11 -g3 -DDEBUG -DUSE_HAL_DRIVER -DSTM32F103xB -c -I../Core/Inc -I../Drivers/STM32F1xx_HAL_Driver/Inc -I../Drivers/STM32F1xx_HAL_Driver/Inc/Legacy -I../Drivers/CMSIS/Device/ST/STM32F1xx/Include -I../Drivers/CMSIS/Include -O0 -ffunction-sections -fdata-sections -Wall -fstack-usage -MMD -MP -MF"Drivers/STM32F1xx_HAL_Driver/Src/stm32f1xx_hal_gpio.d" -MT"Drivers/STM32F1xx_HAL_Driver/Src/stm32f1xx_hal_gpio.o" --specs=nano.specs -mfloat-abi=soft -mthumb -o "Drivers/STM32F1xx_HAL_Driver/Src/stm32f1xx_hal_gpio.o"
arm-none-eabi-gcc "../Drivers/STM32F1xx_HAL_Driver/Src/stm32f1xx_hal_gpio_ex.c" -mcpu=cortex-m3 -std=gnu11 -g3 -DDEBUG -DUSE_HAL_DRIVER -DSTM32F103xB -c -I../Core/Inc -I../Drivers/STM32F1xx_HAL_Driver/Inc -I../Drivers/STM32F1xx_HAL_Driver/Inc/Legacy -I../Drivers/CMSIS/Device/ST/STM32F1xx/Include -I../Drivers/CMSIS/Include -O0 -ffunction-sections -fdata-sections -Wall -fstack-usage -MMD -MP -MF"Drivers/STM32F1xx_HAL_Driver/Src/stm32f1xx_hal_gpio_ex.d" -MT"Drivers/STM32F1xx_HAL_Driver/Src/stm32f1xx_hal_gpio_ex.o" --specs=nano.specs -mfloat-abi=soft -mthumb -o "Drivers/STM32F1xx_HAL_Driver/Src/stm32f1xx_hal_gpio_ex.o"
arm-none-eabi-gcc "../Drivers/STM32F1xx_HAL_Driver/Src/stm32f1xx_hal_pwr.c" -mcpu=cortex-m3 -std=gnu11 -g3 -DDEBUG -DUSE_HAL_DRIVER -DSTM32F103xB -c -I../Core/Inc -I../Drivers/STM32F1xx_HAL_Driver/Inc -I../Drivers/STM32F1xx_HAL_Driver/Inc/Legacy -I../Drivers/CMSIS/Device/ST/STM32F1xx/Include -I../Drivers/CMSIS/Include -O0 -ffunction-sections -fdata-sections -Wall -fstack-usage -MMD -MP -MF"Drivers/STM32F1xx_HAL_Driver/Src/stm32f1xx_hal_pwr.d" -MT"Drivers/STM32F1xx_HAL_Driver/Src/stm32f1xx_hal_pwr.o" --specs=nano.specs -mfloat-abi=soft -mthumb -o "Drivers/STM32F1xx_HAL_Driver/Src/stm32f1xx_hal_pwr.o"
arm-none-eabi-gcc "../Drivers/STM32F1xx_HAL_Driver/Src/stm32f1xx_hal_rcc.c" -mcpu=cortex-m3 -std=gnu11 -g3 -DDEBUG -DUSE_HAL_DRIVER -DSTM32F103xB -c -I../Core/Inc -I../Drivers/STM32F1xx_HAL_Driver/Inc -I../Drivers/STM32F1xx_HAL_Driver/Inc/Legacy -I../Drivers/CMSIS/Device/ST/STM32F1xx/Include -I../Drivers/CMSIS/Include -O0 -ffunction-sections -fdata-sections -Wall -fstack-usage -MMD -MP -MF"Drivers/STM32F1xx_HAL_Driver/Src/stm32f1xx_hal_rcc.d" -MT"Drivers/STM32F1xx_HAL_Driver/Src/stm32f1xx_hal_rcc.o" --specs=nano.specs -mfloat-abi=soft -mthumb -o "Drivers/STM32F1xx_HAL_Driver/Src/stm32f1xx_hal_rcc.o"
arm-none-eabi-gcc "../Drivers/STM32F1xx_HAL_Driver/Src/stm32f1xx_hal_rcc_ex.c" -mcpu=cortex-m3 -std=gnu11 -g3 -DDEBUG -DUSE_HAL_DRIVER -DSTM32F103xB -c -I../Core/Inc -I../Drivers/STM32F1xx_HAL_Driver/Inc -I../Drivers/STM32F1xx_HAL_Driver/Inc/Legacy -I../Drivers/CMSIS/Device/ST/STM32F1xx/Include -I../Drivers/CMSIS/Include -O0 -ffunction-sections -fdata-sections -Wall -fstack-usage -MMD -MP -MF"Drivers/STM32F1xx_HAL_Driver/Src/stm32f1xx_hal_rcc_ex.d" -MT"Drivers/STM32F1xx_HAL_Driver/Src/stm32f1xx_hal_rcc_ex.o" --specs=nano.specs -mfloat-abi=soft -mthumb -o "Drivers/STM32F1xx_HAL_Driver/Src/stm32f1xx_hal_rcc_ex.o"
arm-none-eabi-gcc "../Drivers/STM32F1xx_HAL_Driver/Src/stm32f1xx_hal_tim.c" -mcpu=cortex-m3 -std=gnu11 -g3 -DDEBUG -DUSE_HAL_DRIVER -DSTM32F103xB -c -I../Core/Inc -I../Drivers/STM32F1xx_HAL_Driver/Inc -I../Drivers/STM32F1xx_HAL_Driver/Inc/Legacy -I../Drivers/CMSIS/Device/ST/STM32F1xx/Include -I../Drivers/CMSIS/Include -O0 -ffunction-sections -fdata-sections -Wall -fstack-usage -MMD -MP -MF"Drivers/STM32F1xx_HAL_Driver/Src/stm32f1xx_hal_tim.d" -MT"Drivers/STM32F1xx_HAL_Driver/Src/stm32f1xx_hal_tim.o" --specs=nano.specs -mfloat-abi=soft -mthumb -o "Drivers/STM32F1xx_HAL_Driver/Src/stm32f1xx_hal_tim.o"
arm-none-eabi-gcc "../Drivers/STM32F1xx_HAL_Driver/Src/stm32f1xx_hal_tim_ex.c" -mcpu=cortex-m3 -std=gnu11 -g3 -DDEBUG -DUSE_HAL_DRIVER -DSTM32F103xB -c -I../Core/Inc -I../Drivers/STM32F1xx_HAL_Driver/Inc -I../Drivers/STM32F1xx_HAL_Driver/Inc/Legacy -I../Drivers/CMSIS/Device/ST/STM32F1xx/Include -I../Drivers/CMSIS/Include -O0 -ffunction-sections -fdata-sections -Wall -fstack-usage -MMD -MP -MF"Drivers/STM32F1xx_HAL_Driver/Src/stm32f1xx_hal_tim_ex.d" -MT"Drivers/STM32F1xx_HAL_Driver/Src/stm32f1xx_hal_tim_ex.o" --specs=nano.specs -mfloat-abi=soft -mthumb -o "Drivers/STM32F1xx_HAL_Driver/Src/stm32f1xx_hal_tim_ex.o"
arm-none-eabi-gcc "../Drivers/STM32F1xx_HAL_Driver/Src/stm32f1xx_hal_uart.c" -mcpu=cortex-m3 -std=gnu11 -g3 -DDEBUG -DUSE_HAL_DRIVER -DSTM32F103xB -c -I../Core/Inc -I../Drivers/STM32F1xx_HAL_Driver/Inc -I../Drivers/STM32F1xx_HAL_Driver/Inc/Legacy -I../Drivers/CMSIS/Device/ST/STM32F1xx/Include -I../Drivers/CMSIS/Include -O0 -ffunction-sections -fdata-sections -Wall -fstack-usage -MMD -MP -MF"Drivers/STM32F1xx_HAL_Driver/Src/stm32f1xx_hal_uart.d" -MT"Drivers/STM32F1xx_HAL_Driver/Src/stm32f1xx_hal_uart.o" --specs=nano.specs -mfloat-abi=soft -mthumb -o "Drivers/STM32F1xx_HAL_Driver/Src/stm32f1xx_hal_uart.o"
arm-none-eabi-gcc -mcpu=cortex-m3 -g3 -DDEBUG -c -x assembler-with-cpp -MMD -MP -MF"Core/Startup/startup_stm32f103rbtx.d" -MT"Core/Startup/startup_stm32f103rbtx.o" --specs=nano.specs -mfloat-abi=soft -mthumb -o "Core/Startup/startup_stm32f103rbtx.o" "../Core/Startup/startup_stm32f103rbtx.s"
arm-none-eabi-gcc "../Core/Src/hx711.c" -mcpu=cortex-m3 -std=gnu11 -g3 -DDEBUG -DUSE_HAL_DRIVER -DSTM32F103xB -c -I../Core/Inc -I../Drivers/STM32F1xx_HAL_Driver/Inc -I../Drivers/STM32F1xx_HAL_Driver/Inc/Legacy -I../Drivers/CMSIS/Device/ST/STM32F1xx/Include -I../Drivers/CMSIS/Include -O0 -ffunction-sections -fdata-sections -Wall -fstack-usage -MMD -MP -MF"Core/Src/hx711.d" -MT"Core/Src/hx711.o" --specs=nano.specs -mfloat-abi=soft -mthumb -o "Core/Src/hx711.o"
arm-none-eabi-gcc "../Core/Src/main.c" -mcpu=cortex-m3 -std=gnu11 -g3 -DDEBUG -DUSE_HAL_DRIVER -DSTM32F103xB -c -I../Core/Inc -I../Drivers/STM32F1xx_HAL_Driver/Inc -I../Drivers/STM32F1xx_HAL_Driver/Inc/Legacy -I../Drivers/CMSIS/Device/ST/STM32F1xx/Include -I../Drivers/CMSIS/Include -O0 -ffunction-sections -fdata-sections -Wall -fstack-usage -MMD -MP -MF"Core/Src/main.d" -MT"Core/Src/main.o" --specs=nano.specs -mfloat-abi=soft -mthumb -o "Core/Src/main.o"
../Core/Src/hx711.c: In function 'hx711_delay_us':
../Core/Src/hx711.c:17:5: warning: implicit declaration of function '__nop' [-Wimplicit-function-declaration]
   17 |     __nop(); __nop(); __nop(); __nop();
      |     ^~~~~
../Core/Src/main.c: In function 'main':
../Core/Src/main.c:70:8: warning: variable 'weight' set but not used [-Wunused-but-set-variable]
   70 |  float weight;
      |        ^~~~~~
arm-none-eabi-gcc "../Core/Src/stm32f1xx_hal_msp.c" -mcpu=cortex-m3 -std=gnu11 -g3 -DDEBUG -DUSE_HAL_DRIVER -DSTM32F103xB -c -I../Core/Inc -I../Drivers/STM32F1xx_HAL_Driver/Inc -I../Drivers/STM32F1xx_HAL_Driver/Inc/Legacy -I../Drivers/CMSIS/Device/ST/STM32F1xx/Include -I../Drivers/CMSIS/Include -O0 -ffunction-sections -fdata-sections -Wall -fstack-usage -MMD -MP -MF"Core/Src/stm32f1xx_hal_msp.d" -MT"Core/Src/stm32f1xx_hal_msp.o" --specs=nano.specs -mfloat-abi=soft -mthumb -o "Core/Src/stm32f1xx_hal_msp.o"
arm-none-eabi-gcc "../Core/Src/stm32f1xx_it.c" -mcpu=cortex-m3 -std=gnu11 -g3 -DDEBUG -DUSE_HAL_DRIVER -DSTM32F103xB -c -I../Core/Inc -I../Drivers/STM32F1xx_HAL_Driver/Inc -I../Drivers/STM32F1xx_HAL_Driver/Inc/Legacy -I../Drivers/CMSIS/Device/ST/STM32F1xx/Include -I../Drivers/CMSIS/Include -O0 -ffunction-sections -fdata-sections -Wall -fstack-usage -MMD -MP -MF"Core/Src/stm32f1xx_it.d" -MT"Core/Src/stm32f1xx_it.o" --specs=nano.specs -mfloat-abi=soft -mthumb -o "Core/Src/stm32f1xx_it.o"
arm-none-eabi-gcc "../Core/Src/syscalls.c" -mcpu=cortex-m3 -std=gnu11 -g3 -DDEBUG -DUSE_HAL_DRIVER -DSTM32F103xB -c -I../Core/Inc -I../Drivers/STM32F1xx_HAL_Driver/Inc -I../Drivers/STM32F1xx_HAL_Driver/Inc/Legacy -I../Drivers/CMSIS/Device/ST/STM32F1xx/Include -I../Drivers/CMSIS/Include -O0 -ffunction-sections -fdata-sections -Wall -fstack-usage -MMD -MP -MF"Core/Src/syscalls.d" -MT"Core/Src/syscalls.o" --specs=nano.specs -mfloat-abi=soft -mthumb -o "Core/Src/syscalls.o"
arm-none-eabi-gcc "../Core/Src/sysmem.c" -mcpu=cortex-m3 -std=gnu11 -g3 -DDEBUG -DUSE_HAL_DRIVER -DSTM32F103xB -c -I../Core/Inc -I../Drivers/STM32F1xx_HAL_Driver/Inc -I../Drivers/STM32F1xx_HAL_Driver/Inc/Legacy -I../Drivers/CMSIS/Device/ST/STM32F1xx/Include -I../Drivers/CMSIS/Include -O0 -ffunction-sections -fdata-sections -Wall -fstack-usage -MMD -MP -MF"Core/Src/sysmem.d" -MT"Core/Src/sysmem.o" --specs=nano.specs -mfloat-abi=soft -mthumb -o "Core/Src/sysmem.o"
arm-none-eabi-gcc "../Core/Src/system_stm32f1xx.c" -mcpu=cortex-m3 -std=gnu11 -g3 -DDEBUG -DUSE_HAL_DRIVER -DSTM32F103xB -c -I../Core/Inc -I../Drivers/STM32F1xx_HAL_Driver/Inc -I../Drivers/STM32F1xx_HAL_Driver/Inc/Legacy -I../Drivers/CMSIS/Device/ST/STM32F1xx/Include -I../Drivers/CMSIS/Include -O0 -ffunction-sections -fdata-sections -Wall -fstack-usage -MMD -MP -MF"Core/Src/system_stm32f1xx.d" -MT"Core/Src/system_stm32f1xx.o" --specs=nano.specs -mfloat-abi=soft -mthumb -o "Core/Src/system_stm32f1xx.o"
arm-none-eabi-gcc -o "app.elf" @"objects.list"   -mcpu=cortex-m3 -T"C:\DATA\ME\beagyazott\git\app\STM32F103RBTX_FLASH.ld" --specs=nosys.specs -Wl,-Map="app.map" -Wl,--gc-sections -static --specs=nano.specs -mfloat-abi=soft -mthumb -Wl,--start-group -lc -lm -Wl,--end-group
c:\programs\stm32cubeide\stm32cubeide\plugins\com.st.stm32cube.ide.mcu.externaltools.gnu-tools-for-stm32.9-2020-q2-update.win32_2.0.0.202105311346\tools\arm-none-eabi\bin\ld.exe: ./Core/Src/hx711.o: in function `hx711_delay_us':
C:/DATA/ME/beagyazott/git/app/Debug/../Core/Src/hx711.c:17: undefined reference to `__nop'
c:\programs\stm32cubeide\stm32cubeide\plugins\com.st.stm32cube.ide.mcu.externaltools.gnu-tools-for-stm32.9-2020-q2-update.win32_2.0.0.202105311346\tools\arm-none-eabi\bin\ld.exe: C:/DATA/ME/beagyazott/git/app/Debug/../Core/Src/hx711.c:17: undefined reference to `__nop'
c:\programs\stm32cubeide\stm32cubeide\plugins\com.st.stm32cube.ide.mcu.externaltools.gnu-tools-for-stm32.9-2020-q2-update.win32_2.0.0.202105311346\tools\arm-none-eabi\bin\ld.exe: C:/DATA/ME/beagyazott/git/app/Debug/../Core/Src/hx711.c:17: undefined reference to `__nop'
c:\programs\stm32cubeide\stm32cubeide\plugins\com.st.stm32cube.ide.mcu.externaltools.gnu-tools-for-stm32.9-2020-q2-update.win32_2.0.0.202105311346\tools\arm-none-eabi\bin\ld.exe: C:/DATA/ME/beagyazott/git/app/Debug/../Core/Src/hx711.c:17: undefined reference to `__nop'
collect2.exe: error: ld returned 1 exit status
make: *** [makefile:65: app.elf] Error 1
"make -j4 all" terminated with exit code 2. Build might be incomplete.
13:01:05 **** Incremental Build of configuration Debug for project app ****
make -j4 all 
arm-none-eabi-gcc "../Core/Src/hx711.c" -mcpu=cortex-m3 -std=gnu11 -g3 -DDEBUG -DUSE_HAL_DRIVER -DSTM32F103xB -c -I../Core/Inc -I../Drivers/STM32F1xx_HAL_Driver/Inc -I../Drivers/STM32F1xx_HAL_Driver/Inc/Legacy -I../Drivers/CMSIS/Device/ST/STM32F1xx/Include -I../Drivers/CMSIS/Include -O0 -ffunction-sections -fdata-sections -Wall -fstack-usage -MMD -MP -MF"Core/Src/hx711.d" -MT"Core/Src/hx711.o" --specs=nano.specs -mfloat-abi=soft -mthumb -o "Core/Src/hx711.o"
arm-none-eabi-gcc -o "app.elf" @"objects.list"   -mcpu=cortex-m3 -T"C:\DATA\ME\beagyazott\git\app\STM32F103RBTX_FLASH.ld" --specs=nosys.specs -Wl,-Map="app.map" -Wl,--gc-sections -static --specs=nano.specs -mfloat-abi=soft -mthumb -Wl,--start-group -lc -lm -Wl,--end-group
Finished building target: app.elf
 
arm-none-eabi-size   app.elf 
arm-none-eabi-objdump -h -S  app.elf  > "app.list"
arm-none-eabi-objcopy  -O binary  app.elf  "app.bin"
   text	   data	    bss	    dec	    hex	filename
   8688	     20	   1636	  10344	   2868	app.elf
Finished building: default.size.stdout
 
Finished building: app.bin
 
Finished building: app.list
 
13:03:45 **** Incremental Build of configuration Debug for project app ****
make -j4 all 
arm-none-eabi-size   app.elf 
   text	   data	    bss	    dec	    hex	filename
   8688	     20	   1636	  10344	   2868	app.elf
Finished building: default.size.stdout
 
13:04:04 **** Incremental Build of configuration Debug for project app ****
make -j4 all 
arm-none-eabi-size   app.elf 
   text	   data	    bss	    dec	    hex	filename
   8688	     20	   1636	  10344	   2868	app.elf
Finished building: default.size.stdout
 
13:04:38 **** Incremental Build of configuration Debug for project app ****
make -j4 all 
arm-none-eabi-size   app.elf 
   text	   data	    bss	    dec	    hex	filename
   8688	     20	   1636	  10344	   2868	app.elf
Finished building: default.size.stdout
 
13:08:15 **** Incremental Build of configuration Debug for project app ****
make -j4 all 
arm-none-eabi-size   app.elf 
   text	   data	    bss	    dec	    hex	filename
   8688	     20	   1636	  10344	   2868	app.elf
Finished building: default.size.stdout
 
13:17:42 **** Incremental Build of configuration Debug for project app ****
make -j4 all 
arm-none-eabi-size   app.elf 
   text	   data	    bss	    dec	    hex	filename
   8688	     20	   1636	  10344	   2868	app.elf
Finished building: default.size.stdout
 
13:22:34 **** Incremental Build of configuration Debug for project app ****
make -j4 all 
arm-none-eabi-gcc "../Core/Src/main.c" -mcpu=cortex-m3 -std=gnu11 -g3 -DDEBUG -DUSE_HAL_DRIVER -DSTM32F103xB -c -I../Core/Inc -I../Drivers/STM32F1xx_HAL_Driver/Inc -I../Drivers/STM32F1xx_HAL_Driver/Inc/Legacy -I../Drivers/CMSIS/Device/ST/STM32F1xx/Include -I../Drivers/CMSIS/Include -O0 -ffunction-sections -fdata-sections -Wall -fstack-usage -MMD -MP -MF"Core/Src/main.d" -MT"Core/Src/main.o" --specs=nano.specs -mfloat-abi=soft -mthumb -o "Core/Src/main.o"
../Core/Src/main.c: In function 'main':
../Core/Src/main.c:70:8: warning: variable 'weight' set but not used [-Wunused-but-set-variable]
   70 |  float weight;
      |        ^~~~~~
arm-none-eabi-gcc -o "app.elf" @"objects.list"   -mcpu=cortex-m3 -T"C:\DATA\ME\beagyazott\git\app\STM32F103RBTX_FLASH.ld" --specs=nosys.specs -Wl,-Map="app.map" -Wl,--gc-sections -static --specs=nano.specs -mfloat-abi=soft -mthumb -Wl,--start-group -lc -lm -Wl,--end-group
Finished building target: app.elf
 
arm-none-eabi-size   app.elf 
arm-none-eabi-objdump -h -S  app.elf  > "app.list"
arm-none-eabi-objcopy  -O binary  app.elf  "app.bin"
   text	   data	    bss	    dec	    hex	filename
   8688	     20	   1636	  10344	   2868	app.elf
Finished building: default.size.stdout
 
Finished building: app.bin
Finished building: app.list
 
 
13:23:51 **** Incremental Build of configuration Debug for project app ****
make -j4 all 
arm-none-eabi-size   app.elf 
   text	   data	    bss	    dec	    hex	filename
   8688	     20	   1636	  10344	   2868	app.elf
Finished building: default.size.stdout
 
13:24:51 **** Incremental Build of configuration Debug for project app ****
make -j4 all 
arm-none-eabi-size   app.elf 
   text	   data	    bss	    dec	    hex	filename
   8688	     20	   1636	  10344	   2868	app.elf
Finished building: default.size.stdout
 
13:25:16 **** Incremental Build of configuration Debug for project app ****
make -j4 all 
arm-none-eabi-size   app.elf 
   text	   data	    bss	    dec	    hex	filename
   8688	     20	   1636	  10344	   2868	app.elf
Finished building: default.size.stdout
 
13:29:02 **** Incremental Build of configuration Debug for project app ****
make -j4 all 
arm-none-eabi-gcc "../Core/Src/hx711.c" -mcpu=cortex-m3 -std=gnu11 -g3 -DDEBUG -DUSE_HAL_DRIVER -DSTM32F103xB -c -I../Core/Inc -I../Drivers/STM32F1xx_HAL_Driver/Inc -I../Drivers/STM32F1xx_HAL_Driver/Inc/Legacy -I../Drivers/CMSIS/Device/ST/STM32F1xx/Include -I../Drivers/CMSIS/Include -O0 -ffunction-sections -fdata-sections -Wall -fstack-usage -MMD -MP -MF"Core/Src/hx711.d" -MT"Core/Src/hx711.o" --specs=nano.specs -mfloat-abi=soft -mthumb -o "Core/Src/hx711.o"
../Core/Src/hx711.c: In function 'hx711_init':
../Core/Src/hx711.c:34:3: error: too few arguments to function 'hx711_unlock'
   34 |   hx711_unlock();
      |   ^~~~~~~~~~~~
../Core/Src/hx711.c:27:6: note: declared here
   27 | void hx711_unlock(hx711_t *hx711)
      |      ^~~~~~~~~~~~
make: *** [Core/Src/subdir.mk:37: Core/Src/hx711.o] Error 1
"make -j4 all" terminated with exit code 2. Build might be incomplete.
13:29:20 **** Incremental Build of configuration Debug for project app ****
make -j4 all 
arm-none-eabi-gcc "../Core/Src/hx711.c" -mcpu=cortex-m3 -std=gnu11 -g3 -DDEBUG -DUSE_HAL_DRIVER -DSTM32F103xB -c -I../Core/Inc -I../Drivers/STM32F1xx_HAL_Driver/Inc -I../Drivers/STM32F1xx_HAL_Driver/Inc/Legacy -I../Drivers/CMSIS/Device/ST/STM32F1xx/Include -I../Drivers/CMSIS/Include -O0 -ffunction-sections -fdata-sections -Wall -fstack-usage -MMD -MP -MF"Core/Src/hx711.d" -MT"Core/Src/hx711.o" --specs=nano.specs -mfloat-abi=soft -mthumb -o "Core/Src/hx711.o"
arm-none-eabi-gcc -o "app.elf" @"objects.list"   -mcpu=cortex-m3 -T"C:\DATA\ME\beagyazott\git\app\STM32F103RBTX_FLASH.ld" --specs=nosys.specs -Wl,-Map="app.map" -Wl,--gc-sections -static --specs=nano.specs -mfloat-abi=soft -mthumb -Wl,--start-group -lc -lm -Wl,--end-group
Finished building target: app.elf
 
arm-none-eabi-size   app.elf 
arm-none-eabi-objdump -h -S  app.elf  > "app.list"
arm-none-eabi-objcopy  -O binary  app.elf  "app.bin"
   text	   data	    bss	    dec	    hex	filename
   8696	     20	   1636	  10352	   2870	app.elf
Finished building: default.size.stdout
 
Finished building: app.bin
Finished building: app.list
 
 
13:33:54 **** Incremental Build of configuration Debug for project app ****
make -j4 all 
arm-none-eabi-gcc "../Drivers/STM32F1xx_HAL_Driver/Src/stm32f1xx_hal.c" -mcpu=cortex-m3 -std=gnu11 -g3 -DDEBUG -DUSE_HAL_DRIVER -DSTM32F103xB -c -I../Core/Inc -I../Drivers/STM32F1xx_HAL_Driver/Inc -I../Drivers/STM32F1xx_HAL_Driver/Inc/Legacy -I../Drivers/CMSIS/Device/ST/STM32F1xx/Include -I../Drivers/CMSIS/Include -O0 -ffunction-sections -fdata-sections -Wall -fstack-usage -MMD -MP -MF"Drivers/STM32F1xx_HAL_Driver/Src/stm32f1xx_hal.d" -MT"Drivers/STM32F1xx_HAL_Driver/Src/stm32f1xx_hal.o" --specs=nano.specs -mfloat-abi=soft -mthumb -o "Drivers/STM32F1xx_HAL_Driver/Src/stm32f1xx_hal.o"
arm-none-eabi-gcc "../Drivers/STM32F1xx_HAL_Driver/Src/stm32f1xx_hal_cortex.c" -mcpu=cortex-m3 -std=gnu11 -g3 -DDEBUG -DUSE_HAL_DRIVER -DSTM32F103xB -c -I../Core/Inc -I../Drivers/STM32F1xx_HAL_Driver/Inc -I../Drivers/STM32F1xx_HAL_Driver/Inc/Legacy -I../Drivers/CMSIS/Device/ST/STM32F1xx/Include -I../Drivers/CMSIS/Include -O0 -ffunction-sections -fdata-sections -Wall -fstack-usage -MMD -MP -MF"Drivers/STM32F1xx_HAL_Driver/Src/stm32f1xx_hal_cortex.d" -MT"Drivers/STM32F1xx_HAL_Driver/Src/stm32f1xx_hal_cortex.o" --specs=nano.specs -mfloat-abi=soft -mthumb -o "Drivers/STM32F1xx_HAL_Driver/Src/stm32f1xx_hal_cortex.o"
arm-none-eabi-gcc "../Drivers/STM32F1xx_HAL_Driver/Src/stm32f1xx_hal_dma.c" -mcpu=cortex-m3 -std=gnu11 -g3 -DDEBUG -DUSE_HAL_DRIVER -DSTM32F103xB -c -I../Core/Inc -I../Drivers/STM32F1xx_HAL_Driver/Inc -I../Drivers/STM32F1xx_HAL_Driver/Inc/Legacy -I../Drivers/CMSIS/Device/ST/STM32F1xx/Include -I../Drivers/CMSIS/Include -O0 -ffunction-sections -fdata-sections -Wall -fstack-usage -MMD -MP -MF"Drivers/STM32F1xx_HAL_Driver/Src/stm32f1xx_hal_dma.d" -MT"Drivers/STM32F1xx_HAL_Driver/Src/stm32f1xx_hal_dma.o" --specs=nano.specs -mfloat-abi=soft -mthumb -o "Drivers/STM32F1xx_HAL_Driver/Src/stm32f1xx_hal_dma.o"
arm-none-eabi-gcc "../Drivers/STM32F1xx_HAL_Driver/Src/stm32f1xx_hal_exti.c" -mcpu=cortex-m3 -std=gnu11 -g3 -DDEBUG -DUSE_HAL_DRIVER -DSTM32F103xB -c -I../Core/Inc -I../Drivers/STM32F1xx_HAL_Driver/Inc -I../Drivers/STM32F1xx_HAL_Driver/Inc/Legacy -I../Drivers/CMSIS/Device/ST/STM32F1xx/Include -I../Drivers/CMSIS/Include -O0 -ffunction-sections -fdata-sections -Wall -fstack-usage -MMD -MP -MF"Drivers/STM32F1xx_HAL_Driver/Src/stm32f1xx_hal_exti.d" -MT"Drivers/STM32F1xx_HAL_Driver/Src/stm32f1xx_hal_exti.o" --specs=nano.specs -mfloat-abi=soft -mthumb -o "Drivers/STM32F1xx_HAL_Driver/Src/stm32f1xx_hal_exti.o"
arm-none-eabi-gcc "../Drivers/STM32F1xx_HAL_Driver/Src/stm32f1xx_hal_flash.c" -mcpu=cortex-m3 -std=gnu11 -g3 -DDEBUG -DUSE_HAL_DRIVER -DSTM32F103xB -c -I../Core/Inc -I../Drivers/STM32F1xx_HAL_Driver/Inc -I../Drivers/STM32F1xx_HAL_Driver/Inc/Legacy -I../Drivers/CMSIS/Device/ST/STM32F1xx/Include -I../Drivers/CMSIS/Include -O0 -ffunction-sections -fdata-sections -Wall -fstack-usage -MMD -MP -MF"Drivers/STM32F1xx_HAL_Driver/Src/stm32f1xx_hal_flash.d" -MT"Drivers/STM32F1xx_HAL_Driver/Src/stm32f1xx_hal_flash.o" --specs=nano.specs -mfloat-abi=soft -mthumb -o "Drivers/STM32F1xx_HAL_Driver/Src/stm32f1xx_hal_flash.o"
arm-none-eabi-gcc "../Drivers/STM32F1xx_HAL_Driver/Src/stm32f1xx_hal_flash_ex.c" -mcpu=cortex-m3 -std=gnu11 -g3 -DDEBUG -DUSE_HAL_DRIVER -DSTM32F103xB -c -I../Core/Inc -I../Drivers/STM32F1xx_HAL_Driver/Inc -I../Drivers/STM32F1xx_HAL_Driver/Inc/Legacy -I../Drivers/CMSIS/Device/ST/STM32F1xx/Include -I../Drivers/CMSIS/Include -O0 -ffunction-sections -fdata-sections -Wall -fstack-usage -MMD -MP -MF"Drivers/STM32F1xx_HAL_Driver/Src/stm32f1xx_hal_flash_ex.d" -MT"Drivers/STM32F1xx_HAL_Driver/Src/stm32f1xx_hal_flash_ex.o" --specs=nano.specs -mfloat-abi=soft -mthumb -o "Drivers/STM32F1xx_HAL_Driver/Src/stm32f1xx_hal_flash_ex.o"
arm-none-eabi-gcc "../Drivers/STM32F1xx_HAL_Driver/Src/stm32f1xx_hal_gpio.c" -mcpu=cortex-m3 -std=gnu11 -g3 -DDEBUG -DUSE_HAL_DRIVER -DSTM32F103xB -c -I../Core/Inc -I../Drivers/STM32F1xx_HAL_Driver/Inc -I../Drivers/STM32F1xx_HAL_Driver/Inc/Legacy -I../Drivers/CMSIS/Device/ST/STM32F1xx/Include -I../Drivers/CMSIS/Include -O0 -ffunction-sections -fdata-sections -Wall -fstack-usage -MMD -MP -MF"Drivers/STM32F1xx_HAL_Driver/Src/stm32f1xx_hal_gpio.d" -MT"Drivers/STM32F1xx_HAL_Driver/Src/stm32f1xx_hal_gpio.o" --specs=nano.specs -mfloat-abi=soft -mthumb -o "Drivers/STM32F1xx_HAL_Driver/Src/stm32f1xx_hal_gpio.o"
arm-none-eabi-gcc "../Drivers/STM32F1xx_HAL_Driver/Src/stm32f1xx_hal_gpio_ex.c" -mcpu=cortex-m3 -std=gnu11 -g3 -DDEBUG -DUSE_HAL_DRIVER -DSTM32F103xB -c -I../Core/Inc -I../Drivers/STM32F1xx_HAL_Driver/Inc -I../Drivers/STM32F1xx_HAL_Driver/Inc/Legacy -I../Drivers/CMSIS/Device/ST/STM32F1xx/Include -I../Drivers/CMSIS/Include -O0 -ffunction-sections -fdata-sections -Wall -fstack-usage -MMD -MP -MF"Drivers/STM32F1xx_HAL_Driver/Src/stm32f1xx_hal_gpio_ex.d" -MT"Drivers/STM32F1xx_HAL_Driver/Src/stm32f1xx_hal_gpio_ex.o" --specs=nano.specs -mfloat-abi=soft -mthumb -o "Drivers/STM32F1xx_HAL_Driver/Src/stm32f1xx_hal_gpio_ex.o"
arm-none-eabi-gcc "../Drivers/STM32F1xx_HAL_Driver/Src/stm32f1xx_hal_pwr.c" -mcpu=cortex-m3 -std=gnu11 -g3 -DDEBUG -DUSE_HAL_DRIVER -DSTM32F103xB -c -I../Core/Inc -I../Drivers/STM32F1xx_HAL_Driver/Inc -I../Drivers/STM32F1xx_HAL_Driver/Inc/Legacy -I../Drivers/CMSIS/Device/ST/STM32F1xx/Include -I../Drivers/CMSIS/Include -O0 -ffunction-sections -fdata-sections -Wall -fstack-usage -MMD -MP -MF"Drivers/STM32F1xx_HAL_Driver/Src/stm32f1xx_hal_pwr.d" -MT"Drivers/STM32F1xx_HAL_Driver/Src/stm32f1xx_hal_pwr.o" --specs=nano.specs -mfloat-abi=soft -mthumb -o "Drivers/STM32F1xx_HAL_Driver/Src/stm32f1xx_hal_pwr.o"
arm-none-eabi-gcc "../Drivers/STM32F1xx_HAL_Driver/Src/stm32f1xx_hal_rcc.c" -mcpu=cortex-m3 -std=gnu11 -g3 -DDEBUG -DUSE_HAL_DRIVER -DSTM32F103xB -c -I../Core/Inc -I../Drivers/STM32F1xx_HAL_Driver/Inc -I../Drivers/STM32F1xx_HAL_Driver/Inc/Legacy -I../Drivers/CMSIS/Device/ST/STM32F1xx/Include -I../Drivers/CMSIS/Include -O0 -ffunction-sections -fdata-sections -Wall -fstack-usage -MMD -MP -MF"Drivers/STM32F1xx_HAL_Driver/Src/stm32f1xx_hal_rcc.d" -MT"Drivers/STM32F1xx_HAL_Driver/Src/stm32f1xx_hal_rcc.o" --specs=nano.specs -mfloat-abi=soft -mthumb -o "Drivers/STM32F1xx_HAL_Driver/Src/stm32f1xx_hal_rcc.o"
arm-none-eabi-gcc "../Drivers/STM32F1xx_HAL_Driver/Src/stm32f1xx_hal_rcc_ex.c" -mcpu=cortex-m3 -std=gnu11 -g3 -DDEBUG -DUSE_HAL_DRIVER -DSTM32F103xB -c -I../Core/Inc -I../Drivers/STM32F1xx_HAL_Driver/Inc -I../Drivers/STM32F1xx_HAL_Driver/Inc/Legacy -I../Drivers/CMSIS/Device/ST/STM32F1xx/Include -I../Drivers/CMSIS/Include -O0 -ffunction-sections -fdata-sections -Wall -fstack-usage -MMD -MP -MF"Drivers/STM32F1xx_HAL_Driver/Src/stm32f1xx_hal_rcc_ex.d" -MT"Drivers/STM32F1xx_HAL_Driver/Src/stm32f1xx_hal_rcc_ex.o" --specs=nano.specs -mfloat-abi=soft -mthumb -o "Drivers/STM32F1xx_HAL_Driver/Src/stm32f1xx_hal_rcc_ex.o"
arm-none-eabi-gcc "../Drivers/STM32F1xx_HAL_Driver/Src/stm32f1xx_hal_tim.c" -mcpu=cortex-m3 -std=gnu11 -g3 -DDEBUG -DUSE_HAL_DRIVER -DSTM32F103xB -c -I../Core/Inc -I../Drivers/STM32F1xx_HAL_Driver/Inc -I../Drivers/STM32F1xx_HAL_Driver/Inc/Legacy -I../Drivers/CMSIS/Device/ST/STM32F1xx/Include -I../Drivers/CMSIS/Include -O0 -ffunction-sections -fdata-sections -Wall -fstack-usage -MMD -MP -MF"Drivers/STM32F1xx_HAL_Driver/Src/stm32f1xx_hal_tim.d" -MT"Drivers/STM32F1xx_HAL_Driver/Src/stm32f1xx_hal_tim.o" --specs=nano.specs -mfloat-abi=soft -mthumb -o "Drivers/STM32F1xx_HAL_Driver/Src/stm32f1xx_hal_tim.o"
arm-none-eabi-gcc "../Drivers/STM32F1xx_HAL_Driver/Src/stm32f1xx_hal_tim_ex.c" -mcpu=cortex-m3 -std=gnu11 -g3 -DDEBUG -DUSE_HAL_DRIVER -DSTM32F103xB -c -I../Core/Inc -I../Drivers/STM32F1xx_HAL_Driver/Inc -I../Drivers/STM32F1xx_HAL_Driver/Inc/Legacy -I../Drivers/CMSIS/Device/ST/STM32F1xx/Include -I../Drivers/CMSIS/Include -O0 -ffunction-sections -fdata-sections -Wall -fstack-usage -MMD -MP -MF"Drivers/STM32F1xx_HAL_Driver/Src/stm32f1xx_hal_tim_ex.d" -MT"Drivers/STM32F1xx_HAL_Driver/Src/stm32f1xx_hal_tim_ex.o" --specs=nano.specs -mfloat-abi=soft -mthumb -o "Drivers/STM32F1xx_HAL_Driver/Src/stm32f1xx_hal_tim_ex.o"
arm-none-eabi-gcc "../Drivers/STM32F1xx_HAL_Driver/Src/stm32f1xx_hal_uart.c" -mcpu=cortex-m3 -std=gnu11 -g3 -DDEBUG -DUSE_HAL_DRIVER -DSTM32F103xB -c -I../Core/Inc -I../Drivers/STM32F1xx_HAL_Driver/Inc -I../Drivers/STM32F1xx_HAL_Driver/Inc/Legacy -I../Drivers/CMSIS/Device/ST/STM32F1xx/Include -I../Drivers/CMSIS/Include -O0 -ffunction-sections -fdata-sections -Wall -fstack-usage -MMD -MP -MF"Drivers/STM32F1xx_HAL_Driver/Src/stm32f1xx_hal_uart.d" -MT"Drivers/STM32F1xx_HAL_Driver/Src/stm32f1xx_hal_uart.o" --specs=nano.specs -mfloat-abi=soft -mthumb -o "Drivers/STM32F1xx_HAL_Driver/Src/stm32f1xx_hal_uart.o"
arm-none-eabi-gcc "../Core/Src/hx711.c" -mcpu=cortex-m3 -std=gnu11 -g3 -DDEBUG -DUSE_HAL_DRIVER -DSTM32F103xB -c -I../Core/Inc -I../Drivers/STM32F1xx_HAL_Driver/Inc -I../Drivers/STM32F1xx_HAL_Driver/Inc/Legacy -I../Drivers/CMSIS/Device/ST/STM32F1xx/Include -I../Drivers/CMSIS/Include -O0 -ffunction-sections -fdata-sections -Wall -fstack-usage -MMD -MP -MF"Core/Src/hx711.d" -MT"Core/Src/hx711.o" --specs=nano.specs -mfloat-abi=soft -mthumb -o "Core/Src/hx711.o"
arm-none-eabi-gcc "../Core/Src/main.c" -mcpu=cortex-m3 -std=gnu11 -g3 -DDEBUG -DUSE_HAL_DRIVER -DSTM32F103xB -c -I../Core/Inc -I../Drivers/STM32F1xx_HAL_Driver/Inc -I../Drivers/STM32F1xx_HAL_Driver/Inc/Legacy -I../Drivers/CMSIS/Device/ST/STM32F1xx/Include -I../Drivers/CMSIS/Include -O0 -ffunction-sections -fdata-sections -Wall -fstack-usage -MMD -MP -MF"Core/Src/main.d" -MT"Core/Src/main.o" --specs=nano.specs -mfloat-abi=soft -mthumb -o "Core/Src/main.o"
../Core/Src/main.c: In function 'main':
../Core/Src/main.c:70:8: warning: variable 'weight' set but not used [-Wunused-but-set-variable]
   70 |  float weight;
      |        ^~~~~~
arm-none-eabi-gcc "../Core/Src/stm32f1xx_hal_msp.c" -mcpu=cortex-m3 -std=gnu11 -g3 -DDEBUG -DUSE_HAL_DRIVER -DSTM32F103xB -c -I../Core/Inc -I../Drivers/STM32F1xx_HAL_Driver/Inc -I../Drivers/STM32F1xx_HAL_Driver/Inc/Legacy -I../Drivers/CMSIS/Device/ST/STM32F1xx/Include -I../Drivers/CMSIS/Include -O0 -ffunction-sections -fdata-sections -Wall -fstack-usage -MMD -MP -MF"Core/Src/stm32f1xx_hal_msp.d" -MT"Core/Src/stm32f1xx_hal_msp.o" --specs=nano.specs -mfloat-abi=soft -mthumb -o "Core/Src/stm32f1xx_hal_msp.o"
arm-none-eabi-gcc "../Core/Src/stm32f1xx_it.c" -mcpu=cortex-m3 -std=gnu11 -g3 -DDEBUG -DUSE_HAL_DRIVER -DSTM32F103xB -c -I../Core/Inc -I../Drivers/STM32F1xx_HAL_Driver/Inc -I../Drivers/STM32F1xx_HAL_Driver/Inc/Legacy -I../Drivers/CMSIS/Device/ST/STM32F1xx/Include -I../Drivers/CMSIS/Include -O0 -ffunction-sections -fdata-sections -Wall -fstack-usage -MMD -MP -MF"Core/Src/stm32f1xx_it.d" -MT"Core/Src/stm32f1xx_it.o" --specs=nano.specs -mfloat-abi=soft -mthumb -o "Core/Src/stm32f1xx_it.o"
arm-none-eabi-gcc "../Core/Src/system_stm32f1xx.c" -mcpu=cortex-m3 -std=gnu11 -g3 -DDEBUG -DUSE_HAL_DRIVER -DSTM32F103xB -c -I../Core/Inc -I../Drivers/STM32F1xx_HAL_Driver/Inc -I../Drivers/STM32F1xx_HAL_Driver/Inc/Legacy -I../Drivers/CMSIS/Device/ST/STM32F1xx/Include -I../Drivers/CMSIS/Include -O0 -ffunction-sections -fdata-sections -Wall -fstack-usage -MMD -MP -MF"Core/Src/system_stm32f1xx.d" -MT"Core/Src/system_stm32f1xx.o" --specs=nano.specs -mfloat-abi=soft -mthumb -o "Core/Src/system_stm32f1xx.o"
arm-none-eabi-gcc -o "app.elf" @"objects.list"   -mcpu=cortex-m3 -T"C:\DATA\ME\beagyazott\git\app\STM32F103RBTX_FLASH.ld" --specs=nosys.specs -Wl,-Map="app.map" -Wl,--gc-sections -static --specs=nano.specs -mfloat-abi=soft -mthumb -Wl,--start-group -lc -lm -Wl,--end-group
Finished building target: app.elf
 
arm-none-eabi-size   app.elf 
arm-none-eabi-objdump -h -S  app.elf  > "app.list"
arm-none-eabi-objcopy  -O binary  app.elf  "app.bin"
   text	   data	    bss	    dec	    hex	filename
   8696	     20	   1636	  10352	   2870	app.elf
Finished building: default.size.stdout
 
Finished building: app.bin
 
Finished building: app.list
 
13:37:12 **** Incremental Build of configuration Debug for project app ****
make -j4 all 
arm-none-eabi-size   app.elf 
   text	   data	    bss	    dec	    hex	filename
   8696	     20	   1636	  10352	   2870	app.elf
Finished building: default.size.stdout
 
13:39:14 **** Incremental Build of configuration Debug for project app ****
make -j4 all 
arm-none-eabi-gcc "../Core/Src/main.c" -mcpu=cortex-m3 -std=gnu11 -g3 -DDEBUG -DUSE_HAL_DRIVER -DSTM32F103xB -c -I../Core/Inc -I../Drivers/STM32F1xx_HAL_Driver/Inc -I../Drivers/STM32F1xx_HAL_Driver/Inc/Legacy -I../Drivers/CMSIS/Device/ST/STM32F1xx/Include -I../Drivers/CMSIS/Include -O0 -ffunction-sections -fdata-sections -Wall -fstack-usage -MMD -MP -MF"Core/Src/main.d" -MT"Core/Src/main.o" --specs=nano.specs -mfloat-abi=soft -mthumb -o "Core/Src/main.o"
../Core/Src/main.c: In function 'main':
../Core/Src/main.c:70:8: warning: variable 'weight' set but not used [-Wunused-but-set-variable]
   70 |  float weight;
      |        ^~~~~~
arm-none-eabi-gcc -o "app.elf" @"objects.list"   -mcpu=cortex-m3 -T"C:\DATA\ME\beagyazott\git\app\STM32F103RBTX_FLASH.ld" --specs=nosys.specs -Wl,-Map="app.map" -Wl,--gc-sections -static --specs=nano.specs -mfloat-abi=soft -mthumb -Wl,--start-group -lc -lm -Wl,--end-group
Finished building target: app.elf
 
arm-none-eabi-size   app.elf 
arm-none-eabi-objdump -h -S  app.elf  > "app.list"
arm-none-eabi-objcopy  -O binary  app.elf  "app.bin"
   text	   data	    bss	    dec	    hex	filename
   7876	     20	   1636	   9532	   253c	app.elf
Finished building: default.size.stdout
 
Finished building: app.bin
Finished building: app.list
 
 
13:39:40 **** Incremental Build of configuration Debug for project app ****
make -j4 all 
arm-none-eabi-gcc "../Core/Src/main.c" -mcpu=cortex-m3 -std=gnu11 -g3 -DDEBUG -DUSE_HAL_DRIVER -DSTM32F103xB -c -I../Core/Inc -I../Drivers/STM32F1xx_HAL_Driver/Inc -I../Drivers/STM32F1xx_HAL_Driver/Inc/Legacy -I../Drivers/CMSIS/Device/ST/STM32F1xx/Include -I../Drivers/CMSIS/Include -O0 -ffunction-sections -fdata-sections -Wall -fstack-usage -MMD -MP -MF"Core/Src/main.d" -MT"Core/Src/main.o" --specs=nano.specs -mfloat-abi=soft -mthumb -o "Core/Src/main.o"
../Core/Src/main.c: In function 'main':
../Core/Src/main.c:70:8: warning: variable 'weight' set but not used [-Wunused-but-set-variable]
   70 |  float weight;
      |        ^~~~~~
arm-none-eabi-gcc -o "app.elf" @"objects.list"   -mcpu=cortex-m3 -T"C:\DATA\ME\beagyazott\git\app\STM32F103RBTX_FLASH.ld" --specs=nosys.specs -Wl,-Map="app.map" -Wl,--gc-sections -static --specs=nano.specs -mfloat-abi=soft -mthumb -Wl,--start-group -lc -lm -Wl,--end-group
Finished building target: app.elf
 
arm-none-eabi-size   app.elf 
arm-none-eabi-objdump -h -S  app.elf  > "app.list"
arm-none-eabi-objcopy  -O binary  app.elf  "app.bin"
   text	   data	    bss	    dec	    hex	filename
   7876	     20	   1636	   9532	   253c	app.elf
Finished building: default.size.stdout
 
Finished building: app.bin
 
Finished building: app.list
 
14:10:06 **** Incremental Build of configuration Debug for project app ****
make -j4 all 
arm-none-eabi-gcc "../Drivers/STM32F1xx_HAL_Driver/Src/stm32f1xx_hal.c" -mcpu=cortex-m3 -std=gnu11 -g3 -DDEBUG -DUSE_HAL_DRIVER -DSTM32F103xB -c -I../Core/Inc -I../Drivers/STM32F1xx_HAL_Driver/Inc -I../Drivers/STM32F1xx_HAL_Driver/Inc/Legacy -I../Drivers/CMSIS/Device/ST/STM32F1xx/Include -I../Drivers/CMSIS/Include -O0 -ffunction-sections -fdata-sections -Wall -fstack-usage -MMD -MP -MF"Drivers/STM32F1xx_HAL_Driver/Src/stm32f1xx_hal.d" -MT"Drivers/STM32F1xx_HAL_Driver/Src/stm32f1xx_hal.o" --specs=nano.specs -mfloat-abi=soft -mthumb -o "Drivers/STM32F1xx_HAL_Driver/Src/stm32f1xx_hal.o"
arm-none-eabi-gcc "../Drivers/STM32F1xx_HAL_Driver/Src/stm32f1xx_hal_cortex.c" -mcpu=cortex-m3 -std=gnu11 -g3 -DDEBUG -DUSE_HAL_DRIVER -DSTM32F103xB -c -I../Core/Inc -I../Drivers/STM32F1xx_HAL_Driver/Inc -I../Drivers/STM32F1xx_HAL_Driver/Inc/Legacy -I../Drivers/CMSIS/Device/ST/STM32F1xx/Include -I../Drivers/CMSIS/Include -O0 -ffunction-sections -fdata-sections -Wall -fstack-usage -MMD -MP -MF"Drivers/STM32F1xx_HAL_Driver/Src/stm32f1xx_hal_cortex.d" -MT"Drivers/STM32F1xx_HAL_Driver/Src/stm32f1xx_hal_cortex.o" --specs=nano.specs -mfloat-abi=soft -mthumb -o "Drivers/STM32F1xx_HAL_Driver/Src/stm32f1xx_hal_cortex.o"
arm-none-eabi-gcc "../Drivers/STM32F1xx_HAL_Driver/Src/stm32f1xx_hal_dma.c" -mcpu=cortex-m3 -std=gnu11 -g3 -DDEBUG -DUSE_HAL_DRIVER -DSTM32F103xB -c -I../Core/Inc -I../Drivers/STM32F1xx_HAL_Driver/Inc -I../Drivers/STM32F1xx_HAL_Driver/Inc/Legacy -I../Drivers/CMSIS/Device/ST/STM32F1xx/Include -I../Drivers/CMSIS/Include -O0 -ffunction-sections -fdata-sections -Wall -fstack-usage -MMD -MP -MF"Drivers/STM32F1xx_HAL_Driver/Src/stm32f1xx_hal_dma.d" -MT"Drivers/STM32F1xx_HAL_Driver/Src/stm32f1xx_hal_dma.o" --specs=nano.specs -mfloat-abi=soft -mthumb -o "Drivers/STM32F1xx_HAL_Driver/Src/stm32f1xx_hal_dma.o"
arm-none-eabi-gcc "../Drivers/STM32F1xx_HAL_Driver/Src/stm32f1xx_hal_exti.c" -mcpu=cortex-m3 -std=gnu11 -g3 -DDEBUG -DUSE_HAL_DRIVER -DSTM32F103xB -c -I../Core/Inc -I../Drivers/STM32F1xx_HAL_Driver/Inc -I../Drivers/STM32F1xx_HAL_Driver/Inc/Legacy -I../Drivers/CMSIS/Device/ST/STM32F1xx/Include -I../Drivers/CMSIS/Include -O0 -ffunction-sections -fdata-sections -Wall -fstack-usage -MMD -MP -MF"Drivers/STM32F1xx_HAL_Driver/Src/stm32f1xx_hal_exti.d" -MT"Drivers/STM32F1xx_HAL_Driver/Src/stm32f1xx_hal_exti.o" --specs=nano.specs -mfloat-abi=soft -mthumb -o "Drivers/STM32F1xx_HAL_Driver/Src/stm32f1xx_hal_exti.o"
arm-none-eabi-gcc "../Drivers/STM32F1xx_HAL_Driver/Src/stm32f1xx_hal_flash.c" -mcpu=cortex-m3 -std=gnu11 -g3 -DDEBUG -DUSE_HAL_DRIVER -DSTM32F103xB -c -I../Core/Inc -I../Drivers/STM32F1xx_HAL_Driver/Inc -I../Drivers/STM32F1xx_HAL_Driver/Inc/Legacy -I../Drivers/CMSIS/Device/ST/STM32F1xx/Include -I../Drivers/CMSIS/Include -O0 -ffunction-sections -fdata-sections -Wall -fstack-usage -MMD -MP -MF"Drivers/STM32F1xx_HAL_Driver/Src/stm32f1xx_hal_flash.d" -MT"Drivers/STM32F1xx_HAL_Driver/Src/stm32f1xx_hal_flash.o" --specs=nano.specs -mfloat-abi=soft -mthumb -o "Drivers/STM32F1xx_HAL_Driver/Src/stm32f1xx_hal_flash.o"
arm-none-eabi-gcc "../Drivers/STM32F1xx_HAL_Driver/Src/stm32f1xx_hal_flash_ex.c" -mcpu=cortex-m3 -std=gnu11 -g3 -DDEBUG -DUSE_HAL_DRIVER -DSTM32F103xB -c -I../Core/Inc -I../Drivers/STM32F1xx_HAL_Driver/Inc -I../Drivers/STM32F1xx_HAL_Driver/Inc/Legacy -I../Drivers/CMSIS/Device/ST/STM32F1xx/Include -I../Drivers/CMSIS/Include -O0 -ffunction-sections -fdata-sections -Wall -fstack-usage -MMD -MP -MF"Drivers/STM32F1xx_HAL_Driver/Src/stm32f1xx_hal_flash_ex.d" -MT"Drivers/STM32F1xx_HAL_Driver/Src/stm32f1xx_hal_flash_ex.o" --specs=nano.specs -mfloat-abi=soft -mthumb -o "Drivers/STM32F1xx_HAL_Driver/Src/stm32f1xx_hal_flash_ex.o"
arm-none-eabi-gcc "../Drivers/STM32F1xx_HAL_Driver/Src/stm32f1xx_hal_gpio.c" -mcpu=cortex-m3 -std=gnu11 -g3 -DDEBUG -DUSE_HAL_DRIVER -DSTM32F103xB -c -I../Core/Inc -I../Drivers/STM32F1xx_HAL_Driver/Inc -I../Drivers/STM32F1xx_HAL_Driver/Inc/Legacy -I../Drivers/CMSIS/Device/ST/STM32F1xx/Include -I../Drivers/CMSIS/Include -O0 -ffunction-sections -fdata-sections -Wall -fstack-usage -MMD -MP -MF"Drivers/STM32F1xx_HAL_Driver/Src/stm32f1xx_hal_gpio.d" -MT"Drivers/STM32F1xx_HAL_Driver/Src/stm32f1xx_hal_gpio.o" --specs=nano.specs -mfloat-abi=soft -mthumb -o "Drivers/STM32F1xx_HAL_Driver/Src/stm32f1xx_hal_gpio.o"
arm-none-eabi-gcc "../Drivers/STM32F1xx_HAL_Driver/Src/stm32f1xx_hal_gpio_ex.c" -mcpu=cortex-m3 -std=gnu11 -g3 -DDEBUG -DUSE_HAL_DRIVER -DSTM32F103xB -c -I../Core/Inc -I../Drivers/STM32F1xx_HAL_Driver/Inc -I../Drivers/STM32F1xx_HAL_Driver/Inc/Legacy -I../Drivers/CMSIS/Device/ST/STM32F1xx/Include -I../Drivers/CMSIS/Include -O0 -ffunction-sections -fdata-sections -Wall -fstack-usage -MMD -MP -MF"Drivers/STM32F1xx_HAL_Driver/Src/stm32f1xx_hal_gpio_ex.d" -MT"Drivers/STM32F1xx_HAL_Driver/Src/stm32f1xx_hal_gpio_ex.o" --specs=nano.specs -mfloat-abi=soft -mthumb -o "Drivers/STM32F1xx_HAL_Driver/Src/stm32f1xx_hal_gpio_ex.o"
arm-none-eabi-gcc "../Drivers/STM32F1xx_HAL_Driver/Src/stm32f1xx_hal_pwr.c" -mcpu=cortex-m3 -std=gnu11 -g3 -DDEBUG -DUSE_HAL_DRIVER -DSTM32F103xB -c -I../Core/Inc -I../Drivers/STM32F1xx_HAL_Driver/Inc -I../Drivers/STM32F1xx_HAL_Driver/Inc/Legacy -I../Drivers/CMSIS/Device/ST/STM32F1xx/Include -I../Drivers/CMSIS/Include -O0 -ffunction-sections -fdata-sections -Wall -fstack-usage -MMD -MP -MF"Drivers/STM32F1xx_HAL_Driver/Src/stm32f1xx_hal_pwr.d" -MT"Drivers/STM32F1xx_HAL_Driver/Src/stm32f1xx_hal_pwr.o" --specs=nano.specs -mfloat-abi=soft -mthumb -o "Drivers/STM32F1xx_HAL_Driver/Src/stm32f1xx_hal_pwr.o"
arm-none-eabi-gcc "../Drivers/STM32F1xx_HAL_Driver/Src/stm32f1xx_hal_rcc.c" -mcpu=cortex-m3 -std=gnu11 -g3 -DDEBUG -DUSE_HAL_DRIVER -DSTM32F103xB -c -I../Core/Inc -I../Drivers/STM32F1xx_HAL_Driver/Inc -I../Drivers/STM32F1xx_HAL_Driver/Inc/Legacy -I../Drivers/CMSIS/Device/ST/STM32F1xx/Include -I../Drivers/CMSIS/Include -O0 -ffunction-sections -fdata-sections -Wall -fstack-usage -MMD -MP -MF"Drivers/STM32F1xx_HAL_Driver/Src/stm32f1xx_hal_rcc.d" -MT"Drivers/STM32F1xx_HAL_Driver/Src/stm32f1xx_hal_rcc.o" --specs=nano.specs -mfloat-abi=soft -mthumb -o "Drivers/STM32F1xx_HAL_Driver/Src/stm32f1xx_hal_rcc.o"
arm-none-eabi-gcc "../Drivers/STM32F1xx_HAL_Driver/Src/stm32f1xx_hal_rcc_ex.c" -mcpu=cortex-m3 -std=gnu11 -g3 -DDEBUG -DUSE_HAL_DRIVER -DSTM32F103xB -c -I../Core/Inc -I../Drivers/STM32F1xx_HAL_Driver/Inc -I../Drivers/STM32F1xx_HAL_Driver/Inc/Legacy -I../Drivers/CMSIS/Device/ST/STM32F1xx/Include -I../Drivers/CMSIS/Include -O0 -ffunction-sections -fdata-sections -Wall -fstack-usage -MMD -MP -MF"Drivers/STM32F1xx_HAL_Driver/Src/stm32f1xx_hal_rcc_ex.d" -MT"Drivers/STM32F1xx_HAL_Driver/Src/stm32f1xx_hal_rcc_ex.o" --specs=nano.specs -mfloat-abi=soft -mthumb -o "Drivers/STM32F1xx_HAL_Driver/Src/stm32f1xx_hal_rcc_ex.o"
arm-none-eabi-gcc "../Drivers/STM32F1xx_HAL_Driver/Src/stm32f1xx_hal_tim.c" -mcpu=cortex-m3 -std=gnu11 -g3 -DDEBUG -DUSE_HAL_DRIVER -DSTM32F103xB -c -I../Core/Inc -I../Drivers/STM32F1xx_HAL_Driver/Inc -I../Drivers/STM32F1xx_HAL_Driver/Inc/Legacy -I../Drivers/CMSIS/Device/ST/STM32F1xx/Include -I../Drivers/CMSIS/Include -O0 -ffunction-sections -fdata-sections -Wall -fstack-usage -MMD -MP -MF"Drivers/STM32F1xx_HAL_Driver/Src/stm32f1xx_hal_tim.d" -MT"Drivers/STM32F1xx_HAL_Driver/Src/stm32f1xx_hal_tim.o" --specs=nano.specs -mfloat-abi=soft -mthumb -o "Drivers/STM32F1xx_HAL_Driver/Src/stm32f1xx_hal_tim.o"
arm-none-eabi-gcc "../Drivers/STM32F1xx_HAL_Driver/Src/stm32f1xx_hal_tim_ex.c" -mcpu=cortex-m3 -std=gnu11 -g3 -DDEBUG -DUSE_HAL_DRIVER -DSTM32F103xB -c -I../Core/Inc -I../Drivers/STM32F1xx_HAL_Driver/Inc -I../Drivers/STM32F1xx_HAL_Driver/Inc/Legacy -I../Drivers/CMSIS/Device/ST/STM32F1xx/Include -I../Drivers/CMSIS/Include -O0 -ffunction-sections -fdata-sections -Wall -fstack-usage -MMD -MP -MF"Drivers/STM32F1xx_HAL_Driver/Src/stm32f1xx_hal_tim_ex.d" -MT"Drivers/STM32F1xx_HAL_Driver/Src/stm32f1xx_hal_tim_ex.o" --specs=nano.specs -mfloat-abi=soft -mthumb -o "Drivers/STM32F1xx_HAL_Driver/Src/stm32f1xx_hal_tim_ex.o"
arm-none-eabi-gcc "../Drivers/STM32F1xx_HAL_Driver/Src/stm32f1xx_hal_uart.c" -mcpu=cortex-m3 -std=gnu11 -g3 -DDEBUG -DUSE_HAL_DRIVER -DSTM32F103xB -c -I../Core/Inc -I../Drivers/STM32F1xx_HAL_Driver/Inc -I../Drivers/STM32F1xx_HAL_Driver/Inc/Legacy -I../Drivers/CMSIS/Device/ST/STM32F1xx/Include -I../Drivers/CMSIS/Include -O0 -ffunction-sections -fdata-sections -Wall -fstack-usage -MMD -MP -MF"Drivers/STM32F1xx_HAL_Driver/Src/stm32f1xx_hal_uart.d" -MT"Drivers/STM32F1xx_HAL_Driver/Src/stm32f1xx_hal_uart.o" --specs=nano.specs -mfloat-abi=soft -mthumb -o "Drivers/STM32F1xx_HAL_Driver/Src/stm32f1xx_hal_uart.o"
arm-none-eabi-gcc "../Core/Src/hx711.c" -mcpu=cortex-m3 -std=gnu11 -g3 -DDEBUG -DUSE_HAL_DRIVER -DSTM32F103xB -c -I../Core/Inc -I../Drivers/STM32F1xx_HAL_Driver/Inc -I../Drivers/STM32F1xx_HAL_Driver/Inc/Legacy -I../Drivers/CMSIS/Device/ST/STM32F1xx/Include -I../Drivers/CMSIS/Include -O0 -ffunction-sections -fdata-sections -Wall -fstack-usage -MMD -MP -MF"Core/Src/hx711.d" -MT"Core/Src/hx711.o" --specs=nano.specs -mfloat-abi=soft -mthumb -o "Core/Src/hx711.o"
arm-none-eabi-gcc "../Core/Src/main.c" -mcpu=cortex-m3 -std=gnu11 -g3 -DDEBUG -DUSE_HAL_DRIVER -DSTM32F103xB -c -I../Core/Inc -I../Drivers/STM32F1xx_HAL_Driver/Inc -I../Drivers/STM32F1xx_HAL_Driver/Inc/Legacy -I../Drivers/CMSIS/Device/ST/STM32F1xx/Include -I../Drivers/CMSIS/Include -O0 -ffunction-sections -fdata-sections -Wall -fstack-usage -MMD -MP -MF"Core/Src/main.d" -MT"Core/Src/main.o" --specs=nano.specs -mfloat-abi=soft -mthumb -o "Core/Src/main.o"
../Core/Src/main.c: In function 'main':
../Core/Src/main.c:69:10: warning: variable 'value' set but not used [-Wunused-but-set-variable]
   69 |  uint8_t value=0;
      |          ^~~~~
arm-none-eabi-gcc "../Core/Src/main2.c" -mcpu=cortex-m3 -std=gnu11 -g3 -DDEBUG -DUSE_HAL_DRIVER -DSTM32F103xB -c -I../Core/Inc -I../Drivers/STM32F1xx_HAL_Driver/Inc -I../Drivers/STM32F1xx_HAL_Driver/Inc/Legacy -I../Drivers/CMSIS/Device/ST/STM32F1xx/Include -I../Drivers/CMSIS/Include -O0 -ffunction-sections -fdata-sections -Wall -fstack-usage -MMD -MP -MF"Core/Src/main2.d" -MT"Core/Src/main2.o" --specs=nano.specs -mfloat-abi=soft -mthumb -o "Core/Src/main2.o"
arm-none-eabi-gcc "../Core/Src/stm32f1xx_hal_msp.c" -mcpu=cortex-m3 -std=gnu11 -g3 -DDEBUG -DUSE_HAL_DRIVER -DSTM32F103xB -c -I../Core/Inc -I../Drivers/STM32F1xx_HAL_Driver/Inc -I../Drivers/STM32F1xx_HAL_Driver/Inc/Legacy -I../Drivers/CMSIS/Device/ST/STM32F1xx/Include -I../Drivers/CMSIS/Include -O0 -ffunction-sections -fdata-sections -Wall -fstack-usage -MMD -MP -MF"Core/Src/stm32f1xx_hal_msp.d" -MT"Core/Src/stm32f1xx_hal_msp.o" --specs=nano.specs -mfloat-abi=soft -mthumb -o "Core/Src/stm32f1xx_hal_msp.o"
arm-none-eabi-gcc "../Core/Src/stm32f1xx_it.c" -mcpu=cortex-m3 -std=gnu11 -g3 -DDEBUG -DUSE_HAL_DRIVER -DSTM32F103xB -c -I../Core/Inc -I../Drivers/STM32F1xx_HAL_Driver/Inc -I../Drivers/STM32F1xx_HAL_Driver/Inc/Legacy -I../Drivers/CMSIS/Device/ST/STM32F1xx/Include -I../Drivers/CMSIS/Include -O0 -ffunction-sections -fdata-sections -Wall -fstack-usage -MMD -MP -MF"Core/Src/stm32f1xx_it.d" -MT"Core/Src/stm32f1xx_it.o" --specs=nano.specs -mfloat-abi=soft -mthumb -o "Core/Src/stm32f1xx_it.o"
arm-none-eabi-gcc "../Core/Src/syscalls.c" -mcpu=cortex-m3 -std=gnu11 -g3 -DDEBUG -DUSE_HAL_DRIVER -DSTM32F103xB -c -I../Core/Inc -I../Drivers/STM32F1xx_HAL_Driver/Inc -I../Drivers/STM32F1xx_HAL_Driver/Inc/Legacy -I../Drivers/CMSIS/Device/ST/STM32F1xx/Include -I../Drivers/CMSIS/Include -O0 -ffunction-sections -fdata-sections -Wall -fstack-usage -MMD -MP -MF"Core/Src/syscalls.d" -MT"Core/Src/syscalls.o" --specs=nano.specs -mfloat-abi=soft -mthumb -o "Core/Src/syscalls.o"
arm-none-eabi-gcc "../Core/Src/sysmem.c" -mcpu=cortex-m3 -std=gnu11 -g3 -DDEBUG -DUSE_HAL_DRIVER -DSTM32F103xB -c -I../Core/Inc -I../Drivers/STM32F1xx_HAL_Driver/Inc -I../Drivers/STM32F1xx_HAL_Driver/Inc/Legacy -I../Drivers/CMSIS/Device/ST/STM32F1xx/Include -I../Drivers/CMSIS/Include -O0 -ffunction-sections -fdata-sections -Wall -fstack-usage -MMD -MP -MF"Core/Src/sysmem.d" -MT"Core/Src/sysmem.o" --specs=nano.specs -mfloat-abi=soft -mthumb -o "Core/Src/sysmem.o"
arm-none-eabi-gcc "../Core/Src/system_stm32f1xx.c" -mcpu=cortex-m3 -std=gnu11 -g3 -DDEBUG -DUSE_HAL_DRIVER -DSTM32F103xB -c -I../Core/Inc -I../Drivers/STM32F1xx_HAL_Driver/Inc -I../Drivers/STM32F1xx_HAL_Driver/Inc/Legacy -I../Drivers/CMSIS/Device/ST/STM32F1xx/Include -I../Drivers/CMSIS/Include -O0 -ffunction-sections -fdata-sections -Wall -fstack-usage -MMD -MP -MF"Core/Src/system_stm32f1xx.d" -MT"Core/Src/system_stm32f1xx.o" --specs=nano.specs -mfloat-abi=soft -mthumb -o "Core/Src/system_stm32f1xx.o"
arm-none-eabi-gcc -o "app.elf" @"objects.list"   -mcpu=cortex-m3 -T"C:\DATA\ME\beagyazott\git\app\STM32F103RBTX_FLASH.ld" --specs=nosys.specs -Wl,-Map="app.map" -Wl,--gc-sections -static --specs=nano.specs -mfloat-abi=soft -mthumb -Wl,--start-group -lc -lm -Wl,--end-group
Finished building target: app.elf
 
arm-none-eabi-size   app.elf 
arm-none-eabi-objdump -h -S  app.elf  > "app.list"
arm-none-eabi-objcopy  -O binary  app.elf  "app.bin"
   text	   data	    bss	    dec	    hex	filename
   5816	     20	   1636	   7472	   1d30	app.elf
Finished building: default.size.stdout
 
Finished building: app.list
Finished building: app.bin
 
 
14:11:27 **** Incremental Build of configuration Debug for project app ****
make -j4 all 
arm-none-eabi-gcc "../Core/Src/main.c" -mcpu=cortex-m3 -std=gnu11 -g3 -DDEBUG -DUSE_HAL_DRIVER -DSTM32F103xB -c -I../Core/Inc -I../Drivers/STM32F1xx_HAL_Driver/Inc -I../Drivers/STM32F1xx_HAL_Driver/Inc/Legacy -I../Drivers/CMSIS/Device/ST/STM32F1xx/Include -I../Drivers/CMSIS/Include -O0 -ffunction-sections -fdata-sections -Wall -fstack-usage -MMD -MP -MF"Core/Src/main.d" -MT"Core/Src/main.o" --specs=nano.specs -mfloat-abi=soft -mthumb -o "Core/Src/main.o"
../Core/Src/main.c: In function 'main':
../Core/Src/main.c:69:10: warning: variable 'value' set but not used [-Wunused-but-set-variable]
   69 |  uint8_t value=0;
      |          ^~~~~
arm-none-eabi-gcc -o "app.elf" @"objects.list"   -mcpu=cortex-m3 -T"C:\DATA\ME\beagyazott\git\app\STM32F103RBTX_FLASH.ld" --specs=nosys.specs -Wl,-Map="app.map" -Wl,--gc-sections -static --specs=nano.specs -mfloat-abi=soft -mthumb -Wl,--start-group -lc -lm -Wl,--end-group
Finished building target: app.elf
 
arm-none-eabi-size   app.elf 
arm-none-eabi-objdump -h -S  app.elf  > "app.list"
arm-none-eabi-objcopy  -O binary  app.elf  "app.bin"
   text	   data	    bss	    dec	    hex	filename
   5804	     20	   1636	   7460	   1d24	app.elf
Finished building: default.size.stdout
 
Finished building: app.bin
Finished building: app.list
 
 
14:11:29 **** Incremental Build of configuration Debug for project app ****
make -j4 all 
arm-none-eabi-size   app.elf 
   text	   data	    bss	    dec	    hex	filename
   5804	     20	   1636	   7460	   1d24	app.elf
Finished building: default.size.stdout
 
14:12:01 **** Incremental Build of configuration Debug for project app ****
make -j4 all 
arm-none-eabi-size   app.elf 
   text	   data	    bss	    dec	    hex	filename
   5804	     20	   1636	   7460	   1d24	app.elf
Finished building: default.size.stdout
 
14:12:02 **** Incremental Build of configuration Debug for project app ****
make -j4 all 
arm-none-eabi-size   app.elf 
   text	   data	    bss	    dec	    hex	filename
   5804	     20	   1636	   7460	   1d24	app.elf
Finished building: default.size.stdout
 
14:15:14 **** Incremental Build of configuration Debug for project app ****
make -j4 all 
arm-none-eabi-size   app.elf 
   text	   data	    bss	    dec	    hex	filename
   5804	     20	   1636	   7460	   1d24	app.elf
Finished building: default.size.stdout
 
14:20:15 **** Incremental Build of configuration Debug for project app ****
make -j4 all 
arm-none-eabi-size   app.elf 
   text	   data	    bss	    dec	    hex	filename
   5804	     20	   1636	   7460	   1d24	app.elf
Finished building: default.size.stdout
 
14:31:32 **** Incremental Build of configuration Debug for project app ****
make -j4 all 
arm-none-eabi-size   app.elf 
   text	   data	    bss	    dec	    hex	filename
   5804	     20	   1636	   7460	   1d24	app.elf
Finished building: default.size.stdout
 
15:23:43 **** Incremental Build of configuration Debug for project app ****
make -j4 all 
arm-none-eabi-gcc "../Core/Src/hx711.c" -mcpu=cortex-m3 -std=gnu11 -g3 -DDEBUG -DUSE_HAL_DRIVER -DSTM32F103xB -c -I../Core/Inc -I../Drivers/STM32F1xx_HAL_Driver/Inc -I../Drivers/STM32F1xx_HAL_Driver/Inc/Legacy -I../Drivers/CMSIS/Device/ST/STM32F1xx/Include -I../Drivers/CMSIS/Include -O0 -ffunction-sections -fdata-sections -Wall -fstack-usage -MMD -MP -MF"Core/Src/hx711.d" -MT"Core/Src/hx711.o" --specs=nano.specs -mfloat-abi=soft -mthumb -o "Core/Src/hx711.o"
arm-none-eabi-gcc "../Core/Src/main.c" -mcpu=cortex-m3 -std=gnu11 -g3 -DDEBUG -DUSE_HAL_DRIVER -DSTM32F103xB -c -I../Core/Inc -I../Drivers/STM32F1xx_HAL_Driver/Inc -I../Drivers/STM32F1xx_HAL_Driver/Inc/Legacy -I../Drivers/CMSIS/Device/ST/STM32F1xx/Include -I../Drivers/CMSIS/Include -O0 -ffunction-sections -fdata-sections -Wall -fstack-usage -MMD -MP -MF"Core/Src/main.d" -MT"Core/Src/main.o" --specs=nano.specs -mfloat-abi=soft -mthumb -o "Core/Src/main.o"
arm-none-eabi-gcc "../Core/Src/main2.c" -mcpu=cortex-m3 -std=gnu11 -g3 -DDEBUG -DUSE_HAL_DRIVER -DSTM32F103xB -c -I../Core/Inc -I../Drivers/STM32F1xx_HAL_Driver/Inc -I../Drivers/STM32F1xx_HAL_Driver/Inc/Legacy -I../Drivers/CMSIS/Device/ST/STM32F1xx/Include -I../Drivers/CMSIS/Include -O0 -ffunction-sections -fdata-sections -Wall -fstack-usage -MMD -MP -MF"Core/Src/main2.d" -MT"Core/Src/main2.o" --specs=nano.specs -mfloat-abi=soft -mthumb -o "Core/Src/main2.o"
In file included from ../Core/Src/hx711.c:1:
../Core/Src/hx711.h:8:2: error: unknown type name 'GPIO_TypeDef'
    8 |  GPIO_TypeDef* gpioSck;
      |  ^~~~~~~~~~~~
../Core/Src/hx711.h:9:2: error: unknown type name 'GPIO_TypeDef'
    9 |  GPIO_TypeDef* gpioData;
      |  ^~~~~~~~~~~~
../Core/Src/hx711.h:10:2: error: unknown type name 'uint16_t'
   10 |  uint16_t pinSck;
      |  ^~~~~~~~
../Core/Src/hx711.h:11:2: error: unknown type name 'uint16_t'
   11 |  uint16_t pinData;
      |  ^~~~~~~~
../Core/Src/hx711.h:29:30: error: unknown type name 'uint8_t'
   29 | HX711 HX711_Tare(HX711 data, uint8_t times);
      |                              ^~~~~~~
../Core/Src/hx711.h:31:36: error: unknown type name 'uint8_t'
   31 | int HX711_AverageValue(HX711 data, uint8_t times);
      |                                    ^~~~~~~
../Core/Src/hx711.c: In function 'HX711_Init':
../Core/Src/hx711.c:11:20: warning: passing argument 1 of 'HAL_GPIO_Init' from incompatible pointer type [-Wincompatible-pointer-types]
   11 |  HAL_GPIO_Init(data.gpioSck, &GPIO_InitStruct);
      |                ~~~~^~~~~~~~
      |                    |
      |                    int *
In file included from ../Core/Inc/stm32f1xx_hal_conf.h:241,
                 from ../Drivers/STM32F1xx_HAL_Driver/Inc/stm32f1xx_hal.h:30,
                 from ../Core/Src/hx711.c:2:
../Drivers/STM32F1xx_HAL_Driver/Inc/stm32f1xx_hal_gpio.h:224:36: note: expected 'GPIO_TypeDef *' {aka 'struct <anonymous> *'} but argument is of type 'int *'
  224 | void  HAL_GPIO_Init(GPIO_TypeDef  *GPIOx, GPIO_InitTypeDef *GPIO_Init);
      |                     ~~~~~~~~~~~~~~~^~~~~
../Core/Src/hx711.c:17:20: warning: passing argument 1 of 'HAL_GPIO_Init' from incompatible pointer type [-Wincompatible-pointer-types]
   17 |  HAL_GPIO_Init(data.gpioData, &GPIO_InitStruct);
      |                ~~~~^~~~~~~~~
      |                    |
      |                    int *
In file included from ../Core/Inc/stm32f1xx_hal_conf.h:241,
                 from ../Drivers/STM32F1xx_HAL_Driver/Inc/stm32f1xx_hal.h:30,
                 from ../Core/Src/hx711.c:2:
../Drivers/STM32F1xx_HAL_Driver/Inc/stm32f1xx_hal_gpio.h:224:36: note: expected 'GPIO_TypeDef *' {aka 'struct <anonymous> *'} but argument is of type 'int *'
  224 | void  HAL_GPIO_Init(GPIO_TypeDef  *GPIOx, GPIO_InitTypeDef *GPIO_Init);
      |                     ~~~~~~~~~~~~~~~^~~~~
../Core/Src/hx711.c:19:24: warning: passing argument 1 of 'HAL_GPIO_WritePin' from incompatible pointer type [-Wincompatible-pointer-types]
   19 |  HAL_GPIO_WritePin(data.gpioSck, data.pinSck, GPIO_PIN_SET);
      |                    ~~~~^~~~~~~~
      |                        |
      |                        int *
In file included from ../Core/Inc/stm32f1xx_hal_conf.h:241,
                 from ../Drivers/STM32F1xx_HAL_Driver/Inc/stm32f1xx_hal.h:30,
                 from ../Core/Src/hx711.c:2:
../Drivers/STM32F1xx_HAL_Driver/Inc/stm32f1xx_hal_gpio.h:235:38: note: expected 'GPIO_TypeDef *' {aka 'struct <anonymous> *'} but argument is of type 'int *'
  235 | void HAL_GPIO_WritePin(GPIO_TypeDef *GPIOx, uint16_t GPIO_Pin, GPIO_PinState PinState);
      |                        ~~~~~~~~~~~~~~^~~~~
../Core/Src/hx711.c:21:24: warning: passing argument 1 of 'HAL_GPIO_WritePin' from incompatible pointer type [-Wincompatible-pointer-types]
   21 |  HAL_GPIO_WritePin(data.gpioSck, data.pinSck, GPIO_PIN_RESET);
      |                    ~~~~^~~~~~~~
      |                        |
      |                        int *
In file included from ../Core/Inc/stm32f1xx_hal_conf.h:241,
                 from ../Drivers/STM32F1xx_HAL_Driver/Inc/stm32f1xx_hal.h:30,
                 from ../Core/Src/hx711.c:2:
../Drivers/STM32F1xx_HAL_Driver/Inc/stm32f1xx_hal_gpio.h:235:38: note: expected 'GPIO_TypeDef *' {aka 'struct <anonymous> *'} but argument is of type 'int *'
  235 | void HAL_GPIO_WritePin(GPIO_TypeDef *GPIOx, uint16_t GPIO_Pin, GPIO_PinState PinState);
      |                        ~~~~~~~~~~~~~~^~~~~
../Core/Src/main.c: In function 'main':
../Core/Src/hx711.c: In function 'HX711_Value':
../Core/Src/hx711.c:41:33: warning: passing argument 1 of 'HAL_GPIO_ReadPin' from incompatible pointer type [-Wincompatible-pointer-types]
   41 |     while (HAL_GPIO_ReadPin(data.gpioData, data.pinData)==1)
      |                             ~~~~^~~~~~~~~
      |                                 |
      |                                 int *
../Core/Src/main.c:106:6: warning: unused variable 'value2' [-Wunused-variable]
  106 |  int value2 = value;
      |      ^~~~~~
In file included from ../Core/Inc/stm32f1xx_hal_conf.h:241,
                 from ../Drivers/STM32F1xx_HAL_Driver/Inc/stm32f1xx_hal.h:30,
                 from ../Core/Src/hx711.c:2:
../Drivers/STM32F1xx_HAL_Driver/Inc/stm32f1xx_hal_gpio.h:234:46: note: expected 'GPIO_TypeDef *' {aka 'struct <anonymous> *'} but argument is of type 'int *'
  234 | GPIO_PinState HAL_GPIO_ReadPin(GPIO_TypeDef *GPIOx, uint16_t GPIO_Pin);
      |                                ~~~~~~~~~~~~~~^~~~~
../Core/Src/hx711.c:46:28: warning: passing argument 1 of 'HAL_GPIO_WritePin' from incompatible pointer type [-Wincompatible-pointer-types]
   46 |      HAL_GPIO_WritePin(data.gpioSck, data.pinSck, GPIO_PIN_SET);
      |                        ~~~~^~~~~~~~
      |                            |
      |                            int *
In file included from ../Core/Inc/stm32f1xx_hal_conf.h:241,
                 from ../Drivers/STM32F1xx_HAL_Driver/Inc/stm32f1xx_hal.h:30,
                 from ../Core/Src/hx711.c:2:
../Drivers/STM32F1xx_HAL_Driver/Inc/stm32f1xx_hal_gpio.h:235:38: note: expected 'GPIO_TypeDef *' {aka 'struct <anonymous> *'} but argument is of type 'int *'
  235 | void HAL_GPIO_WritePin(GPIO_TypeDef *GPIOx, uint16_t GPIO_Pin, GPIO_PinState PinState);
      |                        ~~~~~~~~~~~~~~^~~~~
../Core/Src/hx711.c:50:34: warning: passing argument 1 of 'HAL_GPIO_ReadPin' from incompatible pointer type [-Wincompatible-pointer-types]
   50 |         if (HAL_GPIO_ReadPin(data.gpioData, data.pinData))
      |                              ~~~~^~~~~~~~~
      |                                  |
      |                                  int *
In file included from ../Core/Inc/stm32f1xx_hal_conf.h:241,
                 from ../Drivers/STM32F1xx_HAL_Driver/Inc/stm32f1xx_hal.h:30,
                 from ../Core/Src/hx711.c:2:
../Drivers/STM32F1xx_HAL_Driver/Inc/stm32f1xx_hal_gpio.h:234:46: note: expected 'GPIO_TypeDef *' {aka 'struct <anonymous> *'} but argument is of type 'int *'
  234 | GPIO_PinState HAL_GPIO_ReadPin(GPIO_TypeDef *GPIOx, uint16_t GPIO_Pin);
      |                                ~~~~~~~~~~~~~~^~~~~
../Core/Src/hx711.c:55:31: warning: passing argument 1 of 'HAL_GPIO_WritePin' from incompatible pointer type [-Wincompatible-pointer-types]
   55 |         HAL_GPIO_WritePin(data.gpioSck, data.pinSck, GPIO_PIN_RESET);
      |                           ~~~~^~~~~~~~
      |                               |
      |                               int *
In file included from ../Core/Inc/stm32f1xx_hal_conf.h:241,
                 from ../Drivers/STM32F1xx_HAL_Driver/Inc/stm32f1xx_hal.h:30,
                 from ../Core/Src/hx711.c:2:
../Drivers/STM32F1xx_HAL_Driver/Inc/stm32f1xx_hal_gpio.h:235:38: note: expected 'GPIO_TypeDef *' {aka 'struct <anonymous> *'} but argument is of type 'int *'
  235 | void HAL_GPIO_WritePin(GPIO_TypeDef *GPIOx, uint16_t GPIO_Pin, GPIO_PinState PinState);
      |                        ~~~~~~~~~~~~~~^~~~~
../Core/Src/hx711.c:60:28: warning: passing argument 1 of 'HAL_GPIO_WritePin' from incompatible pointer type [-Wincompatible-pointer-types]
   60 |      HAL_GPIO_WritePin(data.gpioSck, data.pinSck, GPIO_PIN_SET);
      |                        ~~~~^~~~~~~~
      |                            |
      |                            int *
In file included from ../Core/Inc/stm32f1xx_hal_conf.h:241,
                 from ../Drivers/STM32F1xx_HAL_Driver/Inc/stm32f1xx_hal.h:30,
                 from ../Core/Src/hx711.c:2:
../Drivers/STM32F1xx_HAL_Driver/Inc/stm32f1xx_hal_gpio.h:235:38: note: expected 'GPIO_TypeDef *' {aka 'struct <anonymous> *'} but argument is of type 'int *'
  235 | void HAL_GPIO_WritePin(GPIO_TypeDef *GPIOx, uint16_t GPIO_Pin, GPIO_PinState PinState);
      |                        ~~~~~~~~~~~~~~^~~~~
../Core/Src/hx711.c:61:28: warning: passing argument 1 of 'HAL_GPIO_WritePin' from incompatible pointer type [-Wincompatible-pointer-types]
   61 |      HAL_GPIO_WritePin(data.gpioSck, data.pinSck, GPIO_PIN_RESET);
      |                        ~~~~^~~~~~~~
      |                            |
      |                            int *
In file included from ../Core/Inc/stm32f1xx_hal_conf.h:241,
                 from ../Drivers/STM32F1xx_HAL_Driver/Inc/stm32f1xx_hal.h:30,
                 from ../Core/Src/hx711.c:2:
../Drivers/STM32F1xx_HAL_Driver/Inc/stm32f1xx_hal_gpio.h:235:38: note: expected 'GPIO_TypeDef *' {aka 'struct <anonymous> *'} but argument is of type 'int *'
  235 | void HAL_GPIO_WritePin(GPIO_TypeDef *GPIOx, uint16_t GPIO_Pin, GPIO_PinState PinState);
      |                        ~~~~~~~~~~~~~~^~~~~
make: *** [Core/Src/subdir.mk:40: Core/Src/hx711.o] Error 1
make: *** Waiting for unfinished jobs....
"make -j4 all" terminated with exit code 2. Build might be incomplete.
15:51:12 **** Incremental Build of configuration Debug for project app ****
make -j4 all 
arm-none-eabi-gcc "../Core/Src/hx711.c" -mcpu=cortex-m3 -std=gnu11 -g3 -DDEBUG -DUSE_HAL_DRIVER -DSTM32F103xB -c -I../Core/Inc -I../Drivers/STM32F1xx_HAL_Driver/Inc -I../Drivers/STM32F1xx_HAL_Driver/Inc/Legacy -I../Drivers/CMSIS/Device/ST/STM32F1xx/Include -I../Drivers/CMSIS/Include -O0 -ffunction-sections -fdata-sections -Wall -fstack-usage -MMD -MP -MF"Core/Src/hx711.d" -MT"Core/Src/hx711.o" --specs=nano.specs -mfloat-abi=soft -mthumb -o "Core/Src/hx711.o"
arm-none-eabi-gcc "../Core/Src/main.c" -mcpu=cortex-m3 -std=gnu11 -g3 -DDEBUG -DUSE_HAL_DRIVER -DSTM32F103xB -c -I../Core/Inc -I../Drivers/STM32F1xx_HAL_Driver/Inc -I../Drivers/STM32F1xx_HAL_Driver/Inc/Legacy -I../Drivers/CMSIS/Device/ST/STM32F1xx/Include -I../Drivers/CMSIS/Include -O0 -ffunction-sections -fdata-sections -Wall -fstack-usage -MMD -MP -MF"Core/Src/main.d" -MT"Core/Src/main.o" --specs=nano.specs -mfloat-abi=soft -mthumb -o "Core/Src/main.o"
arm-none-eabi-gcc "../Core/Src/main2.c" -mcpu=cortex-m3 -std=gnu11 -g3 -DDEBUG -DUSE_HAL_DRIVER -DSTM32F103xB -c -I../Core/Inc -I../Drivers/STM32F1xx_HAL_Driver/Inc -I../Drivers/STM32F1xx_HAL_Driver/Inc/Legacy -I../Drivers/CMSIS/Device/ST/STM32F1xx/Include -I../Drivers/CMSIS/Include -O0 -ffunction-sections -fdata-sections -Wall -fstack-usage -MMD -MP -MF"Core/Src/main2.d" -MT"Core/Src/main2.o" --specs=nano.specs -mfloat-abi=soft -mthumb -o "Core/Src/main2.o"
../Core/Src/main.c: In function 'main':
../Core/Src/main.c:106:6: warning: unused variable 'value2' [-Wunused-variable]
  106 |  int value2 = value;
      |      ^~~~~~
arm-none-eabi-gcc -o "app.elf" @"objects.list"   -mcpu=cortex-m3 -T"C:\DATA\ME\beagyazott\git\app\STM32F103RBTX_FLASH.ld" --specs=nosys.specs -Wl,-Map="app.map" -Wl,--gc-sections -static --specs=nano.specs -mfloat-abi=soft -mthumb -Wl,--start-group -lc -lm -Wl,--end-group
Finished building target: app.elf
 
arm-none-eabi-size   app.elf 
arm-none-eabi-objdump -h -S  app.elf  > "app.list"
arm-none-eabi-objcopy  -O binary  app.elf  "app.bin"
   text	   data	    bss	    dec	    hex	filename
   6016	     20	   1636	   7672	   1df8	app.elf
Finished building: default.size.stdout
 
Finished building: app.bin
Finished building: app.list
 
 
15:52:56 **** Incremental Build of configuration Debug for project app ****
make -j4 all 
arm-none-eabi-size   app.elf 
   text	   data	    bss	    dec	    hex	filename
   6016	     20	   1636	   7672	   1df8	app.elf
Finished building: default.size.stdout
 
15:53:09 **** Incremental Build of configuration Debug for project app ****
make -j4 all 
arm-none-eabi-size   app.elf 
   text	   data	    bss	    dec	    hex	filename
   6016	     20	   1636	   7672	   1df8	app.elf
Finished building: default.size.stdout
 
16:07:07 **** Incremental Build of configuration Debug for project app ****
make -j4 all 
arm-none-eabi-gcc "../Core/Src/hx711.c" -mcpu=cortex-m3 -std=gnu11 -g3 -DDEBUG -DUSE_HAL_DRIVER -DSTM32F103xB -c -I../Core/Inc -I../Drivers/STM32F1xx_HAL_Driver/Inc -I../Drivers/STM32F1xx_HAL_Driver/Inc/Legacy -I../Drivers/CMSIS/Device/ST/STM32F1xx/Include -I../Drivers/CMSIS/Include -O0 -ffunction-sections -fdata-sections -Wall -fstack-usage -MMD -MP -MF"Core/Src/hx711.d" -MT"Core/Src/hx711.o" --specs=nano.specs -mfloat-abi=soft -mthumb -o "Core/Src/hx711.o"
arm-none-eabi-gcc "../Core/Src/main.c" -mcpu=cortex-m3 -std=gnu11 -g3 -DDEBUG -DUSE_HAL_DRIVER -DSTM32F103xB -c -I../Core/Inc -I../Drivers/STM32F1xx_HAL_Driver/Inc -I../Drivers/STM32F1xx_HAL_Driver/Inc/Legacy -I../Drivers/CMSIS/Device/ST/STM32F1xx/Include -I../Drivers/CMSIS/Include -O0 -ffunction-sections -fdata-sections -Wall -fstack-usage -MMD -MP -MF"Core/Src/main.d" -MT"Core/Src/main.o" --specs=nano.specs -mfloat-abi=soft -mthumb -o "Core/Src/main.o"
../Core/Src/main.c: In function 'main':
../Core/Src/main.c:106:6: warning: unused variable 'value2' [-Wunused-variable]
  106 |  int value2 = value;
      |      ^~~~~~
arm-none-eabi-gcc -o "app.elf" @"objects.list"   -mcpu=cortex-m3 -T"C:\DATA\ME\beagyazott\git\app\STM32F103RBTX_FLASH.ld" --specs=nosys.specs -Wl,-Map="app.map" -Wl,--gc-sections -static --specs=nano.specs -mfloat-abi=soft -mthumb -Wl,--start-group -lc -lm -Wl,--end-group
Finished building target: app.elf
 
arm-none-eabi-size   app.elf 
arm-none-eabi-objdump -h -S  app.elf  > "app.list"
arm-none-eabi-objcopy  -O binary  app.elf  "app.bin"
   text	   data	    bss	    dec	    hex	filename
   6016	     20	   1636	   7672	   1df8	app.elf
Finished building: default.size.stdout
 
Finished building: app.bin
Finished building: app.list
 
 
16:09:00 **** Incremental Build of configuration Debug for project app ****
make -j4 all 
arm-none-eabi-gcc "../Core/Src/main.c" -mcpu=cortex-m3 -std=gnu11 -g3 -DDEBUG -DUSE_HAL_DRIVER -DSTM32F103xB -c -I../Core/Inc -I../Drivers/STM32F1xx_HAL_Driver/Inc -I../Drivers/STM32F1xx_HAL_Driver/Inc/Legacy -I../Drivers/CMSIS/Device/ST/STM32F1xx/Include -I../Drivers/CMSIS/Include -O0 -ffunction-sections -fdata-sections -Wall -fstack-usage -MMD -MP -MF"Core/Src/main.d" -MT"Core/Src/main.o" --specs=nano.specs -mfloat-abi=soft -mthumb -o "Core/Src/main.o"
../Core/Src/main.c: In function 'main':
../Core/Src/main.c:105:14: warning: implicit declaration of function 'HX711_Average_Value'; did you mean 'HX711_AverageValue'? [-Wimplicit-function-declaration]
  105 |  int value = HX711_Average_Value(data);
      |              ^~~~~~~~~~~~~~~~~~~
      |              HX711_AverageValue
../Core/Src/main.c:106:6: warning: unused variable 'value2' [-Wunused-variable]
  106 |  int value2 = value;
      |      ^~~~~~
arm-none-eabi-gcc -o "app.elf" @"objects.list"   -mcpu=cortex-m3 -T"C:\DATA\ME\beagyazott\git\app\STM32F103RBTX_FLASH.ld" --specs=nosys.specs -Wl,-Map="app.map" -Wl,--gc-sections -static --specs=nano.specs -mfloat-abi=soft -mthumb -Wl,--start-group -lc -lm -Wl,--end-group
Finished building target: app.elf
 
arm-none-eabi-size   app.elf 
arm-none-eabi-objdump -h -S  app.elf  > "app.list"
arm-none-eabi-objcopy  -O binary  app.elf  "app.bin"
   text	   data	    bss	    dec	    hex	filename
   6112	     20	   1636	   7768	   1e58	app.elf
Finished building: default.size.stdout
 
Finished building: app.bin
Finished building: app.list
 
 
16:09:51 **** Incremental Build of configuration Debug for project app ****
make -j4 all 
arm-none-eabi-gcc "../Core/Src/main.c" -mcpu=cortex-m3 -std=gnu11 -g3 -DDEBUG -DUSE_HAL_DRIVER -DSTM32F103xB -c -I../Core/Inc -I../Drivers/STM32F1xx_HAL_Driver/Inc -I../Drivers/STM32F1xx_HAL_Driver/Inc/Legacy -I../Drivers/CMSIS/Device/ST/STM32F1xx/Include -I../Drivers/CMSIS/Include -O0 -ffunction-sections -fdata-sections -Wall -fstack-usage -MMD -MP -MF"Core/Src/main.d" -MT"Core/Src/main.o" --specs=nano.specs -mfloat-abi=soft -mthumb -o "Core/Src/main.o"
../Core/Src/main.c: In function 'main':
../Core/Src/main.c:105:14: warning: implicit declaration of function 'HX711_Average_Value'; did you mean 'HX711_AverageValue'? [-Wimplicit-function-declaration]
  105 |  int value = HX711_Average_Value(data, 100);
      |              ^~~~~~~~~~~~~~~~~~~
      |              HX711_AverageValue
../Core/Src/main.c:106:6: warning: unused variable 'value2' [-Wunused-variable]
  106 |  int value2 = value;
      |      ^~~~~~
arm-none-eabi-gcc -o "app.elf" @"objects.list"   -mcpu=cortex-m3 -T"C:\DATA\ME\beagyazott\git\app\STM32F103RBTX_FLASH.ld" --specs=nosys.specs -Wl,-Map="app.map" -Wl,--gc-sections -static --specs=nano.specs -mfloat-abi=soft -mthumb -Wl,--start-group -lc -lm -Wl,--end-group
Finished building target: app.elf
 
arm-none-eabi-size   app.elf 
arm-none-eabi-objdump -h -S  app.elf  > "app.list"
arm-none-eabi-objcopy  -O binary  app.elf  "app.bin"
   text	   data	    bss	    dec	    hex	filename
   6116	     20	   1636	   7772	   1e5c	app.elf
Finished building: default.size.stdout
 
Finished building: app.bin
Finished building: app.list
 
 
16:10:06 **** Incremental Build of configuration Debug for project app ****
make -j4 all 
arm-none-eabi-gcc "../Core/Src/hx711.c" -mcpu=cortex-m3 -std=gnu11 -g3 -DDEBUG -DUSE_HAL_DRIVER -DSTM32F103xB -c -I../Core/Inc -I../Drivers/STM32F1xx_HAL_Driver/Inc -I../Drivers/STM32F1xx_HAL_Driver/Inc/Legacy -I../Drivers/CMSIS/Device/ST/STM32F1xx/Include -I../Drivers/CMSIS/Include -O0 -ffunction-sections -fdata-sections -Wall -fstack-usage -MMD -MP -MF"Core/Src/hx711.d" -MT"Core/Src/hx711.o" --specs=nano.specs -mfloat-abi=soft -mthumb -o "Core/Src/hx711.o"
arm-none-eabi-gcc "../Core/Src/main.c" -mcpu=cortex-m3 -std=gnu11 -g3 -DDEBUG -DUSE_HAL_DRIVER -DSTM32F103xB -c -I../Core/Inc -I../Drivers/STM32F1xx_HAL_Driver/Inc -I../Drivers/STM32F1xx_HAL_Driver/Inc/Legacy -I../Drivers/CMSIS/Device/ST/STM32F1xx/Include -I../Drivers/CMSIS/Include -O0 -ffunction-sections -fdata-sections -Wall -fstack-usage -MMD -MP -MF"Core/Src/main.d" -MT"Core/Src/main.o" --specs=nano.specs -mfloat-abi=soft -mthumb -o "Core/Src/main.o"
arm-none-eabi-gcc "../Core/Src/main2.c" -mcpu=cortex-m3 -std=gnu11 -g3 -DDEBUG -DUSE_HAL_DRIVER -DSTM32F103xB -c -I../Core/Inc -I../Drivers/STM32F1xx_HAL_Driver/Inc -I../Drivers/STM32F1xx_HAL_Driver/Inc/Legacy -I../Drivers/CMSIS/Device/ST/STM32F1xx/Include -I../Drivers/CMSIS/Include -O0 -ffunction-sections -fdata-sections -Wall -fstack-usage -MMD -MP -MF"Core/Src/main2.d" -MT"Core/Src/main2.o" --specs=nano.specs -mfloat-abi=soft -mthumb -o "Core/Src/main2.o"
../Core/Src/main.c: In function 'main':
../Core/Src/main.c:106:6: warning: unused variable 'value2' [-Wunused-variable]
  106 |  int value2 = value;
      |      ^~~~~~
arm-none-eabi-gcc -o "app.elf" @"objects.list"   -mcpu=cortex-m3 -T"C:\DATA\ME\beagyazott\git\app\STM32F103RBTX_FLASH.ld" --specs=nosys.specs -Wl,-Map="app.map" -Wl,--gc-sections -static --specs=nano.specs -mfloat-abi=soft -mthumb -Wl,--start-group -lc -lm -Wl,--end-group
Finished building target: app.elf
 
arm-none-eabi-size   app.elf 
arm-none-eabi-objdump -h -S  app.elf  > "app.list"
arm-none-eabi-objcopy  -O binary  app.elf  "app.bin"
   text	   data	    bss	    dec	    hex	filename
   6116	     20	   1636	   7772	   1e5c	app.elf
Finished building: default.size.stdout
 
Finished building: app.bin
 
Finished building: app.list
 
16:12:05 **** Incremental Build of configuration Debug for project app ****
make -j4 all 
arm-none-eabi-gcc "../Core/Src/main.c" -mcpu=cortex-m3 -std=gnu11 -g3 -DDEBUG -DUSE_HAL_DRIVER -DSTM32F103xB -c -I../Core/Inc -I../Drivers/STM32F1xx_HAL_Driver/Inc -I../Drivers/STM32F1xx_HAL_Driver/Inc/Legacy -I../Drivers/CMSIS/Device/ST/STM32F1xx/Include -I../Drivers/CMSIS/Include -O0 -ffunction-sections -fdata-sections -Wall -fstack-usage -MMD -MP -MF"Core/Src/main.d" -MT"Core/Src/main.o" --specs=nano.specs -mfloat-abi=soft -mthumb -o "Core/Src/main.o"
../Core/Src/main.c: In function 'main':
../Core/Src/main.c:106:6: warning: unused variable 'value2' [-Wunused-variable]
  106 |  int value2 = value;
      |      ^~~~~~
arm-none-eabi-gcc -o "app.elf" @"objects.list"   -mcpu=cortex-m3 -T"C:\DATA\ME\beagyazott\git\app\STM32F103RBTX_FLASH.ld" --specs=nosys.specs -Wl,-Map="app.map" -Wl,--gc-sections -static --specs=nano.specs -mfloat-abi=soft -mthumb -Wl,--start-group -lc -lm -Wl,--end-group
Finished building target: app.elf
 
arm-none-eabi-size   app.elf 
arm-none-eabi-objdump -h -S  app.elf  > "app.list"
arm-none-eabi-objcopy  -O binary  app.elf  "app.bin"
   text	   data	    bss	    dec	    hex	filename
   6116	     20	   1636	   7772	   1e5c	app.elf
Finished building: default.size.stdout
 
Finished building: app.bin
Finished building: app.list
 
 
16:13:20 **** Incremental Build of configuration Debug for project app ****
make -j4 all 
arm-none-eabi-gcc "../Core/Src/hx711.c" -mcpu=cortex-m3 -std=gnu11 -g3 -DDEBUG -DUSE_HAL_DRIVER -DSTM32F103xB -c -I../Core/Inc -I../Drivers/STM32F1xx_HAL_Driver/Inc -I../Drivers/STM32F1xx_HAL_Driver/Inc/Legacy -I../Drivers/CMSIS/Device/ST/STM32F1xx/Include -I../Drivers/CMSIS/Include -O0 -ffunction-sections -fdata-sections -Wall -fstack-usage -MMD -MP -MF"Core/Src/hx711.d" -MT"Core/Src/hx711.o" --specs=nano.specs -mfloat-abi=soft -mthumb -o "Core/Src/hx711.o"
arm-none-eabi-gcc -o "app.elf" @"objects.list"   -mcpu=cortex-m3 -T"C:\DATA\ME\beagyazott\git\app\STM32F103RBTX_FLASH.ld" --specs=nosys.specs -Wl,-Map="app.map" -Wl,--gc-sections -static --specs=nano.specs -mfloat-abi=soft -mthumb -Wl,--start-group -lc -lm -Wl,--end-group
Finished building target: app.elf
 
arm-none-eabi-size   app.elf 
arm-none-eabi-objdump -h -S  app.elf  > "app.list"
arm-none-eabi-objcopy  -O binary  app.elf  "app.bin"
   text	   data	    bss	    dec	    hex	filename
   6116	     20	   1636	   7772	   1e5c	app.elf
Finished building: default.size.stdout
Finished building: app.bin
 
 
Finished building: app.list
 
16:16:53 **** Incremental Build of configuration Debug for project app ****
make -j4 all 
arm-none-eabi-gcc "../Core/Src/hx711.c" -mcpu=cortex-m3 -std=gnu11 -g3 -DDEBUG -DUSE_HAL_DRIVER -DSTM32F103xB -c -I../Core/Inc -I../Drivers/STM32F1xx_HAL_Driver/Inc -I../Drivers/STM32F1xx_HAL_Driver/Inc/Legacy -I../Drivers/CMSIS/Device/ST/STM32F1xx/Include -I../Drivers/CMSIS/Include -O0 -ffunction-sections -fdata-sections -Wall -fstack-usage -MMD -MP -MF"Core/Src/hx711.d" -MT"Core/Src/hx711.o" --specs=nano.specs -mfloat-abi=soft -mthumb -o "Core/Src/hx711.o"
arm-none-eabi-gcc "../Core/Src/main.c" -mcpu=cortex-m3 -std=gnu11 -g3 -DDEBUG -DUSE_HAL_DRIVER -DSTM32F103xB -c -I../Core/Inc -I../Drivers/STM32F1xx_HAL_Driver/Inc -I../Drivers/STM32F1xx_HAL_Driver/Inc/Legacy -I../Drivers/CMSIS/Device/ST/STM32F1xx/Include -I../Drivers/CMSIS/Include -O0 -ffunction-sections -fdata-sections -Wall -fstack-usage -MMD -MP -MF"Core/Src/main.d" -MT"Core/Src/main.o" --specs=nano.specs -mfloat-abi=soft -mthumb -o "Core/Src/main.o"
../Core/Src/main.c: In function 'main':
../Core/Src/main.c:106:16: warning: unused variable 'value2' [-Wunused-variable]
  106 |  unsigned long value2 = value;
      |                ^~~~~~
../Core/Src/hx711.c:36:15: error: conflicting types for 'HX711_Value'
   36 | unsigned long HX711_Value(HX711 data)
      |               ^~~~~~~~~~~
In file included from ../Core/Src/hx711.c:1:
../Core/Src/hx711.h:32:5: note: previous declaration of 'HX711_Value' was here
   32 | int HX711_Value(HX711 data);
      |     ^~~~~~~~~~~
make: *** [Core/Src/subdir.mk:40: Core/Src/hx711.o] Error 1
make: *** Waiting for unfinished jobs....
"make -j4 all" terminated with exit code 2. Build might be incomplete.
16:18:18 **** Incremental Build of configuration Debug for project app ****
make -j4 all 
arm-none-eabi-gcc "../Core/Src/hx711.c" -mcpu=cortex-m3 -std=gnu11 -g3 -DDEBUG -DUSE_HAL_DRIVER -DSTM32F103xB -c -I../Core/Inc -I../Drivers/STM32F1xx_HAL_Driver/Inc -I../Drivers/STM32F1xx_HAL_Driver/Inc/Legacy -I../Drivers/CMSIS/Device/ST/STM32F1xx/Include -I../Drivers/CMSIS/Include -O0 -ffunction-sections -fdata-sections -Wall -fstack-usage -MMD -MP -MF"Core/Src/hx711.d" -MT"Core/Src/hx711.o" --specs=nano.specs -mfloat-abi=soft -mthumb -o "Core/Src/hx711.o"
arm-none-eabi-gcc "../Core/Src/main.c" -mcpu=cortex-m3 -std=gnu11 -g3 -DDEBUG -DUSE_HAL_DRIVER -DSTM32F103xB -c -I../Core/Inc -I../Drivers/STM32F1xx_HAL_Driver/Inc -I../Drivers/STM32F1xx_HAL_Driver/Inc/Legacy -I../Drivers/CMSIS/Device/ST/STM32F1xx/Include -I../Drivers/CMSIS/Include -O0 -ffunction-sections -fdata-sections -Wall -fstack-usage -MMD -MP -MF"Core/Src/main.d" -MT"Core/Src/main.o" --specs=nano.specs -mfloat-abi=soft -mthumb -o "Core/Src/main.o"
arm-none-eabi-gcc "../Core/Src/main2.c" -mcpu=cortex-m3 -std=gnu11 -g3 -DDEBUG -DUSE_HAL_DRIVER -DSTM32F103xB -c -I../Core/Inc -I../Drivers/STM32F1xx_HAL_Driver/Inc -I../Drivers/STM32F1xx_HAL_Driver/Inc/Legacy -I../Drivers/CMSIS/Device/ST/STM32F1xx/Include -I../Drivers/CMSIS/Include -O0 -ffunction-sections -fdata-sections -Wall -fstack-usage -MMD -MP -MF"Core/Src/main2.d" -MT"Core/Src/main2.o" --specs=nano.specs -mfloat-abi=soft -mthumb -o "Core/Src/main2.o"
../Core/Src/main.c: In function 'main':
../Core/Src/main.c:106:16: warning: unused variable 'value2' [-Wunused-variable]
  106 |  unsigned long value2 = value;
      |                ^~~~~~
arm-none-eabi-gcc -o "app.elf" @"objects.list"   -mcpu=cortex-m3 -T"C:\DATA\ME\beagyazott\git\app\STM32F103RBTX_FLASH.ld" --specs=nosys.specs -Wl,-Map="app.map" -Wl,--gc-sections -static --specs=nano.specs -mfloat-abi=soft -mthumb -Wl,--start-group -lc -lm -Wl,--end-group
Finished building target: app.elf
 
arm-none-eabi-size   app.elf 
arm-none-eabi-objdump -h -S  app.elf  > "app.list"
arm-none-eabi-objcopy  -O binary  app.elf  "app.bin"
   text	   data	    bss	    dec	    hex	filename
   6016	     20	   1636	   7672	   1df8	app.elf
Finished building: default.size.stdout
 
Finished building: app.bin
 
Finished building: app.list
 
16:25:31 **** Incremental Build of configuration Debug for project app ****
make -j4 all 
arm-none-eabi-size   app.elf 
[...]
arm-none-eabi-gcc -o "app.elf" @"objects.list"   -mcpu=cortex-m3 -T"C:\DATA\ME\beagyazott\git\app\STM32F103RBTX_FLASH.ld" --specs=nosys.specs -Wl,-Map="app.map" -Wl,--gc-sections -static --specs=nano.specs -mfloat-abi=soft -mthumb -Wl,--start-group -lc -lm -Wl,--end-group
Finished building target: app.elf
 
arm-none-eabi-size   app.elf 
arm-none-eabi-objdump -h -S  app.elf  > "app.list"
arm-none-eabi-objcopy  -O binary  app.elf  "app.bin"
   text	   data	    bss	    dec	    hex	filename
   9924	     20	   1720	  11664	   2d90	app.elf
Finished building: default.size.stdout
 
Finished building: app.bin
 
Finished building: app.list
 
19:44:36 **** Incremental Build of configuration Debug for project app ****
make -j4 all 
arm-none-eabi-gcc "../Core/Src/main.c" -mcpu=cortex-m3 -std=gnu11 -g3 -DDEBUG -DUSE_HAL_DRIVER -DSTM32F103xB -c -I../Core/Inc -I../Drivers/STM32F1xx_HAL_Driver/Inc -I../Drivers/STM32F1xx_HAL_Driver/Inc/Legacy -I../Drivers/CMSIS/Device/ST/STM32F1xx/Include -I../Drivers/CMSIS/Include -O0 -ffunction-sections -fdata-sections -Wall -fstack-usage -MMD -MP -MF"Core/Src/main.d" -MT"Core/Src/main.o" --specs=nano.specs -mfloat-abi=soft -mthumb -o "Core/Src/main.o"
arm-none-eabi-gcc -o "app.elf" @"objects.list"   -mcpu=cortex-m3 -T"C:\DATA\ME\beagyazott\git\app\STM32F103RBTX_FLASH.ld" --specs=nosys.specs -Wl,-Map="app.map" -Wl,--gc-sections -static --specs=nano.specs -mfloat-abi=soft -mthumb -Wl,--start-group -lc -lm -Wl,--end-group
Finished building target: app.elf
 
arm-none-eabi-size   app.elf 
arm-none-eabi-objdump -h -S  app.elf  > "app.list"
arm-none-eabi-objcopy  -O binary  app.elf  "app.bin"
   text	   data	    bss	    dec	    hex	filename
   9924	     20	   1720	  11664	   2d90	app.elf
Finished building: default.size.stdout
 
Finished building: app.bin
 
Finished building: app.list
 
19:46:18 **** Incremental Build of configuration Debug for project app ****
make -j4 all 
arm-none-eabi-gcc "../Core/Src/main.c" -mcpu=cortex-m3 -std=gnu11 -g3 -DDEBUG -DUSE_HAL_DRIVER -DSTM32F103xB -c -I../Core/Inc -I../Drivers/STM32F1xx_HAL_Driver/Inc -I../Drivers/STM32F1xx_HAL_Driver/Inc/Legacy -I../Drivers/CMSIS/Device/ST/STM32F1xx/Include -I../Drivers/CMSIS/Include -O0 -ffunction-sections -fdata-sections -Wall -fstack-usage -MMD -MP -MF"Core/Src/main.d" -MT"Core/Src/main.o" --specs=nano.specs -mfloat-abi=soft -mthumb -o "Core/Src/main.o"
arm-none-eabi-gcc -o "app.elf" @"objects.list"   -mcpu=cortex-m3 -T"C:\DATA\ME\beagyazott\git\app\STM32F103RBTX_FLASH.ld" --specs=nosys.specs -Wl,-Map="app.map" -Wl,--gc-sections -static --specs=nano.specs -mfloat-abi=soft -mthumb -Wl,--start-group -lc -lm -Wl,--end-group
Finished building target: app.elf
 
arm-none-eabi-size   app.elf 
arm-none-eabi-objdump -h -S  app.elf  > "app.list"
arm-none-eabi-objcopy  -O binary  app.elf  "app.bin"
   text	   data	    bss	    dec	    hex	filename
   9920	     20	   1720	  11660	   2d8c	app.elf
Finished building: default.size.stdout
 
Finished building: app.bin
 
Finished building: app.list
 
19:47:03 **** Incremental Build of configuration Debug for project app ****
make -j4 all 
arm-none-eabi-size   app.elf 
   text	   data	    bss	    dec	    hex	filename
   9920	     20	   1720	  11660	   2d8c	app.elf
Finished building: default.size.stdout
 
19:47:59 **** Incremental Build of configuration Debug for project app ****
make -j4 all 
arm-none-eabi-gcc "../Core/Src/main.c" -mcpu=cortex-m3 -std=gnu11 -g3 -DDEBUG -DUSE_HAL_DRIVER -DSTM32F103xB -c -I../Core/Inc -I../Drivers/STM32F1xx_HAL_Driver/Inc -I../Drivers/STM32F1xx_HAL_Driver/Inc/Legacy -I../Drivers/CMSIS/Device/ST/STM32F1xx/Include -I../Drivers/CMSIS/Include -O0 -ffunction-sections -fdata-sections -Wall -fstack-usage -MMD -MP -MF"Core/Src/main.d" -MT"Core/Src/main.o" --specs=nano.specs -mfloat-abi=soft -mthumb -o "Core/Src/main.o"
arm-none-eabi-gcc -o "app.elf" @"objects.list"   -mcpu=cortex-m3 -T"C:\DATA\ME\beagyazott\git\app\STM32F103RBTX_FLASH.ld" --specs=nosys.specs -Wl,-Map="app.map" -Wl,--gc-sections -static --specs=nano.specs -mfloat-abi=soft -mthumb -Wl,--start-group -lc -lm -Wl,--end-group
Finished building target: app.elf
 
arm-none-eabi-size   app.elf 
arm-none-eabi-objdump -h -S  app.elf  > "app.list"
arm-none-eabi-objcopy  -O binary  app.elf  "app.bin"
   text	   data	    bss	    dec	    hex	filename
   9920	     20	   1720	  11660	   2d8c	app.elf
Finished building: default.size.stdout
 
Finished building: app.bin
Finished building: app.list
 
 
19:48:24 **** Incremental Build of configuration Debug for project app ****
make -j4 all 
arm-none-eabi-gcc "../Core/Src/main.c" -mcpu=cortex-m3 -std=gnu11 -g3 -DDEBUG -DUSE_HAL_DRIVER -DSTM32F103xB -c -I../Core/Inc -I../Drivers/STM32F1xx_HAL_Driver/Inc -I../Drivers/STM32F1xx_HAL_Driver/Inc/Legacy -I../Drivers/CMSIS/Device/ST/STM32F1xx/Include -I../Drivers/CMSIS/Include -O0 -ffunction-sections -fdata-sections -Wall -fstack-usage -MMD -MP -MF"Core/Src/main.d" -MT"Core/Src/main.o" --specs=nano.specs -mfloat-abi=soft -mthumb -o "Core/Src/main.o"
arm-none-eabi-gcc -o "app.elf" @"objects.list"   -mcpu=cortex-m3 -T"C:\DATA\ME\beagyazott\git\app\STM32F103RBTX_FLASH.ld" --specs=nosys.specs -Wl,-Map="app.map" -Wl,--gc-sections -static --specs=nano.specs -mfloat-abi=soft -mthumb -Wl,--start-group -lc -lm -Wl,--end-group
Finished building target: app.elf
 
arm-none-eabi-size   app.elf 
arm-none-eabi-objdump -h -S  app.elf  > "app.list"
arm-none-eabi-objcopy  -O binary  app.elf  "app.bin"
   text	   data	    bss	    dec	    hex	filename
   9920	     20	   1720	  11660	   2d8c	app.elf
Finished building: default.size.stdout
 
Finished building: app.bin
 
Finished building: app.list
 
19:49:38 **** Incremental Build of configuration Debug for project app ****
make -j4 all 
arm-none-eabi-gcc "../Core/Src/main.c" -mcpu=cortex-m3 -std=gnu11 -g3 -DDEBUG -DUSE_HAL_DRIVER -DSTM32F103xB -c -I../Core/Inc -I../Drivers/STM32F1xx_HAL_Driver/Inc -I../Drivers/STM32F1xx_HAL_Driver/Inc/Legacy -I../Drivers/CMSIS/Device/ST/STM32F1xx/Include -I../Drivers/CMSIS/Include -O0 -ffunction-sections -fdata-sections -Wall -fstack-usage -MMD -MP -MF"Core/Src/main.d" -MT"Core/Src/main.o" --specs=nano.specs -mfloat-abi=soft -mthumb -o "Core/Src/main.o"
arm-none-eabi-gcc -o "app.elf" @"objects.list"   -mcpu=cortex-m3 -T"C:\DATA\ME\beagyazott\git\app\STM32F103RBTX_FLASH.ld" --specs=nosys.specs -Wl,-Map="app.map" -Wl,--gc-sections -static --specs=nano.specs -mfloat-abi=soft -mthumb -Wl,--start-group -lc -lm -Wl,--end-group
Finished building target: app.elf
 
arm-none-eabi-size   app.elf 
arm-none-eabi-objdump -h -S  app.elf  > "app.list"
arm-none-eabi-objcopy  -O binary  app.elf  "app.bin"
   text	   data	    bss	    dec	    hex	filename
   9924	     20	   1720	  11664	   2d90	app.elf
Finished building: default.size.stdout
 
Finished building: app.bin
Finished building: app.list
 
 
20:10:01 **** Incremental Build of configuration Debug for project app ****
make -j4 all 
arm-none-eabi-gcc "../Core/Src/HX711/HX711.c" -mcpu=cortex-m3 -std=gnu11 -g3 -DDEBUG -DUSE_HAL_DRIVER -DSTM32F103xB -c -I../Core/Inc -I../Drivers/STM32F1xx_HAL_Driver/Inc -I../Drivers/STM32F1xx_HAL_Driver/Inc/Legacy -I../Drivers/CMSIS/Device/ST/STM32F1xx/Include -I../Drivers/CMSIS/Include -O0 -ffunction-sections -fdata-sections -Wall -fstack-usage -MMD -MP -MF"Core/Src/HX711/HX711.d" -MT"Core/Src/HX711/HX711.o" --specs=nano.specs -mfloat-abi=soft -mthumb -o "Core/Src/HX711/HX711.o"
arm-none-eabi-gcc "../Core/Src/main.c" -mcpu=cortex-m3 -std=gnu11 -g3 -DDEBUG -DUSE_HAL_DRIVER -DSTM32F103xB -c -I../Core/Inc -I../Drivers/STM32F1xx_HAL_Driver/Inc -I../Drivers/STM32F1xx_HAL_Driver/Inc/Legacy -I../Drivers/CMSIS/Device/ST/STM32F1xx/Include -I../Drivers/CMSIS/Include -O0 -ffunction-sections -fdata-sections -Wall -fstack-usage -MMD -MP -MF"Core/Src/main.d" -MT"Core/Src/main.o" --specs=nano.specs -mfloat-abi=soft -mthumb -o "Core/Src/main.o"
../Core/Src/main.c: In function 'main':
../Core/Src/main.c:94:18: warning: unused variable 'status' [-Wunused-variable]
   94 |    GPIO_PinState status = HAL_GPIO_ReadPin(GPIOA, GPIO_PIN_0);
      |                  ^~~~~~
arm-none-eabi-gcc -o "app.elf" @"objects.list"   -mcpu=cortex-m3 -T"C:\DATA\ME\beagyazott\git\app\STM32F103RBTX_FLASH.ld" --specs=nosys.specs -Wl,-Map="app.map" -Wl,--gc-sections -static --specs=nano.specs -mfloat-abi=soft -mthumb -Wl,--start-group -lc -lm -Wl,--end-group
Finished building target: app.elf
 
arm-none-eabi-size   app.elf 
arm-none-eabi-objdump -h -S  app.elf  > "app.list"
arm-none-eabi-objcopy  -O binary  app.elf  "app.bin"
   text	   data	    bss	    dec	    hex	filename
   7616	     20	   1700	   9336	   2478	app.elf
Finished building: default.size.stdout
 
Finished building: app.bin
 
Finished building: app.list
 
20:11:10 **** Incremental Build of configuration Debug for project app ****
make -j4 all 
arm-none-eabi-gcc "../Core/Src/main.c" -mcpu=cortex-m3 -std=gnu11 -g3 -DDEBUG -DUSE_HAL_DRIVER -DSTM32F103xB -c -I../Core/Inc -I../Drivers/STM32F1xx_HAL_Driver/Inc -I../Drivers/STM32F1xx_HAL_Driver/Inc/Legacy -I../Drivers/CMSIS/Device/ST/STM32F1xx/Include -I../Drivers/CMSIS/Include -O0 -ffunction-sections -fdata-sections -Wall -fstack-usage -MMD -MP -MF"Core/Src/main.d" -MT"Core/Src/main.o" --specs=nano.specs -mfloat-abi=soft -mthumb -o "Core/Src/main.o"
arm-none-eabi-gcc -o "app.elf" @"objects.list"   -mcpu=cortex-m3 -T"C:\DATA\ME\beagyazott\git\app\STM32F103RBTX_FLASH.ld" --specs=nosys.specs -Wl,-Map="app.map" -Wl,--gc-sections -static --specs=nano.specs -mfloat-abi=soft -mthumb -Wl,--start-group -lc -lm -Wl,--end-group
Finished building target: app.elf
 
arm-none-eabi-size   app.elf 
arm-none-eabi-objdump -h -S  app.elf  > "app.list"
arm-none-eabi-objcopy  -O binary  app.elf  "app.bin"
   text	   data	    bss	    dec	    hex	filename
   7664	     20	   1700	   9384	   24a8	app.elf
Finished building: default.size.stdout
 
Finished building: app.bin
Finished building: app.list
 
 
20:12:29 **** Incremental Build of configuration Debug for project app ****
make -j4 all 
arm-none-eabi-gcc "../Core/Src/main.c" -mcpu=cortex-m3 -std=gnu11 -g3 -DDEBUG -DUSE_HAL_DRIVER -DSTM32F103xB -c -I../Core/Inc -I../Drivers/STM32F1xx_HAL_Driver/Inc -I../Drivers/STM32F1xx_HAL_Driver/Inc/Legacy -I../Drivers/CMSIS/Device/ST/STM32F1xx/Include -I../Drivers/CMSIS/Include -O0 -ffunction-sections -fdata-sections -Wall -fstack-usage -MMD -MP -MF"Core/Src/main.d" -MT"Core/Src/main.o" --specs=nano.specs -mfloat-abi=soft -mthumb -o "Core/Src/main.o"
arm-none-eabi-gcc -o "app.elf" @"objects.list"   -mcpu=cortex-m3 -T"C:\DATA\ME\beagyazott\git\app\STM32F103RBTX_FLASH.ld" --specs=nosys.specs -Wl,-Map="app.map" -Wl,--gc-sections -static --specs=nano.specs -mfloat-abi=soft -mthumb -Wl,--start-group -lc -lm -Wl,--end-group
Finished building target: app.elf
 
arm-none-eabi-size   app.elf 
arm-none-eabi-objdump -h -S  app.elf  > "app.list"
arm-none-eabi-objcopy  -O binary  app.elf  "app.bin"
   text	   data	    bss	    dec	    hex	filename
   7664	     20	   1700	   9384	   24a8	app.elf
Finished building: default.size.stdout
 
Finished building: app.bin
 
Finished building: app.list
 
20:15:16 **** Incremental Build of configuration Debug for project app ****
make -j4 all 
arm-none-eabi-gcc "../Core/Src/main.c" -mcpu=cortex-m3 -std=gnu11 -g3 -DDEBUG -DUSE_HAL_DRIVER -DSTM32F103xB -c -I../Core/Inc -I../Drivers/STM32F1xx_HAL_Driver/Inc -I../Drivers/STM32F1xx_HAL_Driver/Inc/Legacy -I../Drivers/CMSIS/Device/ST/STM32F1xx/Include -I../Drivers/CMSIS/Include -O0 -ffunction-sections -fdata-sections -Wall -fstack-usage -MMD -MP -MF"Core/Src/main.d" -MT"Core/Src/main.o" --specs=nano.specs -mfloat-abi=soft -mthumb -o "Core/Src/main.o"
arm-none-eabi-gcc -o "app.elf" @"objects.list"   -mcpu=cortex-m3 -T"C:\DATA\ME\beagyazott\git\app\STM32F103RBTX_FLASH.ld" --specs=nosys.specs -Wl,-Map="app.map" -Wl,--gc-sections -static --specs=nano.specs -mfloat-abi=soft -mthumb -Wl,--start-group -lc -lm -Wl,--end-group
Finished building target: app.elf
 
arm-none-eabi-size   app.elf 
arm-none-eabi-objdump -h -S  app.elf  > "app.list"
arm-none-eabi-objcopy  -O binary  app.elf  "app.bin"
   text	   data	    bss	    dec	    hex	filename
  10024	     28	   1712	  11764	   2df4	app.elf
Finished building: default.size.stdout
 
Finished building: app.bin
 
Finished building: app.list
 
20:17:40 **** Incremental Build of configuration Debug for project app ****
make -j4 all 
arm-none-eabi-gcc "../Core/Src/main.c" -mcpu=cortex-m3 -std=gnu11 -g3 -DDEBUG -DUSE_HAL_DRIVER -DSTM32F103xB -c -I../Core/Inc -I../Drivers/STM32F1xx_HAL_Driver/Inc -I../Drivers/STM32F1xx_HAL_Driver/Inc/Legacy -I../Drivers/CMSIS/Device/ST/STM32F1xx/Include -I../Drivers/CMSIS/Include -O0 -ffunction-sections -fdata-sections -Wall -fstack-usage -MMD -MP -MF"Core/Src/main.d" -MT"Core/Src/main.o" --specs=nano.specs -mfloat-abi=soft -mthumb -o "Core/Src/main.o"
arm-none-eabi-gcc -o "app.elf" @"objects.list"   -mcpu=cortex-m3 -T"C:\DATA\ME\beagyazott\git\app\STM32F103RBTX_FLASH.ld" --specs=nosys.specs -Wl,-Map="app.map" -Wl,--gc-sections -static --specs=nano.specs -mfloat-abi=soft -mthumb -Wl,--start-group -lc -lm -Wl,--end-group
Finished building target: app.elf
 
arm-none-eabi-size   app.elf 
arm-none-eabi-objdump -h -S  app.elf  > "app.list"
arm-none-eabi-objcopy  -O binary  app.elf  "app.bin"
   text	   data	    bss	    dec	    hex	filename
  10080	     28	   1712	  11820	   2e2c	app.elf
Finished building: default.size.stdout
 
Finished building: app.bin
 
Finished building: app.list
 
20:18:47 **** Incremental Build of configuration Debug for project app ****
make -j4 all 
arm-none-eabi-gcc "../Core/Src/main.c" -mcpu=cortex-m3 -std=gnu11 -g3 -DDEBUG -DUSE_HAL_DRIVER -DSTM32F103xB -c -I../Core/Inc -I../Drivers/STM32F1xx_HAL_Driver/Inc -I../Drivers/STM32F1xx_HAL_Driver/Inc/Legacy -I../Drivers/CMSIS/Device/ST/STM32F1xx/Include -I../Drivers/CMSIS/Include -O0 -ffunction-sections -fdata-sections -Wall -fstack-usage -MMD -MP -MF"Core/Src/main.d" -MT"Core/Src/main.o" --specs=nano.specs -mfloat-abi=soft -mthumb -o "Core/Src/main.o"
arm-none-eabi-gcc -o "app.elf" @"objects.list"   -mcpu=cortex-m3 -T"C:\DATA\ME\beagyazott\git\app\STM32F103RBTX_FLASH.ld" --specs=nosys.specs -Wl,-Map="app.map" -Wl,--gc-sections -static --specs=nano.specs -mfloat-abi=soft -mthumb -Wl,--start-group -lc -lm -Wl,--end-group
Finished building target: app.elf
 
arm-none-eabi-size   app.elf 
arm-none-eabi-objdump -h -S  app.elf  > "app.list"
arm-none-eabi-objcopy  -O binary  app.elf  "app.bin"
   text	   data	    bss	    dec	    hex	filename
  10136	     28	   1712	  11876	   2e64	app.elf
Finished building: default.size.stdout
 
Finished building: app.bin
Finished building: app.list
 
 
20:19:37 **** Incremental Build of configuration Debug for project app ****
make -j4 all 
arm-none-eabi-gcc "../Core/Src/main.c" -mcpu=cortex-m3 -std=gnu11 -g3 -DDEBUG -DUSE_HAL_DRIVER -DSTM32F103xB -c -I../Core/Inc -I../Drivers/STM32F1xx_HAL_Driver/Inc -I../Drivers/STM32F1xx_HAL_Driver/Inc/Legacy -I../Drivers/CMSIS/Device/ST/STM32F1xx/Include -I../Drivers/CMSIS/Include -O0 -ffunction-sections -fdata-sections -Wall -fstack-usage -MMD -MP -MF"Core/Src/main.d" -MT"Core/Src/main.o" --specs=nano.specs -mfloat-abi=soft -mthumb -o "Core/Src/main.o"
arm-none-eabi-gcc -o "app.elf" @"objects.list"   -mcpu=cortex-m3 -T"C:\DATA\ME\beagyazott\git\app\STM32F103RBTX_FLASH.ld" --specs=nosys.specs -Wl,-Map="app.map" -Wl,--gc-sections -static --specs=nano.specs -mfloat-abi=soft -mthumb -Wl,--start-group -lc -lm -Wl,--end-group
Finished building target: app.elf
 
arm-none-eabi-size   app.elf 
arm-none-eabi-objdump -h -S  app.elf  > "app.list"
arm-none-eabi-objcopy  -O binary  app.elf  "app.bin"
   text	   data	    bss	    dec	    hex	filename
  10128	     28	   1712	  11868	   2e5c	app.elf
Finished building: default.size.stdout
 
Finished building: app.bin
Finished building: app.list
 
 
20:20:28 **** Incremental Build of configuration Debug for project app ****
make -j4 all 
arm-none-eabi-gcc "../Core/Src/main.c" -mcpu=cortex-m3 -std=gnu11 -g3 -DDEBUG -DUSE_HAL_DRIVER -DSTM32F103xB -c -I../Core/Inc -I../Drivers/STM32F1xx_HAL_Driver/Inc -I../Drivers/STM32F1xx_HAL_Driver/Inc/Legacy -I../Drivers/CMSIS/Device/ST/STM32F1xx/Include -I../Drivers/CMSIS/Include -O0 -ffunction-sections -fdata-sections -Wall -fstack-usage -MMD -MP -MF"Core/Src/main.d" -MT"Core/Src/main.o" --specs=nano.specs -mfloat-abi=soft -mthumb -o "Core/Src/main.o"
arm-none-eabi-gcc -o "app.elf" @"objects.list"   -mcpu=cortex-m3 -T"C:\DATA\ME\beagyazott\git\app\STM32F103RBTX_FLASH.ld" --specs=nosys.specs -Wl,-Map="app.map" -Wl,--gc-sections -static --specs=nano.specs -mfloat-abi=soft -mthumb -Wl,--start-group -lc -lm -Wl,--end-group
Finished building target: app.elf
 
arm-none-eabi-size   app.elf 
arm-none-eabi-objdump -h -S  app.elf  > "app.list"
arm-none-eabi-objcopy  -O binary  app.elf  "app.bin"
   text	   data	    bss	    dec	    hex	filename
  10152	     28	   1712	  11892	   2e74	app.elf
Finished building: default.size.stdout
 
Finished building: app.bin
Finished building: app.list
 
 
20:21:53 **** Incremental Build of configuration Debug for project app ****
make -j4 all 
arm-none-eabi-gcc "../Core/Src/main.c" -mcpu=cortex-m3 -std=gnu11 -g3 -DDEBUG -DUSE_HAL_DRIVER -DSTM32F103xB -c -I../Core/Inc -I../Drivers/STM32F1xx_HAL_Driver/Inc -I../Drivers/STM32F1xx_HAL_Driver/Inc/Legacy -I../Drivers/CMSIS/Device/ST/STM32F1xx/Include -I../Drivers/CMSIS/Include -O0 -ffunction-sections -fdata-sections -Wall -fstack-usage -MMD -MP -MF"Core/Src/main.d" -MT"Core/Src/main.o" --specs=nano.specs -mfloat-abi=soft -mthumb -o "Core/Src/main.o"
arm-none-eabi-gcc -o "app.elf" @"objects.list"   -mcpu=cortex-m3 -T"C:\DATA\ME\beagyazott\git\app\STM32F103RBTX_FLASH.ld" --specs=nosys.specs -Wl,-Map="app.map" -Wl,--gc-sections -static --specs=nano.specs -mfloat-abi=soft -mthumb -Wl,--start-group -lc -lm -Wl,--end-group
Finished building target: app.elf
 
arm-none-eabi-size   app.elf 
arm-none-eabi-objdump -h -S  app.elf  > "app.list"
arm-none-eabi-objcopy  -O binary  app.elf  "app.bin"
   text	   data	    bss	    dec	    hex	filename
  10160	     28	   1712	  11900	   2e7c	app.elf
Finished building: default.size.stdout
 
Finished building: app.bin
 
Finished building: app.list
 
20:22:12 **** Incremental Build of configuration Debug for project app ****
make -j4 all 
arm-none-eabi-size   app.elf 
   text	   data	    bss	    dec	    hex	filename
  10160	     28	   1712	  11900	   2e7c	app.elf
Finished building: default.size.stdout
 
20:25:55 **** Incremental Build of configuration Debug for project app ****
make -j4 all 
arm-none-eabi-gcc "../Core/Src/main.c" -mcpu=cortex-m3 -std=gnu11 -g3 -DDEBUG -DUSE_HAL_DRIVER -DSTM32F103xB -c -I../Core/Inc -I../Drivers/STM32F1xx_HAL_Driver/Inc -I../Drivers/STM32F1xx_HAL_Driver/Inc/Legacy -I../Drivers/CMSIS/Device/ST/STM32F1xx/Include -I../Drivers/CMSIS/Include -O0 -ffunction-sections -fdata-sections -Wall -fstack-usage -MMD -MP -MF"Core/Src/main.d" -MT"Core/Src/main.o" --specs=nano.specs -mfloat-abi=soft -mthumb -o "Core/Src/main.o"
arm-none-eabi-gcc -o "app.elf" @"objects.list"   -mcpu=cortex-m3 -T"C:\DATA\ME\beagyazott\git\app\STM32F103RBTX_FLASH.ld" --specs=nosys.specs -Wl,-Map="app.map" -Wl,--gc-sections -static --specs=nano.specs -mfloat-abi=soft -mthumb -Wl,--start-group -lc -lm -Wl,--end-group
Finished building target: app.elf
 
arm-none-eabi-size   app.elf 
arm-none-eabi-objdump -h -S  app.elf  > "app.list"
arm-none-eabi-objcopy  -O binary  app.elf  "app.bin"
   text	   data	    bss	    dec	    hex	filename
  10160	     28	   1712	  11900	   2e7c	app.elf
Finished building: default.size.stdout
 
Finished building: app.bin
Finished building: app.list
 
 
