Archive member included to satisfy reference by file (symbol)

c:/programs/stm32cubeide/stm32cubeide/plugins/com.st.stm32cube.ide.mcu.externaltools.gnu-tools-for-stm32.9-2020-q2-update.win32_2.0.0.202105311346/tools/bin/../lib/gcc/arm-none-eabi/9.3.1/../../../../arm-none-eabi/lib/thumb/v7-m/nofp\libc_nano.a(lib_a-errno.o)
                              ./Core/Src/syscalls.o (__errno)
c:/programs/stm32cubeide/stm32cubeide/plugins/com.st.stm32cube.ide.mcu.externaltools.gnu-tools-for-stm32.9-2020-q2-update.win32_2.0.0.202105311346/tools/bin/../lib/gcc/arm-none-eabi/9.3.1/../../../../arm-none-eabi/lib/thumb/v7-m/nofp\libc_nano.a(lib_a-exit.o)
                              c:/programs/stm32cubeide/stm32cubeide/plugins/com.st.stm32cube.ide.mcu.externaltools.gnu-tools-for-stm32.9-2020-q2-update.win32_2.0.0.202105311346/tools/bin/../lib/gcc/arm-none-eabi/9.3.1/../../../../arm-none-eabi/lib/thumb/v7-m/nofp/crt0.o (exit)
c:/programs/stm32cubeide/stm32cubeide/plugins/com.st.stm32cube.ide.mcu.externaltools.gnu-tools-for-stm32.9-2020-q2-update.win32_2.0.0.202105311346/tools/bin/../lib/gcc/arm-none-eabi/9.3.1/../../../../arm-none-eabi/lib/thumb/v7-m/nofp\libc_nano.a(lib_a-impure.o)
                              c:/programs/stm32cubeide/stm32cubeide/plugins/com.st.stm32cube.ide.mcu.externaltools.gnu-tools-for-stm32.9-2020-q2-update.win32_2.0.0.202105311346/tools/bin/../lib/gcc/arm-none-eabi/9.3.1/../../../../arm-none-eabi/lib/thumb/v7-m/nofp\libc_nano.a(lib_a-exit.o) (_global_impure_ptr)
c:/programs/stm32cubeide/stm32cubeide/plugins/com.st.stm32cube.ide.mcu.externaltools.gnu-tools-for-stm32.9-2020-q2-update.win32_2.0.0.202105311346/tools/bin/../lib/gcc/arm-none-eabi/9.3.1/../../../../arm-none-eabi/lib/thumb/v7-m/nofp\libc_nano.a(lib_a-init.o)
                              c:/programs/stm32cubeide/stm32cubeide/plugins/com.st.stm32cube.ide.mcu.externaltools.gnu-tools-for-stm32.9-2020-q2-update.win32_2.0.0.202105311346/tools/bin/../lib/gcc/arm-none-eabi/9.3.1/../../../../arm-none-eabi/lib/thumb/v7-m/nofp/crt0.o (__libc_init_array)
c:/programs/stm32cubeide/stm32cubeide/plugins/com.st.stm32cube.ide.mcu.externaltools.gnu-tools-for-stm32.9-2020-q2-update.win32_2.0.0.202105311346/tools/bin/../lib/gcc/arm-none-eabi/9.3.1/../../../../arm-none-eabi/lib/thumb/v7-m/nofp\libc_nano.a(lib_a-memset.o)
                              c:/programs/stm32cubeide/stm32cubeide/plugins/com.st.stm32cube.ide.mcu.externaltools.gnu-tools-for-stm32.9-2020-q2-update.win32_2.0.0.202105311346/tools/bin/../lib/gcc/arm-none-eabi/9.3.1/../../../../arm-none-eabi/lib/thumb/v7-m/nofp/crt0.o (memset)
c:/programs/stm32cubeide/stm32cubeide/plugins/com.st.stm32cube.ide.mcu.externaltools.gnu-tools-for-stm32.9-2020-q2-update.win32_2.0.0.202105311346/tools/bin/../lib/gcc/arm-none-eabi/9.3.1/thumb/v7-m/nofp\libgcc.a(_arm_muldf3.o)
                              ./Core/Src/HX711/HX711.o (__aeabi_dmul)
c:/programs/stm32cubeide/stm32cubeide/plugins/com.st.stm32cube.ide.mcu.externaltools.gnu-tools-for-stm32.9-2020-q2-update.win32_2.0.0.202105311346/tools/bin/../lib/gcc/arm-none-eabi/9.3.1/thumb/v7-m/nofp\libgcc.a(_arm_addsubdf3.o)
                              ./Core/Src/HX711/HX711.o (__aeabi_dsub)
c:/programs/stm32cubeide/stm32cubeide/plugins/com.st.stm32cube.ide.mcu.externaltools.gnu-tools-for-stm32.9-2020-q2-update.win32_2.0.0.202105311346/tools/bin/../lib/gcc/arm-none-eabi/9.3.1/thumb/v7-m/nofp\libgcc.a(_arm_muldivdf3.o)
                              ./Core/Src/HX711/HX711.o (__aeabi_ddiv)
c:/programs/stm32cubeide/stm32cubeide/plugins/com.st.stm32cube.ide.mcu.externaltools.gnu-tools-for-stm32.9-2020-q2-update.win32_2.0.0.202105311346/tools/bin/../lib/gcc/arm-none-eabi/9.3.1/thumb/v7-m/nofp\libgcc.a(_arm_fixdfsi.o)
                              ./Core/Src/main.o (__aeabi_d2iz)

Allocating common symbols
Common symbol       size              file

TM1638_STB_PIN      0x2               ./Core/Src/TM1638/TM1638.o
HX711_DT_PIN        0x2               ./Core/Src/HX711/HX711.o
dataAddressMode     0x1               ./Core/Src/TM1638/TM1638.o
HX711_DT_PORT       0x4               ./Core/Src/HX711/HX711.o
uwTick              0x4               ./Drivers/STM32F1xx_HAL_Driver/Src/stm32f1xx_hal.o
pFlash              0x20              ./Drivers/STM32F1xx_HAL_Driver/Src/stm32f1xx_hal_flash.o
TM1638_CLK_PIN      0x2               ./Core/Src/TM1638/TM1638.o
displayState        0x1               ./Core/Src/TM1638/TM1638.o
TM1638_DIO_PORT     0x4               ./Core/Src/TM1638/TM1638.o
HX711_SCK_PORT      0x4               ./Core/Src/HX711/HX711.o
dataAccessMode      0x1               ./Core/Src/TM1638/TM1638.o
HX711_SCK_PIN       0x2               ./Core/Src/HX711/HX711.o
ledStatuses         0x8               ./Core/Src/TM1638/TM1638.o
TM1638_DIO_PIN      0x2               ./Core/Src/TM1638/TM1638.o
TM1638_STB_PORT     0x4               ./Core/Src/TM1638/TM1638.o
huart2              0x44              ./Core/Src/main.o
TM1638_CLK_PORT     0x4               ./Core/Src/TM1638/TM1638.o
[...]
Memory Configuration

Name             Origin             Length             Attributes
RAM              0x0000000020000000 0x0000000000005000 xrw
FLASH            0x0000000008000000 0x0000000000020000 xr
*default*        0x0000000000000000 0xffffffffffffffff

Linker script and memory map

LOAD c:/programs/stm32cubeide/stm32cubeide/plugins/com.st.stm32cube.ide.mcu.externaltools.gnu-tools-for-stm32.9-2020-q2-update.win32_2.0.0.202105311346/tools/bin/../lib/gcc/arm-none-eabi/9.3.1/thumb/v7-m/nofp/crti.o
LOAD c:/programs/stm32cubeide/stm32cubeide/plugins/com.st.stm32cube.ide.mcu.externaltools.gnu-tools-for-stm32.9-2020-q2-update.win32_2.0.0.202105311346/tools/bin/../lib/gcc/arm-none-eabi/9.3.1/thumb/v7-m/nofp/crtbegin.o
LOAD c:/programs/stm32cubeide/stm32cubeide/plugins/com.st.stm32cube.ide.mcu.externaltools.gnu-tools-for-stm32.9-2020-q2-update.win32_2.0.0.202105311346/tools/bin/../lib/gcc/arm-none-eabi/9.3.1/../../../../arm-none-eabi/lib/thumb/v7-m/nofp/crt0.o
LOAD ./Core/Src/HX711/HX711.o
LOAD ./Core/Src/TM1638/TM1638.o
LOAD ./Core/Src/main.o
LOAD ./Core/Src/stm32f1xx_hal_msp.o
LOAD ./Core/Src/stm32f1xx_it.o
LOAD ./Core/Src/syscalls.o
LOAD ./Core/Src/sysmem.o
LOAD ./Core/Src/system_stm32f1xx.o
LOAD ./Core/Startup/startup_stm32f103rbtx.o
LOAD ./Drivers/STM32F1xx_HAL_Driver/Src/stm32f1xx_hal.o
LOAD ./Drivers/STM32F1xx_HAL_Driver/Src/stm32f1xx_hal_cortex.o
LOAD ./Drivers/STM32F1xx_HAL_Driver/Src/stm32f1xx_hal_dma.o
LOAD ./Drivers/STM32F1xx_HAL_Driver/Src/stm32f1xx_hal_exti.o
LOAD ./Drivers/STM32F1xx_HAL_Driver/Src/stm32f1xx_hal_flash.o
LOAD ./Drivers/STM32F1xx_HAL_Driver/Src/stm32f1xx_hal_flash_ex.o
LOAD ./Drivers/STM32F1xx_HAL_Driver/Src/stm32f1xx_hal_gpio.o
LOAD ./Drivers/STM32F1xx_HAL_Driver/Src/stm32f1xx_hal_gpio_ex.o
LOAD ./Drivers/STM32F1xx_HAL_Driver/Src/stm32f1xx_hal_pwr.o
LOAD ./Drivers/STM32F1xx_HAL_Driver/Src/stm32f1xx_hal_rcc.o
LOAD ./Drivers/STM32F1xx_HAL_Driver/Src/stm32f1xx_hal_rcc_ex.o
LOAD ./Drivers/STM32F1xx_HAL_Driver/Src/stm32f1xx_hal_tim.o
LOAD ./Drivers/STM32F1xx_HAL_Driver/Src/stm32f1xx_hal_tim_ex.o
LOAD ./Drivers/STM32F1xx_HAL_Driver/Src/stm32f1xx_hal_uart.o
START GROUP
LOAD c:/programs/stm32cubeide/stm32cubeide/plugins/com.st.stm32cube.ide.mcu.externaltools.gnu-tools-for-stm32.9-2020-q2-update.win32_2.0.0.202105311346/tools/bin/../lib/gcc/arm-none-eabi/9.3.1/../../../../arm-none-eabi/lib/thumb/v7-m/nofp\libc_nano.a
LOAD c:/programs/stm32cubeide/stm32cubeide/plugins/com.st.stm32cube.ide.mcu.externaltools.gnu-tools-for-stm32.9-2020-q2-update.win32_2.0.0.202105311346/tools/bin/../lib/gcc/arm-none-eabi/9.3.1/../../../../arm-none-eabi/lib/thumb/v7-m/nofp\libm.a
END GROUP
START GROUP
LOAD c:/programs/stm32cubeide/stm32cubeide/plugins/com.st.stm32cube.ide.mcu.externaltools.gnu-tools-for-stm32.9-2020-q2-update.win32_2.0.0.202105311346/tools/bin/../lib/gcc/arm-none-eabi/9.3.1/thumb/v7-m/nofp\libgcc.a
LOAD c:/programs/stm32cubeide/stm32cubeide/plugins/com.st.stm32cube.ide.mcu.externaltools.gnu-tools-for-stm32.9-2020-q2-update.win32_2.0.0.202105311346/tools/bin/../lib/gcc/arm-none-eabi/9.3.1/../../../../arm-none-eabi/lib/thumb/v7-m/nofp\libc_nano.a
END GROUP
START GROUP
LOAD c:/programs/stm32cubeide/stm32cubeide/plugins/com.st.stm32cube.ide.mcu.externaltools.gnu-tools-for-stm32.9-2020-q2-update.win32_2.0.0.202105311346/tools/bin/../lib/gcc/arm-none-eabi/9.3.1/thumb/v7-m/nofp\libgcc.a
LOAD c:/programs/stm32cubeide/stm32cubeide/plugins/com.st.stm32cube.ide.mcu.externaltools.gnu-tools-for-stm32.9-2020-q2-update.win32_2.0.0.202105311346/tools/bin/../lib/gcc/arm-none-eabi/9.3.1/../../../../arm-none-eabi/lib/thumb/v7-m/nofp\libc_nano.a
LOAD c:/programs/stm32cubeide/stm32cubeide/plugins/com.st.stm32cube.ide.mcu.externaltools.gnu-tools-for-stm32.9-2020-q2-update.win32_2.0.0.202105311346/tools/bin/../lib/gcc/arm-none-eabi/9.3.1/../../../../arm-none-eabi/lib/thumb/v7-m/nofp\libnosys.a
END GROUP
START GROUP
LOAD c:/programs/stm32cubeide/stm32cubeide/plugins/com.st.stm32cube.ide.mcu.externaltools.gnu-tools-for-stm32.9-2020-q2-update.win32_2.0.0.202105311346/tools/bin/../lib/gcc/arm-none-eabi/9.3.1/thumb/v7-m/nofp\libgcc.a
LOAD c:/programs/stm32cubeide/stm32cubeide/plugins/com.st.stm32cube.ide.mcu.externaltools.gnu-tools-for-stm32.9-2020-q2-update.win32_2.0.0.202105311346/tools/bin/../lib/gcc/arm-none-eabi/9.3.1/../../../../arm-none-eabi/lib/thumb/v7-m/nofp\libc_nano.a
LOAD c:/programs/stm32cubeide/stm32cubeide/plugins/com.st.stm32cube.ide.mcu.externaltools.gnu-tools-for-stm32.9-2020-q2-update.win32_2.0.0.202105311346/tools/bin/../lib/gcc/arm-none-eabi/9.3.1/../../../../arm-none-eabi/lib/thumb/v7-m/nofp\libnosys.a
END GROUP
LOAD c:/programs/stm32cubeide/stm32cubeide/plugins/com.st.stm32cube.ide.mcu.externaltools.gnu-tools-for-stm32.9-2020-q2-update.win32_2.0.0.202105311346/tools/bin/../lib/gcc/arm-none-eabi/9.3.1/thumb/v7-m/nofp/crtend.o
LOAD c:/programs/stm32cubeide/stm32cubeide/plugins/com.st.stm32cube.ide.mcu.externaltools.gnu-tools-for-stm32.9-2020-q2-update.win32_2.0.0.202105311346/tools/bin/../lib/gcc/arm-none-eabi/9.3.1/thumb/v7-m/nofp/crtn.o
                0x0000000020005000                _estack = (ORIGIN (RAM) + LENGTH (RAM))
                0x0000000000000200                _Min_Heap_Size = 0x200
                0x0000000000000400                _Min_Stack_Size = 0x400

.isr_vector     0x0000000008000000      0x10c
                0x0000000008000000                . = ALIGN (0x4)
 *(.isr_vector)
 .isr_vector    0x0000000008000000      0x10c ./Core/Startup/startup_stm32f103rbtx.o
                0x0000000008000000                g_pfnVectors
                0x000000000800010c                . = ALIGN (0x4)

.text           0x0000000008000110     0x267c
                0x0000000008000110                . = ALIGN (0x4)
 *(.text)
 .text          0x0000000008000110       0x40 c:/programs/stm32cubeide/stm32cubeide/plugins/com.st.stm32cube.ide.mcu.externaltools.gnu-tools-for-stm32.9-2020-q2-update.win32_2.0.0.202105311346/tools/bin/../lib/gcc/arm-none-eabi/9.3.1/thumb/v7-m/nofp/crtbegin.o
 .text          0x0000000008000150      0x378 c:/programs/stm32cubeide/stm32cubeide/plugins/com.st.stm32cube.ide.mcu.externaltools.gnu-tools-for-stm32.9-2020-q2-update.win32_2.0.0.202105311346/tools/bin/../lib/gcc/arm-none-eabi/9.3.1/thumb/v7-m/nofp\libgcc.a(_arm_addsubdf3.o)
                0x0000000008000150                __aeabi_drsub
                0x0000000008000158                __aeabi_dsub
                0x0000000008000158                __subdf3
                0x000000000800015c                __aeabi_dadd
                0x000000000800015c                __adddf3
                0x00000000080003d4                __floatunsidf
                0x00000000080003d4                __aeabi_ui2d
                0x00000000080003f4                __floatsidf
                0x00000000080003f4                __aeabi_i2d
                0x0000000008000418                __aeabi_f2d
                0x0000000008000418                __extendsfdf2
                0x000000000800045c                __floatundidf
                0x000000000800045c                __aeabi_ul2d
                0x000000000800046c                __floatdidf
                0x000000000800046c                __aeabi_l2d
 .text          0x00000000080004c8      0x424 c:/programs/stm32cubeide/stm32cubeide/plugins/com.st.stm32cube.ide.mcu.externaltools.gnu-tools-for-stm32.9-2020-q2-update.win32_2.0.0.202105311346/tools/bin/../lib/gcc/arm-none-eabi/9.3.1/thumb/v7-m/nofp\libgcc.a(_arm_muldivdf3.o)
                0x00000000080004c8                __aeabi_dmul
                0x00000000080004c8                __muldf3
                0x000000000800071c                __divdf3
                0x000000000800071c                __aeabi_ddiv
 .text          0x00000000080008ec       0x50 c:/programs/stm32cubeide/stm32cubeide/plugins/com.st.stm32cube.ide.mcu.externaltools.gnu-tools-for-stm32.9-2020-q2-update.win32_2.0.0.202105311346/tools/bin/../lib/gcc/arm-none-eabi/9.3.1/thumb/v7-m/nofp\libgcc.a(_arm_fixdfsi.o)
                0x00000000080008ec                __aeabi_d2iz
                0x00000000080008ec                __fixdfsi
 *(.text*)
 .text.HX711_SCK_GET
                0x000000000800093c       0x24 ./Core/Src/HX711/HX711.o
                0x000000000800093c                HX711_SCK_GET
 .text.HX711_SCK_SET
                0x0000000008000960       0x2c ./Core/Src/HX711/HX711.o
                0x0000000008000960                HX711_SCK_SET
 .text.HX711_SCK_HIGH
                0x000000000800098c        0xe ./Core/Src/HX711/HX711.o
                0x000000000800098c                HX711_SCK_HIGH
 .text.HX711_SCK_LOW
                0x000000000800099a        0xe ./Core/Src/HX711/HX711.o
                0x000000000800099a                HX711_SCK_LOW
 .text.HX711_DT_GET
                0x00000000080009a8       0x24 ./Core/Src/HX711/HX711.o
                0x00000000080009a8                HX711_DT_GET
 .text.HX711_WaitUntilDataReady
                0x00000000080009cc       0x16 ./Core/Src/HX711/HX711.o
                0x00000000080009cc                HX711_WaitUntilDataReady
 *fill*         0x00000000080009e2        0x2 
 .text.HX711_PerformGainPulse
                0x00000000080009e4       0x50 ./Core/Src/HX711/HX711.o
                0x00000000080009e4                HX711_PerformGainPulse
 .text.HX711_ReadRawValue
                0x0000000008000a34       0x4c ./Core/Src/HX711/HX711.o
                0x0000000008000a34                HX711_ReadRawValue
 .text.HX711_Init
                0x0000000008000a80       0x48 ./Core/Src/HX711/HX711.o
                0x0000000008000a80                HX711_Init
 .text.HX711_PowerDown
                0x0000000008000ac8       0x12 ./Core/Src/HX711/HX711.o
                0x0000000008000ac8                HX711_PowerDown
 .text.HX711_PowerUp
                0x0000000008000ada       0x16 ./Core/Src/HX711/HX711.o
                0x0000000008000ada                HX711_PowerUp
 .text.HX711_IsPoweredUp
                0x0000000008000af0       0x18 ./Core/Src/HX711/HX711.o
                0x0000000008000af0                HX711_IsPoweredUp
 .text.HX711_SetGainLevel
                0x0000000008000b08       0x2c ./Core/Src/HX711/HX711.o
                0x0000000008000b08                HX711_SetGainLevel
 .text.HX711_Calibrate
                0x0000000008000b34       0x34 ./Core/Src/HX711/HX711.o
                0x0000000008000b34                HX711_Calibrate
 .text.HX711_ReadValue
                0x0000000008000b68       0x40 ./Core/Src/HX711/HX711.o
                0x0000000008000b68                HX711_ReadValue
 .text.HX711_ReadAverageValue
                0x0000000008000ba8       0x64 ./Core/Src/HX711/HX711.o
                0x0000000008000ba8                HX711_ReadAverageValue
 .text.TM1638_STB_SET
                0x0000000008000c0c       0x2c ./Core/Src/TM1638/TM1638.o
                0x0000000008000c0c                TM1638_STB_SET
 .text.TM1638_STB_HIGH
                0x0000000008000c38        0xe ./Core/Src/TM1638/TM1638.o
                0x0000000008000c38                TM1638_STB_HIGH
 .text.TM1638_STB_LOW
                0x0000000008000c46        0xe ./Core/Src/TM1638/TM1638.o
                0x0000000008000c46                TM1638_STB_LOW
 .text.TM1638_CLK_SET
                0x0000000008000c54       0x2c ./Core/Src/TM1638/TM1638.o
                0x0000000008000c54                TM1638_CLK_SET
 .text.TM1638_CLK_HIGH
                0x0000000008000c80        0xe ./Core/Src/TM1638/TM1638.o
                0x0000000008000c80                TM1638_CLK_HIGH
 .text.TM1638_CLK_LOW
                0x0000000008000c8e        0xe ./Core/Src/TM1638/TM1638.o
                0x0000000008000c8e                TM1638_CLK_LOW
 .text.TM1638_DIO_SET
                0x0000000008000c9c       0x2c ./Core/Src/TM1638/TM1638.o
                0x0000000008000c9c                TM1638_DIO_SET
 .text.TM1638_DIO_HIGH
                0x0000000008000cc8        0xe ./Core/Src/TM1638/TM1638.o
                0x0000000008000cc8                TM1638_DIO_HIGH
 .text.TM1638_SEND_BYTE
                0x0000000008000cd6       0x4a ./Core/Src/TM1638/TM1638.o
                0x0000000008000cd6                TM1638_SEND_BYTE
 .text.TM1638_GetDisplayConfigCommand
                0x0000000008000d20       0xac ./Core/Src/TM1638/TM1638.o
                0x0000000008000d20                TM1638_GetDisplayConfigCommand
 .text.TM1638_GetDigitHexAt
                0x0000000008000dcc       0xe4 ./Core/Src/TM1638/TM1638.o
                0x0000000008000dcc                TM1638_GetDigitHexAt
 .text.TM1638_GetLedHexAt
                0x0000000008000eb0       0x34 ./Core/Src/TM1638/TM1638.o
                0x0000000008000eb0                TM1638_GetLedHexAt
 .text.TM1638_SendDisplayCommand
                0x0000000008000ee4       0x4e ./Core/Src/TM1638/TM1638.o
                0x0000000008000ee4                TM1638_SendDisplayCommand
 *fill*         0x0000000008000f32        0x2 
 .text.TM1638_SendDataCommand
                0x0000000008000f34       0x70 ./Core/Src/TM1638/TM1638.o
                0x0000000008000f34                TM1638_SendDataCommand
 .text.TM1638_UpdateDisplay
                0x0000000008000fa4       0x68 ./Core/Src/TM1638/TM1638.o
                0x0000000008000fa4                TM1638_UpdateDisplay
 .text.TM1638_Init
                0x000000000800100c       0xc8 ./Core/Src/TM1638/TM1638.o
                0x000000000800100c                TM1638_Init
 .text.TM1638_SetDisplayBrightness
                0x00000000080010d4       0x20 ./Core/Src/TM1638/TM1638.o
                0x00000000080010d4                TM1638_SetDisplayBrightness
 .text.TM1638_SetDisplayState
                0x00000000080010f4       0x20 ./Core/Src/TM1638/TM1638.o
                0x00000000080010f4                TM1638_SetDisplayState
 .text.TM1638_SetNumberToDisplay
                0x0000000008001114       0x20 ./Core/Src/TM1638/TM1638.o
                0x0000000008001114                TM1638_SetNumberToDisplay
 .text.TM1638_SetLedStatus
                0x0000000008001134       0x30 ./Core/Src/TM1638/TM1638.o
                0x0000000008001134                TM1638_SetLedStatus
 *fill*         0x0000000008001164        0x4 
 .text.main     0x0000000008001168      0x158 ./Core/Src/main.o
                0x0000000008001168                main
 .text.SystemClock_Config
                0x00000000080012c0       0x82 ./Core/Src/main.o
                0x00000000080012c0                SystemClock_Config
 *fill*         0x0000000008001342        0x2 
 .text.MX_USART2_UART_Init
                0x0000000008001344       0x54 ./Core/Src/main.o
 .text.MX_GPIO_Init
                0x0000000008001398      0x120 ./Core/Src/main.o
 .text.Error_Handler
                0x00000000080014b8        0xc ./Core/Src/main.o
                0x00000000080014b8                Error_Handler
 .text.HAL_MspInit
                0x00000000080014c4       0x64 ./Core/Src/stm32f1xx_hal_msp.o
                0x00000000080014c4                HAL_MspInit
 .text.HAL_UART_MspInit
                0x0000000008001528       0x7c ./Core/Src/stm32f1xx_hal_msp.o
                0x0000000008001528                HAL_UART_MspInit
 .text.NMI_Handler
                0x00000000080015a4        0x6 ./Core/Src/stm32f1xx_it.o
                0x00000000080015a4                NMI_Handler
 .text.HardFault_Handler
                0x00000000080015aa        0x6 ./Core/Src/stm32f1xx_it.o
                0x00000000080015aa                HardFault_Handler
 .text.MemManage_Handler
                0x00000000080015b0        0x6 ./Core/Src/stm32f1xx_it.o
                0x00000000080015b0                MemManage_Handler
 .text.BusFault_Handler
                0x00000000080015b6        0x6 ./Core/Src/stm32f1xx_it.o
                0x00000000080015b6                BusFault_Handler
 .text.UsageFault_Handler
                0x00000000080015bc        0x6 ./Core/Src/stm32f1xx_it.o
                0x00000000080015bc                UsageFault_Handler
 .text.SVC_Handler
                0x00000000080015c2        0xc ./Core/Src/stm32f1xx_it.o
                0x00000000080015c2                SVC_Handler
 .text.DebugMon_Handler
                0x00000000080015ce        0xc ./Core/Src/stm32f1xx_it.o
                0x00000000080015ce                DebugMon_Handler
 .text.PendSV_Handler
                0x00000000080015da        0xc ./Core/Src/stm32f1xx_it.o
                0x00000000080015da                PendSV_Handler
 .text.SysTick_Handler
                0x00000000080015e6        0xc ./Core/Src/stm32f1xx_it.o
                0x00000000080015e6                SysTick_Handler
 .text.EXTI15_10_IRQHandler
                0x00000000080015f2       0x10 ./Core/Src/stm32f1xx_it.o
                0x00000000080015f2                EXTI15_10_IRQHandler
 .text.SystemInit
                0x0000000008001602        0xc ./Core/Src/system_stm32f1xx.o
                0x0000000008001602                SystemInit
 *fill*         0x000000000800160e        0x2 
 .text.Reset_Handler
                0x0000000008001610       0x48 ./Core/Startup/startup_stm32f103rbtx.o
                0x0000000008001610                Reset_Handler
 .text.Default_Handler
                0x0000000008001658        0x2 ./Core/Startup/startup_stm32f103rbtx.o
                0x0000000008001658                RTC_Alarm_IRQHandler
                0x0000000008001658                EXTI2_IRQHandler
                0x0000000008001658                TIM1_CC_IRQHandler
                0x0000000008001658                PVD_IRQHandler
                0x0000000008001658                EXTI3_IRQHandler
                0x0000000008001658                EXTI0_IRQHandler
                0x0000000008001658                I2C2_EV_IRQHandler
                0x0000000008001658                ADC1_2_IRQHandler
                0x0000000008001658                SPI1_IRQHandler
                0x0000000008001658                TAMPER_IRQHandler
                0x0000000008001658                DMA1_Channel4_IRQHandler
                0x0000000008001658                USART3_IRQHandler
                0x0000000008001658                RTC_IRQHandler
                0x0000000008001658                DMA1_Channel7_IRQHandler
                0x0000000008001658                CAN1_RX1_IRQHandler
                0x0000000008001658                TIM4_IRQHandler
                0x0000000008001658                I2C1_EV_IRQHandler
                0x0000000008001658                DMA1_Channel6_IRQHandler
                0x0000000008001658                TIM3_IRQHandler
                0x0000000008001658                RCC_IRQHandler
                0x0000000008001658                TIM1_TRG_COM_IRQHandler
                0x0000000008001658                DMA1_Channel1_IRQHandler
                0x0000000008001658                Default_Handler
                0x0000000008001658                EXTI9_5_IRQHandler
                0x0000000008001658                SPI2_IRQHandler
                0x0000000008001658                DMA1_Channel5_IRQHandler
                0x0000000008001658                EXTI4_IRQHandler
                0x0000000008001658                USB_LP_CAN1_RX0_IRQHandler
                0x0000000008001658                USB_HP_CAN1_TX_IRQHandler
                0x0000000008001658                DMA1_Channel3_IRQHandler
                0x0000000008001658                TIM1_UP_IRQHandler
                0x0000000008001658                WWDG_IRQHandler
                0x0000000008001658                TIM2_IRQHandler
                0x0000000008001658                TIM1_BRK_IRQHandler
                0x0000000008001658                EXTI1_IRQHandler
                0x0000000008001658                USART2_IRQHandler
                0x0000000008001658                I2C2_ER_IRQHandler
                0x0000000008001658                DMA1_Channel2_IRQHandler
                0x0000000008001658                CAN1_SCE_IRQHandler
                0x0000000008001658                FLASH_IRQHandler
                0x0000000008001658                USART1_IRQHandler
                0x0000000008001658                I2C1_ER_IRQHandler
                0x0000000008001658                USBWakeUp_IRQHandler
 *fill*         0x000000000800165a        0x2 
 .text.HAL_Init
                0x000000000800165c       0x2c ./Drivers/STM32F1xx_HAL_Driver/Src/stm32f1xx_hal.o
                0x000000000800165c                HAL_Init
 .text.HAL_InitTick
                0x0000000008001688       0x60 ./Drivers/STM32F1xx_HAL_Driver/Src/stm32f1xx_hal.o
                0x0000000008001688                HAL_InitTick
 .text.HAL_IncTick
                0x00000000080016e8       0x24 ./Drivers/STM32F1xx_HAL_Driver/Src/stm32f1xx_hal.o
                0x00000000080016e8                HAL_IncTick
 .text.HAL_GetTick
                0x000000000800170c       0x14 ./Drivers/STM32F1xx_HAL_Driver/Src/stm32f1xx_hal.o
                0x000000000800170c                HAL_GetTick
 .text.HAL_Delay
                0x0000000008001720       0x48 ./Drivers/STM32F1xx_HAL_Driver/Src/stm32f1xx_hal.o
                0x0000000008001720                HAL_Delay
 .text.__NVIC_SetPriorityGrouping
                0x0000000008001768       0x48 ./Drivers/STM32F1xx_HAL_Driver/Src/stm32f1xx_hal_cortex.o
 .text.__NVIC_GetPriorityGrouping
                0x00000000080017b0       0x1c ./Drivers/STM32F1xx_HAL_Driver/Src/stm32f1xx_hal_cortex.o
 .text.__NVIC_EnableIRQ
                0x00000000080017cc       0x38 ./Drivers/STM32F1xx_HAL_Driver/Src/stm32f1xx_hal_cortex.o
 .text.__NVIC_SetPriority
                0x0000000008001804       0x54 ./Drivers/STM32F1xx_HAL_Driver/Src/stm32f1xx_hal_cortex.o
 .text.NVIC_EncodePriority
                0x0000000008001858       0x64 ./Drivers/STM32F1xx_HAL_Driver/Src/stm32f1xx_hal_cortex.o
 .text.SysTick_Config
                0x00000000080018bc       0x44 ./Drivers/STM32F1xx_HAL_Driver/Src/stm32f1xx_hal_cortex.o
 .text.HAL_NVIC_SetPriorityGrouping
                0x0000000008001900       0x16 ./Drivers/STM32F1xx_HAL_Driver/Src/stm32f1xx_hal_cortex.o
                0x0000000008001900                HAL_NVIC_SetPriorityGrouping
 .text.HAL_NVIC_SetPriority
                0x0000000008001916       0x38 ./Drivers/STM32F1xx_HAL_Driver/Src/stm32f1xx_hal_cortex.o
                0x0000000008001916                HAL_NVIC_SetPriority
 .text.HAL_NVIC_EnableIRQ
                0x000000000800194e       0x1c ./Drivers/STM32F1xx_HAL_Driver/Src/stm32f1xx_hal_cortex.o
                0x000000000800194e                HAL_NVIC_EnableIRQ
 .text.HAL_SYSTICK_Config
                0x000000000800196a       0x18 ./Drivers/STM32F1xx_HAL_Driver/Src/stm32f1xx_hal_cortex.o
                0x000000000800196a                HAL_SYSTICK_Config
 *fill*         0x0000000008001982        0x2 
 .text.HAL_GPIO_Init
                0x0000000008001984      0x308 ./Drivers/STM32F1xx_HAL_Driver/Src/stm32f1xx_hal_gpio.o
                0x0000000008001984                HAL_GPIO_Init
 .text.HAL_GPIO_ReadPin
                0x0000000008001c8c       0x2e ./Drivers/STM32F1xx_HAL_Driver/Src/stm32f1xx_hal_gpio.o
                0x0000000008001c8c                HAL_GPIO_ReadPin
 .text.HAL_GPIO_WritePin
                0x0000000008001cba       0x30 ./Drivers/STM32F1xx_HAL_Driver/Src/stm32f1xx_hal_gpio.o
                0x0000000008001cba                HAL_GPIO_WritePin
 *fill*         0x0000000008001cea        0x2 
 .text.HAL_GPIO_EXTI_IRQHandler
                0x0000000008001cec       0x30 ./Drivers/STM32F1xx_HAL_Driver/Src/stm32f1xx_hal_gpio.o
                0x0000000008001cec                HAL_GPIO_EXTI_IRQHandler
 .text.HAL_GPIO_EXTI_Callback
                0x0000000008001d1c       0x14 ./Drivers/STM32F1xx_HAL_Driver/Src/stm32f1xx_hal_gpio.o
                0x0000000008001d1c                HAL_GPIO_EXTI_Callback
 .text.HAL_RCC_OscConfig
                0x0000000008001d30      0x500 ./Drivers/STM32F1xx_HAL_Driver/Src/stm32f1xx_hal_rcc.o
                0x0000000008001d30                HAL_RCC_OscConfig
 .text.HAL_RCC_ClockConfig
                0x0000000008002230      0x1d4 ./Drivers/STM32F1xx_HAL_Driver/Src/stm32f1xx_hal_rcc.o
                0x0000000008002230                HAL_RCC_ClockConfig
 .text.HAL_RCC_GetSysClockFreq
                0x0000000008002404       0xc0 ./Drivers/STM32F1xx_HAL_Driver/Src/stm32f1xx_hal_rcc.o
                0x0000000008002404                HAL_RCC_GetSysClockFreq
 .text.HAL_RCC_GetHCLKFreq
                0x00000000080024c4       0x14 ./Drivers/STM32F1xx_HAL_Driver/Src/stm32f1xx_hal_rcc.o
                0x00000000080024c4                HAL_RCC_GetHCLKFreq
 .text.HAL_RCC_GetPCLK1Freq
                0x00000000080024d8       0x28 ./Drivers/STM32F1xx_HAL_Driver/Src/stm32f1xx_hal_rcc.o
                0x00000000080024d8                HAL_RCC_GetPCLK1Freq
 .text.HAL_RCC_GetPCLK2Freq
                0x0000000008002500       0x28 ./Drivers/STM32F1xx_HAL_Driver/Src/stm32f1xx_hal_rcc.o
                0x0000000008002500                HAL_RCC_GetPCLK2Freq
 .text.RCC_Delay
                0x0000000008002528       0x3c ./Drivers/STM32F1xx_HAL_Driver/Src/stm32f1xx_hal_rcc.o
 .text.HAL_UART_Init
                0x0000000008002564       0x9a ./Drivers/STM32F1xx_HAL_Driver/Src/stm32f1xx_hal_uart.o
                0x0000000008002564                HAL_UART_Init
 *fill*         0x00000000080025fe        0x2 
 .text.UART_SetConfig
                0x0000000008002600      0x11c ./Drivers/STM32F1xx_HAL_Driver/Src/stm32f1xx_hal_uart.o
 .text.__libc_init_array
                0x000000000800271c       0x48 c:/programs/stm32cubeide/stm32cubeide/plugins/com.st.stm32cube.ide.mcu.externaltools.gnu-tools-for-stm32.9-2020-q2-update.win32_2.0.0.202105311346/tools/bin/../lib/gcc/arm-none-eabi/9.3.1/../../../../arm-none-eabi/lib/thumb/v7-m/nofp\libc_nano.a(lib_a-init.o)
                0x000000000800271c                __libc_init_array
 .text.memset   0x0000000008002764       0x10 c:/programs/stm32cubeide/stm32cubeide/plugins/com.st.stm32cube.ide.mcu.externaltools.gnu-tools-for-stm32.9-2020-q2-update.win32_2.0.0.202105311346/tools/bin/../lib/gcc/arm-none-eabi/9.3.1/../../../../arm-none-eabi/lib/thumb/v7-m/nofp\libc_nano.a(lib_a-memset.o)
                0x0000000008002764                memset
 *(.glue_7)
 .glue_7        0x0000000008002774        0x0 linker stubs
 *(.glue_7t)
 .glue_7t       0x0000000008002774        0x0 linker stubs
 *(.eh_frame)
 .eh_frame      0x0000000008002774        0x0 c:/programs/stm32cubeide/stm32cubeide/plugins/com.st.stm32cube.ide.mcu.externaltools.gnu-tools-for-stm32.9-2020-q2-update.win32_2.0.0.202105311346/tools/bin/../lib/gcc/arm-none-eabi/9.3.1/thumb/v7-m/nofp/crtbegin.o
 *(.init)
 .init          0x0000000008002774        0x4 c:/programs/stm32cubeide/stm32cubeide/plugins/com.st.stm32cube.ide.mcu.externaltools.gnu-tools-for-stm32.9-2020-q2-update.win32_2.0.0.202105311346/tools/bin/../lib/gcc/arm-none-eabi/9.3.1/thumb/v7-m/nofp/crti.o
                0x0000000008002774                _init
 .init          0x0000000008002778        0x8 c:/programs/stm32cubeide/stm32cubeide/plugins/com.st.stm32cube.ide.mcu.externaltools.gnu-tools-for-stm32.9-2020-q2-update.win32_2.0.0.202105311346/tools/bin/../lib/gcc/arm-none-eabi/9.3.1/thumb/v7-m/nofp/crtn.o
 *(.fini)
 .fini          0x0000000008002780        0x4 c:/programs/stm32cubeide/stm32cubeide/plugins/com.st.stm32cube.ide.mcu.externaltools.gnu-tools-for-stm32.9-2020-q2-update.win32_2.0.0.202105311346/tools/bin/../lib/gcc/arm-none-eabi/9.3.1/thumb/v7-m/nofp/crti.o
                0x0000000008002780                _fini
 .fini          0x0000000008002784        0x8 c:/programs/stm32cubeide/stm32cubeide/plugins/com.st.stm32cube.ide.mcu.externaltools.gnu-tools-for-stm32.9-2020-q2-update.win32_2.0.0.202105311346/tools/bin/../lib/gcc/arm-none-eabi/9.3.1/thumb/v7-m/nofp/crtn.o
                0x000000000800278c                . = ALIGN (0x4)
                0x000000000800278c                _etext = .

.vfp11_veneer   0x000000000800278c        0x0
 .vfp11_veneer  0x000000000800278c        0x0 linker stubs

.v4_bx          0x000000000800278c        0x0
 .v4_bx         0x000000000800278c        0x0 linker stubs

.iplt           0x000000000800278c        0x0
 .iplt          0x000000000800278c        0x0 c:/programs/stm32cubeide/stm32cubeide/plugins/com.st.stm32cube.ide.mcu.externaltools.gnu-tools-for-stm32.9-2020-q2-update.win32_2.0.0.202105311346/tools/bin/../lib/gcc/arm-none-eabi/9.3.1/thumb/v7-m/nofp/crtbegin.o

.rodata         0x000000000800278c       0x28
                0x000000000800278c                . = ALIGN (0x4)
 *(.rodata)
 .rodata        0x000000000800278c       0x10 ./Drivers/STM32F1xx_HAL_Driver/Src/stm32f1xx_hal_rcc.o
 *(.rodata*)
 .rodata.AHBPrescTable
                0x000000000800279c       0x10 ./Core/Src/system_stm32f1xx.o
                0x000000000800279c                AHBPrescTable
 .rodata.APBPrescTable
                0x00000000080027ac        0x8 ./Core/Src/system_stm32f1xx.o
                0x00000000080027ac                APBPrescTable
                0x00000000080027b4                . = ALIGN (0x4)

.rel.dyn        0x00000000080027b4        0x0
 .rel.iplt      0x00000000080027b4        0x0 c:/programs/stm32cubeide/stm32cubeide/plugins/com.st.stm32cube.ide.mcu.externaltools.gnu-tools-for-stm32.9-2020-q2-update.win32_2.0.0.202105311346/tools/bin/../lib/gcc/arm-none-eabi/9.3.1/thumb/v7-m/nofp/crtbegin.o

.ARM.extab      0x00000000080027b4        0x0
                0x00000000080027b4                . = ALIGN (0x4)
 *(.ARM.extab* .gnu.linkonce.armextab.*)
                0x00000000080027b4                . = ALIGN (0x4)

.ARM            0x00000000080027b4        0x0
                0x00000000080027b4                . = ALIGN (0x4)
                0x00000000080027b4                __exidx_start = .
 *(.ARM.exidx*)
                0x00000000080027b4                __exidx_end = .
                0x00000000080027b4                . = ALIGN (0x4)

.preinit_array  0x00000000080027b4        0x0
                0x00000000080027b4                . = ALIGN (0x4)
                0x00000000080027b4                PROVIDE (__preinit_array_start = .)
 *(.preinit_array*)
                0x00000000080027b4                PROVIDE (__preinit_array_end = .)
                0x00000000080027b4                . = ALIGN (0x4)

.init_array     0x00000000080027b4        0x4
                0x00000000080027b4                . = ALIGN (0x4)
                0x00000000080027b4                PROVIDE (__init_array_start = .)
 *(SORT_BY_NAME(.init_array.*))
 *(.init_array*)
 .init_array    0x00000000080027b4        0x4 c:/programs/stm32cubeide/stm32cubeide/plugins/com.st.stm32cube.ide.mcu.externaltools.gnu-tools-for-stm32.9-2020-q2-update.win32_2.0.0.202105311346/tools/bin/../lib/gcc/arm-none-eabi/9.3.1/thumb/v7-m/nofp/crtbegin.o
                0x00000000080027b8                PROVIDE (__init_array_end = .)
                0x00000000080027b8                . = ALIGN (0x4)

.fini_array     0x00000000080027b8        0x4
                0x00000000080027b8                . = ALIGN (0x4)
                [!provide]                        PROVIDE (__fini_array_start = .)
 *(SORT_BY_NAME(.fini_array.*))
 *(.fini_array*)
 .fini_array    0x00000000080027b8        0x4 c:/programs/stm32cubeide/stm32cubeide/plugins/com.st.stm32cube.ide.mcu.externaltools.gnu-tools-for-stm32.9-2020-q2-update.win32_2.0.0.202105311346/tools/bin/../lib/gcc/arm-none-eabi/9.3.1/thumb/v7-m/nofp/crtbegin.o
                [!provide]                        PROVIDE (__fini_array_end = .)
                0x00000000080027bc                . = ALIGN (0x4)
                0x00000000080027bc                _sidata = LOADADDR (.data)

.data           0x0000000020000000       0x14 load address 0x00000000080027bc
                0x0000000020000000                . = ALIGN (0x4)
                0x0000000020000000                _sdata = .
 *(.data)
 *(.data*)
 .data.coeff    0x0000000020000000        0x8 ./Core/Src/HX711/HX711.o
                0x0000000020000000                coeff
 .data.SystemCoreClock
                0x0000000020000008        0x4 ./Core/Src/system_stm32f1xx.o
                0x0000000020000008                SystemCoreClock
 .data.uwTickPrio
                0x000000002000000c        0x4 ./Drivers/STM32F1xx_HAL_Driver/Src/stm32f1xx_hal.o
                0x000000002000000c                uwTickPrio
 .data.uwTickFreq
                0x0000000020000010        0x1 ./Drivers/STM32F1xx_HAL_Driver/Src/stm32f1xx_hal.o
                0x0000000020000010                uwTickFreq
 *(.RamFunc)
 *(.RamFunc*)
                0x0000000020000014                . = ALIGN (0x4)
 *fill*         0x0000000020000011        0x3 
                0x0000000020000014                _edata = .

.igot.plt       0x0000000020000014        0x0 load address 0x00000000080027d0
 .igot.plt      0x0000000020000014        0x0 c:/programs/stm32cubeide/stm32cubeide/plugins/com.st.stm32cube.ide.mcu.externaltools.gnu-tools-for-stm32.9-2020-q2-update.win32_2.0.0.202105311346/tools/bin/../lib/gcc/arm-none-eabi/9.3.1/thumb/v7-m/nofp/crtbegin.o
                0x0000000020000014                . = ALIGN (0x4)

.bss            0x0000000020000018       0xac load address 0x00000000080027d0
                0x0000000020000018                _sbss = .
                0x0000000020000018                __bss_start__ = _sbss
 *(.bss)
 .bss           0x0000000020000018       0x1c c:/programs/stm32cubeide/stm32cubeide/plugins/com.st.stm32cube.ide.mcu.externaltools.gnu-tools-for-stm32.9-2020-q2-update.win32_2.0.0.202105311346/tools/bin/../lib/gcc/arm-none-eabi/9.3.1/thumb/v7-m/nofp/crtbegin.o
 *(.bss*)
 .bss.gainLevel
                0x0000000020000034        0x1 ./Core/Src/HX711/HX711.o
                0x0000000020000034                gainLevel
 *fill*         0x0000000020000035        0x3 
 .bss.shift     0x0000000020000038        0x8 ./Core/Src/HX711/HX711.o
                0x0000000020000038                shift
 *(COMMON)
 COMMON         0x0000000020000040        0xe ./Core/Src/HX711/HX711.o
                0x0000000020000040                HX711_DT_PIN
                0x0000000020000044                HX711_DT_PORT
                0x0000000020000048                HX711_SCK_PORT
                0x000000002000004c                HX711_SCK_PIN
 *fill*         0x000000002000004e        0x2 
 COMMON         0x0000000020000050       0x2a ./Core/Src/TM1638/TM1638.o
                0x0000000020000050                TM1638_STB_PIN
                0x0000000020000052                dataAddressMode
                0x0000000020000054                TM1638_CLK_PIN
                0x0000000020000056                displayState
                0x0000000020000058                TM1638_DIO_PORT
                0x000000002000005c                dataAccessMode
                0x0000000020000060                ledStatuses
                0x0000000020000068                TM1638_DIO_PIN
                0x000000002000006c                TM1638_STB_PORT
                0x0000000020000070                TM1638_CLK_PORT
                0x0000000020000074                numberToDisplay
                0x0000000020000078                displayBrightness
                0x0000000020000079                dataOperationMode
 *fill*         0x000000002000007a        0x2 
 COMMON         0x000000002000007c       0x44 ./Core/Src/main.o
                0x000000002000007c                huart2
 COMMON         0x00000000200000c0        0x4 ./Drivers/STM32F1xx_HAL_Driver/Src/stm32f1xx_hal.o
                0x00000000200000c0                uwTick
                0x00000000200000c4                . = ALIGN (0x4)
                0x00000000200000c4                _ebss = .
                0x00000000200000c4                __bss_end__ = _ebss

._user_heap_stack
                0x00000000200000c4      0x604 load address 0x00000000080027d0
                0x00000000200000c8                . = ALIGN (0x8)
 *fill*         0x00000000200000c4        0x4 
                [!provide]                        PROVIDE (end = .)
                0x00000000200000c8                PROVIDE (_end = .)
                0x00000000200002c8                . = (. + _Min_Heap_Size)
 *fill*         0x00000000200000c8      0x200 
                0x00000000200006c8                . = (. + _Min_Stack_Size)
 *fill*         0x00000000200002c8      0x400 
                0x00000000200006c8                . = ALIGN (0x8)

/DISCARD/
 libc.a(*)
 libm.a(*)
 libgcc.a(*)

.ARM.attributes
                0x0000000000000000       0x29
 *(.ARM.attributes)
 .ARM.attributes
                0x0000000000000000       0x1d c:/programs/stm32cubeide/stm32cubeide/plugins/com.st.stm32cube.ide.mcu.externaltools.gnu-tools-for-stm32.9-2020-q2-update.win32_2.0.0.202105311346/tools/bin/../lib/gcc/arm-none-eabi/9.3.1/thumb/v7-m/nofp/crti.o
 .ARM.attributes
                0x000000000000001d       0x2d c:/programs/stm32cubeide/stm32cubeide/plugins/com.st.stm32cube.ide.mcu.externaltools.gnu-tools-for-stm32.9-2020-q2-update.win32_2.0.0.202105311346/tools/bin/../lib/gcc/arm-none-eabi/9.3.1/thumb/v7-m/nofp/crtbegin.o
 .ARM.attributes
                0x000000000000004a       0x2d ./Core/Src/HX711/HX711.o
 .ARM.attributes
                0x0000000000000077       0x2d ./Core/Src/TM1638/TM1638.o
 .ARM.attributes
                0x00000000000000a4       0x2d ./Core/Src/main.o
 .ARM.attributes
                0x00000000000000d1       0x2d ./Core/Src/stm32f1xx_hal_msp.o
 .ARM.attributes
                0x00000000000000fe       0x2d ./Core/Src/stm32f1xx_it.o
 .ARM.attributes
                0x000000000000012b       0x2d ./Core/Src/system_stm32f1xx.o
 .ARM.attributes
                0x0000000000000158       0x21 ./Core/Startup/startup_stm32f103rbtx.o
 .ARM.attributes
                0x0000000000000179       0x2d ./Drivers/STM32F1xx_HAL_Driver/Src/stm32f1xx_hal.o
 .ARM.attributes
                0x00000000000001a6       0x2d ./Drivers/STM32F1xx_HAL_Driver/Src/stm32f1xx_hal_cortex.o
 .ARM.attributes
                0x00000000000001d3       0x2d ./Drivers/STM32F1xx_HAL_Driver/Src/stm32f1xx_hal_gpio.o
 .ARM.attributes
                0x0000000000000200       0x2d ./Drivers/STM32F1xx_HAL_Driver/Src/stm32f1xx_hal_rcc.o
 .ARM.attributes
                0x000000000000022d       0x2d ./Drivers/STM32F1xx_HAL_Driver/Src/stm32f1xx_hal_uart.o
 .ARM.attributes
                0x000000000000025a       0x2d c:/programs/stm32cubeide/stm32cubeide/plugins/com.st.stm32cube.ide.mcu.externaltools.gnu-tools-for-stm32.9-2020-q2-update.win32_2.0.0.202105311346/tools/bin/../lib/gcc/arm-none-eabi/9.3.1/../../../../arm-none-eabi/lib/thumb/v7-m/nofp\libc_nano.a(lib_a-init.o)
 .ARM.attributes
                0x0000000000000287       0x2d c:/programs/stm32cubeide/stm32cubeide/plugins/com.st.stm32cube.ide.mcu.externaltools.gnu-tools-for-stm32.9-2020-q2-update.win32_2.0.0.202105311346/tools/bin/../lib/gcc/arm-none-eabi/9.3.1/../../../../arm-none-eabi/lib/thumb/v7-m/nofp\libc_nano.a(lib_a-memset.o)
 .ARM.attributes
                0x00000000000002b4       0x1d c:/programs/stm32cubeide/stm32cubeide/plugins/com.st.stm32cube.ide.mcu.externaltools.gnu-tools-for-stm32.9-2020-q2-update.win32_2.0.0.202105311346/tools/bin/../lib/gcc/arm-none-eabi/9.3.1/thumb/v7-m/nofp\libgcc.a(_arm_addsubdf3.o)
 .ARM.attributes
                0x00000000000002d1       0x1d c:/programs/stm32cubeide/stm32cubeide/plugins/com.st.stm32cube.ide.mcu.externaltools.gnu-tools-for-stm32.9-2020-q2-update.win32_2.0.0.202105311346/tools/bin/../lib/gcc/arm-none-eabi/9.3.1/thumb/v7-m/nofp\libgcc.a(_arm_muldivdf3.o)
 .ARM.attributes
                0x00000000000002ee       0x1d c:/programs/stm32cubeide/stm32cubeide/plugins/com.st.stm32cube.ide.mcu.externaltools.gnu-tools-for-stm32.9-2020-q2-update.win32_2.0.0.202105311346/tools/bin/../lib/gcc/arm-none-eabi/9.3.1/thumb/v7-m/nofp\libgcc.a(_arm_fixdfsi.o)
 .ARM.attributes
                0x000000000000030b       0x1d c:/programs/stm32cubeide/stm32cubeide/plugins/com.st.stm32cube.ide.mcu.externaltools.gnu-tools-for-stm32.9-2020-q2-update.win32_2.0.0.202105311346/tools/bin/../lib/gcc/arm-none-eabi/9.3.1/thumb/v7-m/nofp/crtn.o
OUTPUT(app.elf elf32-littlearm)
LOAD linker stubs
LOAD c:/programs/stm32cubeide/stm32cubeide/plugins/com.st.stm32cube.ide.mcu.externaltools.gnu-tools-for-stm32.9-2020-q2-update.win32_2.0.0.202105311346/tools/bin/../lib/gcc/arm-none-eabi/9.3.1/../../../../arm-none-eabi/lib/thumb/v7-m/nofp\libc.a
LOAD c:/programs/stm32cubeide/stm32cubeide/plugins/com.st.stm32cube.ide.mcu.externaltools.gnu-tools-for-stm32.9-2020-q2-update.win32_2.0.0.202105311346/tools/bin/../lib/gcc/arm-none-eabi/9.3.1/../../../../arm-none-eabi/lib/thumb/v7-m/nofp\libm.a
LOAD c:/programs/stm32cubeide/stm32cubeide/plugins/com.st.stm32cube.ide.mcu.externaltools.gnu-tools-for-stm32.9-2020-q2-update.win32_2.0.0.202105311346/tools/bin/../lib/gcc/arm-none-eabi/9.3.1/thumb/v7-m/nofp\libgcc.a

.debug_info     0x0000000000000000     0x6083
 .debug_info    0x0000000000000000      0x555 ./Core/Src/HX711/HX711.o
 .debug_info    0x0000000000000555      0x80c ./Core/Src/TM1638/TM1638.o
 .debug_info    0x0000000000000d61      0xc30 ./Core/Src/main.o
 .debug_info    0x0000000000001991      0x8d7 ./Core/Src/stm32f1xx_hal_msp.o
 .debug_info    0x0000000000002268      0x24c ./Core/Src/stm32f1xx_it.o
 .debug_info    0x00000000000024b4      0x2be ./Core/Src/system_stm32f1xx.o
 .debug_info    0x0000000000002772       0x22 ./Core/Startup/startup_stm32f103rbtx.o
 .debug_info    0x0000000000002794      0x76a ./Drivers/STM32F1xx_HAL_Driver/Src/stm32f1xx_hal.o
 .debug_info    0x0000000000002efe      0xbdc ./Drivers/STM32F1xx_HAL_Driver/Src/stm32f1xx_hal_cortex.o
 .debug_info    0x0000000000003ada      0x701 ./Drivers/STM32F1xx_HAL_Driver/Src/stm32f1xx_hal_gpio.o
 .debug_info    0x00000000000041db      0x88e ./Drivers/STM32F1xx_HAL_Driver/Src/stm32f1xx_hal_rcc.o
 .debug_info    0x0000000000004a69     0x161a ./Drivers/STM32F1xx_HAL_Driver/Src/stm32f1xx_hal_uart.o

.debug_abbrev   0x0000000000000000     0x1604
 .debug_abbrev  0x0000000000000000      0x1f4 ./Core/Src/HX711/HX711.o
 .debug_abbrev  0x00000000000001f4      0x245 ./Core/Src/TM1638/TM1638.o
 .debug_abbrev  0x0000000000000439      0x207 ./Core/Src/main.o
 .debug_abbrev  0x0000000000000640      0x1ac ./Core/Src/stm32f1xx_hal_msp.o
 .debug_abbrev  0x00000000000007ec       0xd2 ./Core/Src/stm32f1xx_it.o
 .debug_abbrev  0x00000000000008be      0x14e ./Core/Src/system_stm32f1xx.o
 .debug_abbrev  0x0000000000000a0c       0x12 ./Core/Startup/startup_stm32f103rbtx.o
 .debug_abbrev  0x0000000000000a1e      0x1ed ./Drivers/STM32F1xx_HAL_Driver/Src/stm32f1xx_hal.o
 .debug_abbrev  0x0000000000000c0b      0x313 ./Drivers/STM32F1xx_HAL_Driver/Src/stm32f1xx_hal_cortex.o
 .debug_abbrev  0x0000000000000f1e      0x1e8 ./Drivers/STM32F1xx_HAL_Driver/Src/stm32f1xx_hal_gpio.o
 .debug_abbrev  0x0000000000001106      0x273 ./Drivers/STM32F1xx_HAL_Driver/Src/stm32f1xx_hal_rcc.o
 .debug_abbrev  0x0000000000001379      0x28b ./Drivers/STM32F1xx_HAL_Driver/Src/stm32f1xx_hal_uart.o

.debug_aranges  0x0000000000000000      0x750
 .debug_aranges
                0x0000000000000000       0x98 ./Core/Src/HX711/HX711.o
 .debug_aranges
                0x0000000000000098       0xc8 ./Core/Src/TM1638/TM1638.o
 .debug_aranges
                0x0000000000000160       0x40 ./Core/Src/main.o
 .debug_aranges
                0x00000000000001a0       0x30 ./Core/Src/stm32f1xx_hal_msp.o
 .debug_aranges
                0x00000000000001d0       0x68 ./Core/Src/stm32f1xx_it.o
 .debug_aranges
                0x0000000000000238       0x28 ./Core/Src/system_stm32f1xx.o
 .debug_aranges
                0x0000000000000260       0x28 ./Core/Startup/startup_stm32f103rbtx.o
 .debug_aranges
                0x0000000000000288       0xe0 ./Drivers/STM32F1xx_HAL_Driver/Src/stm32f1xx_hal.o
 .debug_aranges
                0x0000000000000368      0x100 ./Drivers/STM32F1xx_HAL_Driver/Src/stm32f1xx_hal_cortex.o
 .debug_aranges
                0x0000000000000468       0x58 ./Drivers/STM32F1xx_HAL_Driver/Src/stm32f1xx_hal_gpio.o
 .debug_aranges
                0x00000000000004c0       0x90 ./Drivers/STM32F1xx_HAL_Driver/Src/stm32f1xx_hal_rcc.o
 .debug_aranges
                0x0000000000000550      0x200 ./Drivers/STM32F1xx_HAL_Driver/Src/stm32f1xx_hal_uart.o

.debug_ranges   0x0000000000000000      0x6c8
 .debug_ranges  0x0000000000000000       0x88 ./Core/Src/HX711/HX711.o
 .debug_ranges  0x0000000000000088       0xb8 ./Core/Src/TM1638/TM1638.o
 .debug_ranges  0x0000000000000140       0x30 ./Core/Src/main.o
 .debug_ranges  0x0000000000000170       0x20 ./Core/Src/stm32f1xx_hal_msp.o
 .debug_ranges  0x0000000000000190       0x58 ./Core/Src/stm32f1xx_it.o
 .debug_ranges  0x00000000000001e8       0x18 ./Core/Src/system_stm32f1xx.o
 .debug_ranges  0x0000000000000200       0x20 ./Core/Startup/startup_stm32f103rbtx.o
 .debug_ranges  0x0000000000000220       0xd0 ./Drivers/STM32F1xx_HAL_Driver/Src/stm32f1xx_hal.o
 .debug_ranges  0x00000000000002f0       0xf0 ./Drivers/STM32F1xx_HAL_Driver/Src/stm32f1xx_hal_cortex.o
 .debug_ranges  0x00000000000003e0       0x48 ./Drivers/STM32F1xx_HAL_Driver/Src/stm32f1xx_hal_gpio.o
 .debug_ranges  0x0000000000000428       0x80 ./Drivers/STM32F1xx_HAL_Driver/Src/stm32f1xx_hal_rcc.o
 .debug_ranges  0x00000000000004a8      0x220 ./Drivers/STM32F1xx_HAL_Driver/Src/stm32f1xx_hal_uart.o

.debug_macro    0x0000000000000000    0x16242
 .debug_macro   0x0000000000000000      0x1a7 ./Core/Src/HX711/HX711.o
 .debug_macro   0x00000000000001a7      0xa9c ./Core/Src/HX711/HX711.o
 .debug_macro   0x0000000000000c43      0x215 ./Core/Src/HX711/HX711.o
 .debug_macro   0x0000000000000e58       0x2e ./Core/Src/HX711/HX711.o
 .debug_macro   0x0000000000000e86       0x22 ./Core/Src/HX711/HX711.o
 .debug_macro   0x0000000000000ea8       0x22 ./Core/Src/HX711/HX711.o
 .debug_macro   0x0000000000000eca       0x8e ./Core/Src/HX711/HX711.o
 .debug_macro   0x0000000000000f58       0x51 ./Core/Src/HX711/HX711.o
 .debug_macro   0x0000000000000fa9      0x103 ./Core/Src/HX711/HX711.o
 .debug_macro   0x00000000000010ac       0x6a ./Core/Src/HX711/HX711.o
 .debug_macro   0x0000000000001116      0x1df ./Core/Src/HX711/HX711.o
 .debug_macro   0x00000000000012f5       0x1c ./Core/Src/HX711/HX711.o
 .debug_macro   0x0000000000001311       0x22 ./Core/Src/HX711/HX711.o
 .debug_macro   0x0000000000001333       0xc3 ./Core/Src/HX711/HX711.o
 .debug_macro   0x00000000000013f6      0xd23 ./Core/Src/HX711/HX711.o
 .debug_macro   0x0000000000002119     0xe09e ./Core/Src/HX711/HX711.o
 .debug_macro   0x00000000000101b7       0x6d ./Core/Src/HX711/HX711.o
 .debug_macro   0x0000000000010224     0x3468 ./Core/Src/HX711/HX711.o
 .debug_macro   0x000000000001368c      0x174 ./Core/Src/HX711/HX711.o
 .debug_macro   0x0000000000013800       0x5c ./Core/Src/HX711/HX711.o
 .debug_macro   0x000000000001385c      0x5be ./Core/Src/HX711/HX711.o
 .debug_macro   0x0000000000013e1a      0x289 ./Core/Src/HX711/HX711.o
 .debug_macro   0x00000000000140a3      0x1cb ./Core/Src/HX711/HX711.o
 .debug_macro   0x000000000001426e      0x114 ./Core/Src/HX711/HX711.o
 .debug_macro   0x0000000000014382      0x1b2 ./Core/Src/HX711/HX711.o
 .debug_macro   0x0000000000014534       0x27 ./Core/Src/HX711/HX711.o
 .debug_macro   0x000000000001455b      0x136 ./Core/Src/HX711/HX711.o
 .debug_macro   0x0000000000014691      0x1bc ./Core/Src/HX711/HX711.o
 .debug_macro   0x000000000001484d       0x34 ./Core/Src/HX711/HX711.o
 .debug_macro   0x0000000000014881       0x3c ./Core/Src/HX711/HX711.o
 .debug_macro   0x00000000000148bd       0x57 ./Core/Src/HX711/HX711.o
 .debug_macro   0x0000000000014914       0x88 ./Core/Src/HX711/HX711.o
 .debug_macro   0x000000000001499c      0x241 ./Core/Src/HX711/HX711.o
 .debug_macro   0x0000000000014bdd      0x141 ./Core/Src/HX711/HX711.o
 .debug_macro   0x0000000000014d1e      0x279 ./Core/Src/HX711/HX711.o
 .debug_macro   0x0000000000014f97       0x83 ./Core/Src/HX711/HX711.o
 .debug_macro   0x000000000001501a       0x9a ./Core/Src/HX711/HX711.o
 .debug_macro   0x00000000000150b4      0x2a3 ./Core/Src/TM1638/TM1638.o
 .debug_macro   0x0000000000015357      0x1b1 ./Core/Src/main.o
 .debug_macro   0x0000000000015508      0x19d ./Core/Src/stm32f1xx_hal_msp.o
 .debug_macro   0x00000000000156a5      0x1a7 ./Core/Src/stm32f1xx_it.o
 .debug_macro   0x000000000001584c      0x18e ./Core/Src/system_stm32f1xx.o
 .debug_macro   0x00000000000159da      0x1b2 ./Drivers/STM32F1xx_HAL_Driver/Src/stm32f1xx_hal.o
 .debug_macro   0x0000000000015b8c      0x18e ./Drivers/STM32F1xx_HAL_Driver/Src/stm32f1xx_hal_cortex.o
 .debug_macro   0x0000000000015d1a      0x1f9 ./Drivers/STM32F1xx_HAL_Driver/Src/stm32f1xx_hal_gpio.o
 .debug_macro   0x0000000000015f13      0x1a0 ./Drivers/STM32F1xx_HAL_Driver/Src/stm32f1xx_hal_rcc.o
 .debug_macro   0x00000000000160b3      0x18f ./Drivers/STM32F1xx_HAL_Driver/Src/stm32f1xx_hal_uart.o

.debug_line     0x0000000000000000     0x7346
 .debug_line    0x0000000000000000      0x86c ./Core/Src/HX711/HX711.o
 .debug_line    0x000000000000086c      0x9e0 ./Core/Src/TM1638/TM1638.o
 .debug_line    0x000000000000124c      0x7b2 ./Core/Src/main.o
 .debug_line    0x00000000000019fe      0x696 ./Core/Src/stm32f1xx_hal_msp.o
 .debug_line    0x0000000000002094      0x726 ./Core/Src/stm32f1xx_it.o
 .debug_line    0x00000000000027ba      0x6ca ./Core/Src/system_stm32f1xx.o
 .debug_line    0x0000000000002e84       0x87 ./Core/Startup/startup_stm32f103rbtx.o
 .debug_line    0x0000000000002f0b      0x8f7 ./Drivers/STM32F1xx_HAL_Driver/Src/stm32f1xx_hal.o
 .debug_line    0x0000000000003802      0xadf ./Drivers/STM32F1xx_HAL_Driver/Src/stm32f1xx_hal_cortex.o
 .debug_line    0x00000000000042e1      0x98e ./Drivers/STM32F1xx_HAL_Driver/Src/stm32f1xx_hal_gpio.o
 .debug_line    0x0000000000004c6f      0xd05 ./Drivers/STM32F1xx_HAL_Driver/Src/stm32f1xx_hal_rcc.o
 .debug_line    0x0000000000005974     0x19d2 ./Drivers/STM32F1xx_HAL_Driver/Src/stm32f1xx_hal_uart.o

.debug_str      0x0000000000000000    0x7f317
 .debug_str     0x0000000000000000    0x7c895 ./Core/Src/HX711/HX711.o
                                      0x7cc0f (size before relaxing)
 .debug_str     0x000000000007c895      0xf76 ./Core/Src/TM1638/TM1638.o
                                      0x7d9f0 (size before relaxing)
 .debug_str     0x000000000007d80b      0x7c7 ./Core/Src/main.o
                                      0x7d3cf (size before relaxing)
 .debug_str     0x000000000007dfd2       0x84 ./Core/Src/stm32f1xx_hal_msp.o
                                      0x7ce78 (size before relaxing)
 .debug_str     0x000000000007e056       0xd2 ./Core/Src/stm32f1xx_it.o
                                      0x7ca91 (size before relaxing)
 .debug_str     0x000000000007e128       0x52 ./Core/Src/system_stm32f1xx.o
                                      0x7c7fd (size before relaxing)
 .debug_str     0x000000000007e17a       0x36 ./Core/Startup/startup_stm32f103rbtx.o
                                         0x5a (size before relaxing)
 .debug_str     0x000000000007e1b0      0x304 ./Drivers/STM32F1xx_HAL_Driver/Src/stm32f1xx_hal.o
                                      0x7ce8e (size before relaxing)
 .debug_str     0x000000000007e4b4      0x300 ./Drivers/STM32F1xx_HAL_Driver/Src/stm32f1xx_hal_cortex.o
                                      0x7ce96 (size before relaxing)
 .debug_str     0x000000000007e7b4      0x316 ./Drivers/STM32F1xx_HAL_Driver/Src/stm32f1xx_hal_gpio.o
                                      0x7cbc1 (size before relaxing)
 .debug_str     0x000000000007eaca      0x24f ./Drivers/STM32F1xx_HAL_Driver/Src/stm32f1xx_hal_rcc.o
                                      0x7cbfa (size before relaxing)
 .debug_str     0x000000000007ed19      0x5fe ./Drivers/STM32F1xx_HAL_Driver/Src/stm32f1xx_hal_uart.o
                                      0x7d1ec (size before relaxing)

.comment        0x0000000000000000       0x53
 .comment       0x0000000000000000       0x53 ./Core/Src/HX711/HX711.o
                                         0x54 (size before relaxing)
 .comment       0x0000000000000053       0x54 ./Core/Src/TM1638/TM1638.o
 .comment       0x0000000000000053       0x54 ./Core/Src/main.o
 .comment       0x0000000000000053       0x54 ./Core/Src/stm32f1xx_hal_msp.o
 .comment       0x0000000000000053       0x54 ./Core/Src/stm32f1xx_it.o
 .comment       0x0000000000000053       0x54 ./Core/Src/system_stm32f1xx.o
 .comment       0x0000000000000053       0x54 ./Drivers/STM32F1xx_HAL_Driver/Src/stm32f1xx_hal.o
 .comment       0x0000000000000053       0x54 ./Drivers/STM32F1xx_HAL_Driver/Src/stm32f1xx_hal_cortex.o
 .comment       0x0000000000000053       0x54 ./Drivers/STM32F1xx_HAL_Driver/Src/stm32f1xx_hal_gpio.o
 .comment       0x0000000000000053       0x54 ./Drivers/STM32F1xx_HAL_Driver/Src/stm32f1xx_hal_rcc.o
 .comment       0x0000000000000053       0x54 ./Drivers/STM32F1xx_HAL_Driver/Src/stm32f1xx_hal_uart.o

.debug_frame    0x0000000000000000     0x1d04
 .debug_frame   0x0000000000000000      0x210 ./Core/Src/HX711/HX711.o
 .debug_frame   0x0000000000000210      0x304 ./Core/Src/TM1638/TM1638.o
 .debug_frame   0x0000000000000514       0xb4 ./Core/Src/main.o
 .debug_frame   0x00000000000005c8       0x80 ./Core/Src/stm32f1xx_hal_msp.o
 .debug_frame   0x0000000000000648      0x120 ./Core/Src/stm32f1xx_it.o
 .debug_frame   0x0000000000000768       0x58 ./Core/Src/system_stm32f1xx.o
 .debug_frame   0x00000000000007c0      0x334 ./Drivers/STM32F1xx_HAL_Driver/Src/stm32f1xx_hal.o
 .debug_frame   0x0000000000000af4      0x428 ./Drivers/STM32F1xx_HAL_Driver/Src/stm32f1xx_hal_cortex.o
 .debug_frame   0x0000000000000f1c      0x14c ./Drivers/STM32F1xx_HAL_Driver/Src/stm32f1xx_hal_gpio.o
 .debug_frame   0x0000000000001068      0x21c ./Drivers/STM32F1xx_HAL_Driver/Src/stm32f1xx_hal_rcc.o
 .debug_frame   0x0000000000001284      0x914 ./Drivers/STM32F1xx_HAL_Driver/Src/stm32f1xx_hal_uart.o
 .debug_frame   0x0000000000001b98       0x2c c:/programs/stm32cubeide/stm32cubeide/plugins/com.st.stm32cube.ide.mcu.externaltools.gnu-tools-for-stm32.9-2020-q2-update.win32_2.0.0.202105311346/tools/bin/../lib/gcc/arm-none-eabi/9.3.1/../../../../arm-none-eabi/lib/thumb/v7-m/nofp\libc_nano.a(lib_a-init.o)
 .debug_frame   0x0000000000001bc4       0x20 c:/programs/stm32cubeide/stm32cubeide/plugins/com.st.stm32cube.ide.mcu.externaltools.gnu-tools-for-stm32.9-2020-q2-update.win32_2.0.0.202105311346/tools/bin/../lib/gcc/arm-none-eabi/9.3.1/../../../../arm-none-eabi/lib/thumb/v7-m/nofp\libc_nano.a(lib_a-memset.o)
 .debug_frame   0x0000000000001be4       0xac c:/programs/stm32cubeide/stm32cubeide/plugins/com.st.stm32cube.ide.mcu.externaltools.gnu-tools-for-stm32.9-2020-q2-update.win32_2.0.0.202105311346/tools/bin/../lib/gcc/arm-none-eabi/9.3.1/thumb/v7-m/nofp\libgcc.a(_arm_addsubdf3.o)
 .debug_frame   0x0000000000001c90       0x50 c:/programs/stm32cubeide/stm32cubeide/plugins/com.st.stm32cube.ide.mcu.externaltools.gnu-tools-for-stm32.9-2020-q2-update.win32_2.0.0.202105311346/tools/bin/../lib/gcc/arm-none-eabi/9.3.1/thumb/v7-m/nofp\libgcc.a(_arm_muldivdf3.o)
 .debug_frame   0x0000000000001ce0       0x24 c:/programs/stm32cubeide/stm32cubeide/plugins/com.st.stm32cube.ide.mcu.externaltools.gnu-tools-for-stm32.9-2020-q2-update.win32_2.0.0.202105311346/tools/bin/../lib/gcc/arm-none-eabi/9.3.1/thumb/v7-m/nofp\libgcc.a(_arm_fixdfsi.o)
